Archive member included because of file (symbol)

.\CortexM0\ARM_GCC_493\Debug\Auto Shut-OFF_SOIC16.a(cyfitter_cfg.o)
                              .\CortexM0\ARM_GCC_493\Debug\Cm0Start.o (cyfitter_cfg)
.\CortexM0\ARM_GCC_493\Debug\Auto Shut-OFF_SOIC16.a(PUSH_BUTTON_INPUT.o)
                              .\CortexM0\ARM_GCC_493\Debug\main.o (PUSH_BUTTON_INPUT_Read)
.\CortexM0\ARM_GCC_493\Debug\Auto Shut-OFF_SOIC16.a(SUPPLY_ENABLE.o)
                              .\CortexM0\ARM_GCC_493\Debug\main.o (SUPPLY_ENABLE_Write)
.\CortexM0\ARM_GCC_493\Debug\Auto Shut-OFF_SOIC16.a(PWM.o)
                              .\CortexM0\ARM_GCC_493\Debug\main.o (PWM_WriteCompare)
.\CortexM0\ARM_GCC_493\Debug\Auto Shut-OFF_SOIC16.a(PWM_CLOCK.o)
                              .\CortexM0\ARM_GCC_493\Debug\main.o (PWM_CLOCK_StartEx)
.\CortexM0\ARM_GCC_493\Debug\Auto Shut-OFF_SOIC16.a(PWM_isr.o)
                              .\CortexM0\ARM_GCC_493\Debug\main.o (PWM_isr_GetState)
.\CortexM0\ARM_GCC_493\Debug\Auto Shut-OFF_SOIC16.a(Push_Button_isr.o)
                              .\CortexM0\ARM_GCC_493\Debug\main.o (Push_Button_isr_StartEx)
.\CortexM0\ARM_GCC_493\Debug\Auto Shut-OFF_SOIC16.a(Mode.o)
                              .\CortexM0\ARM_GCC_493\Debug\main.o (Mode_Read)
.\CortexM0\ARM_GCC_493\Debug\Auto Shut-OFF_SOIC16.a(B.o)
                              .\CortexM0\ARM_GCC_493\Debug\main.o (B_Write)
.\CortexM0\ARM_GCC_493\Debug\Auto Shut-OFF_SOIC16.a(G.o)
                              .\CortexM0\ARM_GCC_493\Debug\main.o (G_Write)
.\CortexM0\ARM_GCC_493\Debug\Auto Shut-OFF_SOIC16.a(R.o)
                              .\CortexM0\ARM_GCC_493\Debug\main.o (R_Write)
.\CortexM0\ARM_GCC_493\Debug\Auto Shut-OFF_SOIC16.a(Time_Bit_0.o)
                              .\CortexM0\ARM_GCC_493\Debug\main.o (Time_Bit_0_Read)
.\CortexM0\ARM_GCC_493\Debug\Auto Shut-OFF_SOIC16.a(Time_Bit_1.o)
                              .\CortexM0\ARM_GCC_493\Debug\main.o (Time_Bit_1_Read)
.\CortexM0\ARM_GCC_493\Debug\Auto Shut-OFF_SOIC16.a(Time_Bit_2.o)
                              .\CortexM0\ARM_GCC_493\Debug\main.o (Time_Bit_2_Read)
.\CortexM0\ARM_GCC_493\Debug\Auto Shut-OFF_SOIC16.a(Time_Bit_3.o)
                              .\CortexM0\ARM_GCC_493\Debug\main.o (Time_Bit_3_Read)
.\CortexM0\ARM_GCC_493\Debug\Auto Shut-OFF_SOIC16.a(CyBootAsmGnu.o)
                              .\CortexM0\ARM_GCC_493\Debug\Auto Shut-OFF_SOIC16.a(PWM.o) (CyEnterCriticalSection)
.\CortexM0\ARM_GCC_493\Debug\Auto Shut-OFF_SOIC16.a(CyLib.o)
                              .\CortexM0\ARM_GCC_493\Debug\Cm0Start.o (CyHalt)
.\CortexM0\ARM_GCC_493\Debug\Auto Shut-OFF_SOIC16.a(cyPm.o)
                              .\CortexM0\ARM_GCC_493\Debug\main.o (CySysPmDeepSleep)
.\CortexM0\ARM_GCC_493\Debug\Auto Shut-OFF_SOIC16.a(CyLFClk.o)
                              .\CortexM0\ARM_GCC_493\Debug\Cm0Start.o (CySysWdtDisable)
.\CortexM0\ARM_GCC_493\Debug\Auto Shut-OFF_SOIC16.a(I2C.o)
                              .\CortexM0\ARM_GCC_493\Debug\main.o (I2C_Start)
.\CortexM0\ARM_GCC_493\Debug\Auto Shut-OFF_SOIC16.a(I2C_I2C.o)
                              .\CortexM0\ARM_GCC_493\Debug\Auto Shut-OFF_SOIC16.a(I2C.o) (I2C_I2CInit)
.\CortexM0\ARM_GCC_493\Debug\Auto Shut-OFF_SOIC16.a(I2C_I2C_SLAVE.o)
                              .\CortexM0\ARM_GCC_493\Debug\main.o (I2C_I2CSlaveStatus)
.\CortexM0\ARM_GCC_493\Debug\Auto Shut-OFF_SOIC16.a(I2C_I2C_INT.o)
                              .\CortexM0\ARM_GCC_493\Debug\Auto Shut-OFF_SOIC16.a(I2C_I2C.o) (I2C_I2C_ISR)
c:/program files (x86)/cypress/psoc creator/3.3/psoc creator/import/gnu/arm/4.9.3/bin/../lib/gcc/arm-none-eabi/4.9.3/armv6-m\libgcc.a(_udivsi3.o)
                              .\CortexM0\ARM_GCC_493\Debug\main.o (__aeabi_uidiv)
c:/program files (x86)/cypress/psoc creator/3.3/psoc creator/import/gnu/arm/4.9.3/bin/../lib/gcc/arm-none-eabi/4.9.3/armv6-m\libgcc.a(_dvmd_tls.o)
                              c:/program files (x86)/cypress/psoc creator/3.3/psoc creator/import/gnu/arm/4.9.3/bin/../lib/gcc/arm-none-eabi/4.9.3/armv6-m\libgcc.a(_udivsi3.o) (__aeabi_idiv0)
c:/program files (x86)/cypress/psoc creator/3.3/psoc creator/import/gnu/arm/4.9.3/bin/../lib/gcc/arm-none-eabi/4.9.3/armv6-m\libgcc.a(_fixunsdfsi.o)
                              .\CortexM0\ARM_GCC_493\Debug\main.o (__aeabi_d2uiz)
c:/program files (x86)/cypress/psoc creator/3.3/psoc creator/import/gnu/arm/4.9.3/bin/../lib/gcc/arm-none-eabi/4.9.3/armv6-m\libgcc.a(adddf3.o)
                              .\CortexM0\ARM_GCC_493\Debug\main.o (__aeabi_dadd)
c:/program files (x86)/cypress/psoc creator/3.3/psoc creator/import/gnu/arm/4.9.3/bin/../lib/gcc/arm-none-eabi/4.9.3/armv6-m\libgcc.a(subdf3.o)
                              c:/program files (x86)/cypress/psoc creator/3.3/psoc creator/import/gnu/arm/4.9.3/bin/../lib/gcc/arm-none-eabi/4.9.3/armv6-m\libgcc.a(_fixunsdfsi.o) (__aeabi_dsub)
[...]
Memory Configuration

Name             Origin             Length             Attributes
rom              0x00000000         0x00004000         xr
ram              0x20000000         0x00000800         xrw
*default*        0x00000000         0xffffffff

Linker script and memory map

LOAD c:/program files (x86)/cypress/psoc creator/3.3/psoc creator/import/gnu/arm/4.9.3/bin/../lib/gcc/arm-none-eabi/4.9.3/armv6-m/crti.o
LOAD c:/program files (x86)/cypress/psoc creator/3.3/psoc creator/import/gnu/arm/4.9.3/bin/../lib/gcc/arm-none-eabi/4.9.3/armv6-m/crtbegin.o
LOAD c:/program files (x86)/cypress/psoc creator/3.3/psoc creator/import/gnu/arm/4.9.3/bin/../lib/gcc/arm-none-eabi/4.9.3/../../../../arm-none-eabi/lib/armv6-m/crt0.o
START GROUP
LOAD .\CortexM0\ARM_GCC_493\Debug\main.o
LOAD .\CortexM0\ARM_GCC_493\Debug\cymetadata.o
LOAD .\CortexM0\ARM_GCC_493\Debug\Cm0Start.o
LOAD .\CortexM0\ARM_GCC_493\Debug\Auto Shut-OFF_SOIC16.a
LOAD C:\Program Files (x86)\Cypress\PSoC Creator\3.3\PSoC Creator\psoc\content\cycomponentlibrary\CyComponentLibrary.cylib\CortexM0\ARM_GCC_493\Debug\CyComponentLibrary.a
END GROUP
START GROUP
LOAD c:/program files (x86)/cypress/psoc creator/3.3/psoc creator/import/gnu/arm/4.9.3/bin/../lib/gcc/arm-none-eabi/4.9.3/armv6-m\libgcc.a
LOAD c:/program files (x86)/cypress/psoc creator/3.3/psoc creator/import/gnu/arm/4.9.3/bin/../lib/gcc/arm-none-eabi/4.9.3/../../../../arm-none-eabi/lib/armv6-m\libg_nano.a
LOAD c:/program files (x86)/cypress/psoc creator/3.3/psoc creator/import/gnu/arm/4.9.3/bin/../lib/gcc/arm-none-eabi/4.9.3/../../../../arm-none-eabi/lib/armv6-m\libc_nano.a
END GROUP
START GROUP
LOAD c:/program files (x86)/cypress/psoc creator/3.3/psoc creator/import/gnu/arm/4.9.3/bin/../lib/gcc/arm-none-eabi/4.9.3/armv6-m\libgcc.a
LOAD c:/program files (x86)/cypress/psoc creator/3.3/psoc creator/import/gnu/arm/4.9.3/bin/../lib/gcc/arm-none-eabi/4.9.3/../../../../arm-none-eabi/lib/armv6-m\libc_nano.a
END GROUP
LOAD c:/program files (x86)/cypress/psoc creator/3.3/psoc creator/import/gnu/arm/4.9.3/bin/../lib/gcc/arm-none-eabi/4.9.3/armv6-m/crtend.o
LOAD c:/program files (x86)/cypress/psoc creator/3.3/psoc creator/import/gnu/arm/4.9.3/bin/../lib/gcc/arm-none-eabi/4.9.3/armv6-m/crtn.o
START GROUP
LOAD c:/program files (x86)/cypress/psoc creator/3.3/psoc creator/import/gnu/arm/4.9.3/bin/../lib/gcc/arm-none-eabi/4.9.3/armv6-m\libgcc.a
LOAD c:/program files (x86)/cypress/psoc creator/3.3/psoc creator/import/gnu/arm/4.9.3/bin/../lib/gcc/arm-none-eabi/4.9.3/../../../../arm-none-eabi/lib/armv6-m\libc.a
LOAD c:/program files (x86)/cypress/psoc creator/3.3/psoc creator/import/gnu/arm/4.9.3/bin/../lib/gcc/arm-none-eabi/4.9.3/../../../../arm-none-eabi/lib/armv6-m\libnosys.a
END GROUP
                0x00000000                CY_APPL_ORIGIN = 0x0
                0x00000040                CY_FLASH_ROW_SIZE = 0x40
                0x00000001                CY_APPL_NUM = 0x1
                0x00000001                CY_APPL_MAX = 0x1
                0x00000040                CY_METADATA_SIZE = 0x40
                0x00000000                CY_APPL_LOADABLE = 0x0
                0x00000000                CY_CHECKSUM_EXCLUDE_SIZE = ALIGN (0x0, CY_FLASH_ROW_SIZE)
                0x00000000                CY_APP_FOR_STACK_AND_COPIER = 0x0
                0x200001e0                PROVIDE (__cy_heap_start, _end)
                0x00000001                PROVIDE (__cy_region_num, ((__cy_regions_end - __cy_regions) / 0x10))
                0x20000800                PROVIDE (__cy_stack, (ORIGIN (ram) + 0x800))
                0x20000600                PROVIDE (__cy_heap_end, (__cy_stack - 0x200))

.cybootloader   0x00000000        0x0
 *(.cybootloader)
                0x00000000                appl1_start = CY_APPL_ORIGIN?CY_APPL_ORIGIN:ALIGN (CY_FLASH_ROW_SIZE)
                0x00001fc0                appl2_start = (appl1_start + ALIGN ((((0x4000 - appl1_start) - (0x2 * CY_FLASH_ROW_SIZE)) / 0x2), CY_FLASH_ROW_SIZE))
                0x00000000                appl_start = (CY_APPL_NUM == 0x1)?appl1_start:appl2_start
                0x00000001                cy_project_type_bootloader = (appl_start == 0x0)?0x1:0x0
                0x00000000                cy_project_type_app_for_stack_and_copier = (CY_APP_FOR_STACK_AND_COPIER == 0x1)?0x1:0x0

.text           0x00000000     0x25e8
 CREATE_OBJECT_SYMBOLS
                0x00000000                PROVIDE (__cy_interrupt_vector, RomVectors)
 *(.romvectors)
 .romvectors    0x00000000       0x10 .\CortexM0\ARM_GCC_493\Debug\Cm0Start.o
                0x00000000                RomVectors
                0x00000001                ASSERT ((. != __cy_interrupt_vector), No interrupt vector)
                0x00000001                ASSERT (CY_APPL_ORIGIN?(SIZEOF (.cybootloader) <= CY_APPL_ORIGIN):0x1, Wrong image location)
                0x00000010                PROVIDE (__cy_reset, Reset)
 *(.text.Reset)
 .text.Reset    0x00000010        0xc .\CortexM0\ARM_GCC_493\Debug\Cm0Start.o
                0x00000010                Reset
                0x00000001                ASSERT ((. != __cy_reset), No reset code)
 *(.psocinit)
 .psocinit      0x0000001c       0xd4 .\CortexM0\ARM_GCC_493\Debug\Auto Shut-OFF_SOIC16.a(cyfitter_cfg.o)
                0x0000007c                cyfitter_cfg
                0x00000100                . = MAX (., 0x100)
 *fill*         0x000000f0       0x10 
 *(.text .text.* .gnu.linkonce.t.*)
 .text          0x00000100       0x60 c:/program files (x86)/cypress/psoc creator/3.3/psoc creator/import/gnu/arm/4.9.3/bin/../lib/gcc/arm-none-eabi/4.9.3/armv6-m/crtbegin.o
 .text.PWM_isr  0x00000160       0x60 .\CortexM0\ARM_GCC_493\Debug\main.o
                0x00000160                PWM_isr
 .text.Push_Button_isr
                0x000001c0       0x34 .\CortexM0\ARM_GCC_493\Debug\main.o
                0x000001c0                Push_Button_isr
 .text.ExecuteI2CCommand
                0x000001f4      0x17c .\CortexM0\ARM_GCC_493\Debug\main.o
                0x000001f4                ExecuteI2CCommand
 .text.GetTimeBitsValue
                0x00000370       0x94 .\CortexM0\ARM_GCC_493\Debug\main.o
                0x00000370                GetTimeBitsValue
 .text.SetLookUpTable
                0x00000404      0x118 .\CortexM0\ARM_GCC_493\Debug\main.o
                0x00000404                SetLookUpTable
 .text.SetTimerSettings
                0x0000051c       0x54 .\CortexM0\ARM_GCC_493\Debug\main.o
                0x0000051c                SetTimerSettings
 .text.main     0x00000570      0x250 .\CortexM0\ARM_GCC_493\Debug\main.o
                0x00000570                main
 .text.IntDefaultHandler
                0x000007c0        0x4 .\CortexM0\ARM_GCC_493\Debug\Cm0Start.o
                0x000007c0                IntDefaultHandler
 .text.Start_c  0x000007c4       0x48 .\CortexM0\ARM_GCC_493\Debug\Cm0Start.o
                0x000007c4                Start_c
 .text.initialize_psoc
                0x0000080c       0x54 .\CortexM0\ARM_GCC_493\Debug\Cm0Start.o
                0x0000080c                initialize_psoc
 .text.PUSH_BUTTON_INPUT_Read
                0x00000860       0x10 .\CortexM0\ARM_GCC_493\Debug\Auto Shut-OFF_SOIC16.a(PUSH_BUTTON_INPUT.o)
                0x00000860                PUSH_BUTTON_INPUT_Read
 .text.PUSH_BUTTON_INPUT_ClearInterrupt
                0x00000870       0x14 .\CortexM0\ARM_GCC_493\Debug\Auto Shut-OFF_SOIC16.a(PUSH_BUTTON_INPUT.o)
                0x00000870                PUSH_BUTTON_INPUT_ClearInterrupt
 .text.SUPPLY_ENABLE_Write
                0x00000884       0x18 .\CortexM0\ARM_GCC_493\Debug\Auto Shut-OFF_SOIC16.a(SUPPLY_ENABLE.o)
                0x00000884                SUPPLY_ENABLE_Write
 .text.PWM_WriteCounter
                0x0000089c       0x10 .\CortexM0\ARM_GCC_493\Debug\Auto Shut-OFF_SOIC16.a(PWM.o)
                0x0000089c                PWM_WriteCounter
 .text.PWM_WritePeriod
                0x000008ac       0x10 .\CortexM0\ARM_GCC_493\Debug\Auto Shut-OFF_SOIC16.a(PWM.o)
                0x000008ac                PWM_WritePeriod
 .text.PWM_WriteCompare
                0x000008bc       0x38 .\CortexM0\ARM_GCC_493\Debug\Auto Shut-OFF_SOIC16.a(PWM.o)
                0x000008bc                PWM_WriteCompare
 .text.PWM_TriggerCommand
                0x000008f4       0x1c .\CortexM0\ARM_GCC_493\Debug\Auto Shut-OFF_SOIC16.a(PWM.o)
                0x000008f4                PWM_TriggerCommand
 .text.PWM_Enable
                0x00000910       0x24 .\CortexM0\ARM_GCC_493\Debug\Auto Shut-OFF_SOIC16.a(PWM.o)
                0x00000910                PWM_Enable
 .text.PWM_SetInterruptMode
                0x00000934        0xc .\CortexM0\ARM_GCC_493\Debug\Auto Shut-OFF_SOIC16.a(PWM.o)
                0x00000934                PWM_SetInterruptMode
 .text.PWM_Init
                0x00000940       0x48 .\CortexM0\ARM_GCC_493\Debug\Auto Shut-OFF_SOIC16.a(PWM.o)
                0x00000940                PWM_Init
 .text.PWM_Start
                0x00000988       0x20 .\CortexM0\ARM_GCC_493\Debug\Auto Shut-OFF_SOIC16.a(PWM.o)
                0x00000988                PWM_Start
 .text.PWM_ClearInterrupt
                0x000009a8        0xc .\CortexM0\ARM_GCC_493\Debug\Auto Shut-OFF_SOIC16.a(PWM.o)
                0x000009a8                PWM_ClearInterrupt
 .text.PWM_CLOCK_StartEx
                0x000009b4       0x1c .\CortexM0\ARM_GCC_493\Debug\Auto Shut-OFF_SOIC16.a(PWM_CLOCK.o)
                0x000009b4                PWM_CLOCK_StartEx
 .text.PWM_isr_SetVector
                0x000009d0        0xc .\CortexM0\ARM_GCC_493\Debug\Auto Shut-OFF_SOIC16.a(PWM_isr.o)
                0x000009d0                PWM_isr_SetVector
 .text.PWM_isr_SetPriority
                0x000009dc       0x20 .\CortexM0\ARM_GCC_493\Debug\Auto Shut-OFF_SOIC16.a(PWM_isr.o)
                0x000009dc                PWM_isr_SetPriority
 .text.PWM_isr_Enable
                0x000009fc       0x10 .\CortexM0\ARM_GCC_493\Debug\Auto Shut-OFF_SOIC16.a(PWM_isr.o)
                0x000009fc                PWM_isr_Enable
 .text.PWM_isr_GetState
                0x00000a0c       0x14 .\CortexM0\ARM_GCC_493\Debug\Auto Shut-OFF_SOIC16.a(PWM_isr.o)
                0x00000a0c                PWM_isr_GetState
 .text.PWM_isr_Disable
                0x00000a20       0x10 .\CortexM0\ARM_GCC_493\Debug\Auto Shut-OFF_SOIC16.a(PWM_isr.o)
                0x00000a20                PWM_isr_Disable
 .text.PWM_isr_StartEx
                0x00000a30       0x1c .\CortexM0\ARM_GCC_493\Debug\Auto Shut-OFF_SOIC16.a(PWM_isr.o)
                0x00000a30                PWM_isr_StartEx
 .text.PWM_isr_Stop
                0x00000a4c       0x14 .\CortexM0\ARM_GCC_493\Debug\Auto Shut-OFF_SOIC16.a(PWM_isr.o)
                0x00000a4c                PWM_isr_Stop
 .text.Push_Button_isr_SetVector
                0x00000a60        0xc .\CortexM0\ARM_GCC_493\Debug\Auto Shut-OFF_SOIC16.a(Push_Button_isr.o)
                0x00000a60                Push_Button_isr_SetVector
 .text.Push_Button_isr_SetPriority
                0x00000a6c       0x20 .\CortexM0\ARM_GCC_493\Debug\Auto Shut-OFF_SOIC16.a(Push_Button_isr.o)
                0x00000a6c                Push_Button_isr_SetPriority
 .text.Push_Button_isr_Enable
                0x00000a8c        0xc .\CortexM0\ARM_GCC_493\Debug\Auto Shut-OFF_SOIC16.a(Push_Button_isr.o)
                0x00000a8c                Push_Button_isr_Enable
 .text.Push_Button_isr_Disable
                0x00000a98        0xc .\CortexM0\ARM_GCC_493\Debug\Auto Shut-OFF_SOIC16.a(Push_Button_isr.o)
                0x00000a98                Push_Button_isr_Disable
 .text.Push_Button_isr_StartEx
                0x00000aa4       0x1c .\CortexM0\ARM_GCC_493\Debug\Auto Shut-OFF_SOIC16.a(Push_Button_isr.o)
                0x00000aa4                Push_Button_isr_StartEx
 .text.Mode_Read
                0x00000ac0       0x10 .\CortexM0\ARM_GCC_493\Debug\Auto Shut-OFF_SOIC16.a(Mode.o)
                0x00000ac0                Mode_Read
 .text.B_Write  0x00000ad0       0x18 .\CortexM0\ARM_GCC_493\Debug\Auto Shut-OFF_SOIC16.a(B.o)
                0x00000ad0                B_Write
 .text.G_Write  0x00000ae8       0x18 .\CortexM0\ARM_GCC_493\Debug\Auto Shut-OFF_SOIC16.a(G.o)
                0x00000ae8                G_Write
 .text.R_Write  0x00000b00       0x18 .\CortexM0\ARM_GCC_493\Debug\Auto Shut-OFF_SOIC16.a(R.o)
                0x00000b00                R_Write
 .text.Time_Bit_0_Read
                0x00000b18       0x10 .\CortexM0\ARM_GCC_493\Debug\Auto Shut-OFF_SOIC16.a(Time_Bit_0.o)
                0x00000b18                Time_Bit_0_Read
 .text.Time_Bit_1_Read
                0x00000b28       0x10 .\CortexM0\ARM_GCC_493\Debug\Auto Shut-OFF_SOIC16.a(Time_Bit_1.o)
                0x00000b28                Time_Bit_1_Read
 .text.Time_Bit_2_Read
                0x00000b38       0x10 .\CortexM0\ARM_GCC_493\Debug\Auto Shut-OFF_SOIC16.a(Time_Bit_2.o)
                0x00000b38                Time_Bit_2_Read
 .text.Time_Bit_3_Read
                0x00000b48       0x10 .\CortexM0\ARM_GCC_493\Debug\Auto Shut-OFF_SOIC16.a(Time_Bit_3.o)
                0x00000b48                Time_Bit_3_Read
 .text          0x00000b58       0x28 .\CortexM0\ARM_GCC_493\Debug\Auto Shut-OFF_SOIC16.a(CyBootAsmGnu.o)
                0x00000b58                CyDelayCycles
                0x00000b6c                CyEnterCriticalSection
                0x00000b74                CyExitCriticalSection
 .text.CyIntEnable
                0x00000b80       0x14 .\CortexM0\ARM_GCC_493\Debug\Auto Shut-OFF_SOIC16.a(CyLib.o)
                0x00000b80                CyIntEnable
 .text.CyIntDisable
                0x00000b94       0x14 .\CortexM0\ARM_GCC_493\Debug\Auto Shut-OFF_SOIC16.a(CyLib.o)
                0x00000b94                CyIntDisable
 .text.CyHalt   0x00000ba8        0x4 .\CortexM0\ARM_GCC_493\Debug\Auto Shut-OFF_SOIC16.a(CyLib.o)
                0x00000ba8                CyHalt
 .text.CySysClkWriteImoFreq
                0x00000bac       0xac .\CortexM0\ARM_GCC_493\Debug\Auto Shut-OFF_SOIC16.a(CyLib.o)
                0x00000bac                CySysClkWriteImoFreq
 .text.CyIntSetVector
                0x00000c58       0x24 .\CortexM0\ARM_GCC_493\Debug\Auto Shut-OFF_SOIC16.a(CyLib.o)
                0x00000c58                CyIntSetVector
 .text.CyIntSetPriority
                0x00000c7c       0x4c .\CortexM0\ARM_GCC_493\Debug\Auto Shut-OFF_SOIC16.a(CyLib.o)
                0x00000c7c                CyIntSetPriority
 .text.CyDelayUs
                0x00000cc8       0x14 .\CortexM0\ARM_GCC_493\Debug\Auto Shut-OFF_SOIC16.a(CyLib.o)
                0x00000cc8                CyDelayUs
 .text.CySysPmDeepSleep
                0x00000cdc       0x30 .\CortexM0\ARM_GCC_493\Debug\Auto Shut-OFF_SOIC16.a(cyPm.o)
                0x00000cdc                CySysPmDeepSleep
 .text.CySysWdtDisable
                0x00000d0c       0x10 .\CortexM0\ARM_GCC_493\Debug\Auto Shut-OFF_SOIC16.a(CyLFClk.o)
                0x00000d0c                CySysWdtDisable
 .text.I2C_ScbEnableIntr
                0x00000d1c        0xc .\CortexM0\ARM_GCC_493\Debug\Auto Shut-OFF_SOIC16.a(I2C.o)
 .text.I2C_Init
                0x00000d28        0x8 .\CortexM0\ARM_GCC_493\Debug\Auto Shut-OFF_SOIC16.a(I2C.o)
                0x00000d28                I2C_Init
 .text.I2C_Enable
                0x00000d30       0x18 .\CortexM0\ARM_GCC_493\Debug\Auto Shut-OFF_SOIC16.a(I2C.o)
                0x00000d30                I2C_Enable
 .text.I2C_Start
                0x00000d48       0x20 .\CortexM0\ARM_GCC_493\Debug\Auto Shut-OFF_SOIC16.a(I2C.o)
                0x00000d48                I2C_Start
 .text.I2C_I2CSlaveNackGeneration
                0x00000d68       0x3c .\CortexM0\ARM_GCC_493\Debug\Auto Shut-OFF_SOIC16.a(I2C.o)
                0x00000d68                I2C_I2CSlaveNackGeneration
 .text.I2C_I2CInit
                0x00000da4       0xc4 .\CortexM0\ARM_GCC_493\Debug\Auto Shut-OFF_SOIC16.a(I2C_I2C.o)
                0x00000da4                I2C_I2CInit
 .text.I2C_I2CSlaveStatus
                0x00000e68        0xc .\CortexM0\ARM_GCC_493\Debug\Auto Shut-OFF_SOIC16.a(I2C_I2C_SLAVE.o)
                0x00000e68                I2C_I2CSlaveStatus
 .text.I2C_I2CSlaveClearReadStatus
                0x00000e74       0x28 .\CortexM0\ARM_GCC_493\Debug\Auto Shut-OFF_SOIC16.a(I2C_I2C_SLAVE.o)
                0x00000e74                I2C_I2CSlaveClearReadStatus
 .text.I2C_I2CSlaveClearWriteStatus
                0x00000e9c       0x28 .\CortexM0\ARM_GCC_493\Debug\Auto Shut-OFF_SOIC16.a(I2C_I2C_SLAVE.o)
                0x00000e9c                I2C_I2CSlaveClearWriteStatus
 .text.I2C_I2CSlaveInitReadBuf
                0x00000ec4       0x3c .\CortexM0\ARM_GCC_493\Debug\Auto Shut-OFF_SOIC16.a(I2C_I2C_SLAVE.o)
                0x00000ec4                I2C_I2CSlaveInitReadBuf
 .text.I2C_I2CSlaveInitWriteBuf
                0x00000f00       0x34 .\CortexM0\ARM_GCC_493\Debug\Auto Shut-OFF_SOIC16.a(I2C_I2C_SLAVE.o)
                0x00000f00                I2C_I2CSlaveInitWriteBuf
 .text.I2C_I2CSlaveGetWriteBufSize
                0x00000f34        0xc .\CortexM0\ARM_GCC_493\Debug\Auto Shut-OFF_SOIC16.a(I2C_I2C_SLAVE.o)
                0x00000f34                I2C_I2CSlaveGetWriteBufSize
 .text.I2C_I2CSlaveClearReadBuf
                0x00000f40        0xc .\CortexM0\ARM_GCC_493\Debug\Auto Shut-OFF_SOIC16.a(I2C_I2C_SLAVE.o)
                0x00000f40                I2C_I2CSlaveClearReadBuf
 .text.I2C_I2CSlaveClearWriteBuf
                0x00000f4c        0xc .\CortexM0\ARM_GCC_493\Debug\Auto Shut-OFF_SOIC16.a(I2C_I2C_SLAVE.o)
                0x00000f4c                I2C_I2CSlaveClearWriteBuf
 .text.I2C_I2C_ISR
                0x00000f58      0x3d0 .\CortexM0\ARM_GCC_493\Debug\Auto Shut-OFF_SOIC16.a(I2C_I2C_INT.o)
                0x00000f58                I2C_I2C_ISR
 .text          0x00001328      0x120 c:/program files (x86)/cypress/psoc creator/3.3/psoc creator/import/gnu/arm/4.9.3/bin/../lib/gcc/arm-none-eabi/4.9.3/armv6-m\libgcc.a(_udivsi3.o)
                0x00001328                __aeabi_uidiv
                0x00001328                __udivsi3
                0x00001434                __aeabi_uidivmod
 .text          0x00001448        0x4 c:/program files (x86)/cypress/psoc creator/3.3/psoc creator/import/gnu/arm/4.9.3/bin/../lib/gcc/arm-none-eabi/4.9.3/armv6-m\libgcc.a(_dvmd_tls.o)
                0x00001448                __aeabi_idiv0
                0x00001448                __aeabi_ldiv0
 .text          0x0000144c       0x3c c:/program files (x86)/cypress/psoc creator/3.3/psoc creator/import/gnu/arm/4.9.3/bin/../lib/gcc/arm-none-eabi/4.9.3/armv6-m\libgcc.a(_fixunsdfsi.o)
                0x0000144c                __aeabi_d2uiz
                0x0000144c                __fixunsdfsi
 .text          0x00001488      0x650 c:/program files (x86)/cypress/psoc creator/3.3/psoc creator/import/gnu/arm/4.9.3/bin/../lib/gcc/arm-none-eabi/4.9.3/armv6-m\libgcc.a(adddf3.o)
                0x00001488                __aeabi_dadd
 .text          0x00001ad8      0x6f4 c:/program files (x86)/cypress/psoc creator/3.3/psoc creator/import/gnu/arm/4.9.3/bin/../lib/gcc/arm-none-eabi/4.9.3/armv6-m\libgcc.a(subdf3.o)
                0x00001ad8                __aeabi_dsub
 .text          0x000021cc       0x6c c:/program files (x86)/cypress/psoc creator/3.3/psoc creator/import/gnu/arm/4.9.3/bin/../lib/gcc/arm-none-eabi/4.9.3/armv6-m\libgcc.a(fixdfsi.o)
                0x000021cc                __aeabi_d2iz
 .text          0x00002238       0x78 c:/program files (x86)/cypress/psoc creator/3.3/psoc creator/import/gnu/arm/4.9.3/bin/../lib/gcc/arm-none-eabi/4.9.3/armv6-m\libgcc.a(floatsidf.o)
                0x00002238                __aeabi_i2d
 .text          0x000022b0       0x7c c:/program files (x86)/cypress/psoc creator/3.3/psoc creator/import/gnu/arm/4.9.3/bin/../lib/gcc/arm-none-eabi/4.9.3/armv6-m\libgcc.a(_arm_cmpdf2.o)
                0x000022b0                __aeabi_cdrcmple
                0x000022c0                __aeabi_cdcmple
                0x000022c0                __aeabi_cdcmpeq
                0x000022d0                __aeabi_dcmpeq
                0x000022dc                __aeabi_dcmplt
                0x000022f0                __aeabi_dcmple
                0x00002304                __aeabi_dcmpgt
                0x00002318                __aeabi_dcmpge
 .text          0x0000232c       0x3c c:/program files (x86)/cypress/psoc creator/3.3/psoc creator/import/gnu/arm/4.9.3/bin/../lib/gcc/arm-none-eabi/4.9.3/armv6-m\libgcc.a(_clzsi2.o)
                0x0000232c                __clzsi2
 .text          0x00002368       0x88 c:/program files (x86)/cypress/psoc creator/3.3/psoc creator/import/gnu/arm/4.9.3/bin/../lib/gcc/arm-none-eabi/4.9.3/armv6-m\libgcc.a(eqdf2.o)
                0x00002368                __nedf2
                0x00002368                __eqdf2
 .text          0x000023f0       0xe0 c:/program files (x86)/cypress/psoc creator/3.3/psoc creator/import/gnu/arm/4.9.3/bin/../lib/gcc/arm-none-eabi/4.9.3/armv6-m\libgcc.a(gedf2.o)
                0x000023f0                __gedf2
                0x000023f0                __gtdf2
 .text          0x000024d0       0xcc c:/program files (x86)/cypress/psoc creator/3.3/psoc creator/import/gnu/arm/4.9.3/bin/../lib/gcc/arm-none-eabi/4.9.3/armv6-m\libgcc.a(ledf2.o)
                0x000024d0                __ledf2
                0x000024d0                __ltdf2
 .text.__libc_init_array
                0x0000259c       0x4c c:/program files (x86)/cypress/psoc creator/3.3/psoc creator/import/gnu/arm/4.9.3/bin/../lib/gcc/arm-none-eabi/4.9.3/../../../../arm-none-eabi/lib/armv6-m\libg_nano.a(lib_a-init.o)
                0x0000259c                __libc_init_array
 *(.plt)
 *(.gnu.warning)
 *(.glue_7t)
 .glue_7t       0x00000000        0x0 linker stubs
 *(.glue_7)
 .glue_7        0x00000000        0x0 linker stubs
 *(.vfp11_veneer)
 .vfp11_veneer  0x00000000        0x0 linker stubs
 *(.bootloader)
 *(.ARM.extab* .gnu.linkonce.armextab.*)
 *(.gcc_except_table)

.v4_bx          0x000025e8        0x0
 .v4_bx         0x00000000        0x0 linker stubs

.iplt           0x000025e8        0x0
 .iplt          0x00000000        0x0 c:/program files (x86)/cypress/psoc creator/3.3/psoc creator/import/gnu/arm/4.9.3/bin/../lib/gcc/arm-none-eabi/4.9.3/armv6-m/crtbegin.o

.eh_frame_hdr
 *(.eh_frame_hdr)

.eh_frame       0x000025e8        0x4
 *(.eh_frame)
 .eh_frame      0x000025e8        0x0 c:/program files (x86)/cypress/psoc creator/3.3/psoc creator/import/gnu/arm/4.9.3/bin/../lib/gcc/arm-none-eabi/4.9.3/armv6-m/crtbegin.o
 .eh_frame      0x000025e8        0x4 c:/program files (x86)/cypress/psoc creator/3.3/psoc creator/import/gnu/arm/4.9.3/bin/../lib/gcc/arm-none-eabi/4.9.3/armv6-m/crtend.o
                0x000025ec                PROVIDE (__exidx_start, .)

.ARM.exidx
 *(.ARM.exidx* .gnu.linkonce.armexidx.*)
                0x000025ec                __exidx_end = .

.rodata         0x000025ec       0x7c
 *(.rodata .rodata.* .gnu.linkonce.r.*)
 .rodata        0x000025ec       0x44 .\CortexM0\ARM_GCC_493\Debug\main.o
                0x00002630                . = ALIGN (0x4)
 *(.init)
 .init          0x00002630        0x4 c:/program files (x86)/cypress/psoc creator/3.3/psoc creator/import/gnu/arm/4.9.3/bin/../lib/gcc/arm-none-eabi/4.9.3/armv6-m/crti.o
                0x00002630                _init
 .init          0x00002634        0x8 c:/program files (x86)/cypress/psoc creator/3.3/psoc creator/import/gnu/arm/4.9.3/bin/../lib/gcc/arm-none-eabi/4.9.3/armv6-m/crtn.o
                0x0000263c                . = ALIGN (0x4)
                0x0000263c                __preinit_array_start = .
 *(.preinit_array)
                0x0000263c                __preinit_array_end = .
                0x0000263c                . = ALIGN (0x4)
                0x0000263c                __init_array_start = .
 *(SORT(.init_array.*))
 *(.init_array)
 .init_array    0x0000263c        0x4 c:/program files (x86)/cypress/psoc creator/3.3/psoc creator/import/gnu/arm/4.9.3/bin/../lib/gcc/arm-none-eabi/4.9.3/armv6-m/crtbegin.o
 .init_array    0x00002640        0x4 .\CortexM0\ARM_GCC_493\Debug\Cm0Start.o
                0x00002644                __init_array_end = .
                0x00002644                . = ALIGN (0x4)
 *(.fini)
 .fini          0x00002644        0x4 c:/program files (x86)/cypress/psoc creator/3.3/psoc creator/import/gnu/arm/4.9.3/bin/../lib/gcc/arm-none-eabi/4.9.3/armv6-m/crti.o
                0x00002644                _fini
 .fini          0x00002648        0x8 c:/program files (x86)/cypress/psoc creator/3.3/psoc creator/import/gnu/arm/4.9.3/bin/../lib/gcc/arm-none-eabi/4.9.3/armv6-m/crtn.o
                0x00002650                . = ALIGN (0x4)
                0x00002650                __fini_array_start = .
 *(.fini_array)
 .fini_array    0x00002650        0x4 c:/program files (x86)/cypress/psoc creator/3.3/psoc creator/import/gnu/arm/4.9.3/bin/../lib/gcc/arm-none-eabi/4.9.3/armv6-m/crtbegin.o
 *(SORT(.fini_array.*))
                0x00002654                __fini_array_end = .
                0x00002654                . = ALIGN (0x4)
 *crtbegin.o(.ctors)
 *(EXCLUDE_FILE(*crtend.o) .ctors)
 *(SORT(.ctors.*))
 *crtend.o(.ctors)
                0x00002654                . = ALIGN (0x4)
 *crtbegin.o(.dtors)
 *(EXCLUDE_FILE(*crtend.o) .dtors)
 *(SORT(.dtors.*))
 *crtend.o(.dtors)
                0x00002654                . = ALIGN (0x4)
                0x00002654                __cy_regions = .
                0x00002654        0x4 LONG 0x2668 __cy_region_init_ram
                0x00002658        0x4 LONG 0x20000070 __cy_region_start_data
                0x0000265c        0x4 LONG 0x18 __cy_region_init_size_ram
                0x00002660        0x4 LONG 0x158 __cy_region_zero_size_ram
                0x00002664                __cy_regions_end = .
                0x00002668                . = ALIGN (0x8)
 *fill*         0x00002664        0x4 
                0x00002668                _etext = .

.cy_checksum_exclude
                0x00002668        0x0
 *(.cy_checksum_exclude)

.ramvectors     0x20000000       0x64
                0x20000000                __cy_region_start_ram = .
 *(.ramvectors)
 .ramvectors    0x20000000       0x64 .\CortexM0\ARM_GCC_493\Debug\Cm0Start.o
                0x20000000                CyRamVectors

.noinit         0x20000068        0x4
 *(.noinit)
 .noinit        0x20000068        0x4 .\CortexM0\ARM_GCC_493\Debug\Cm0Start.o

.data           0x20000070       0x18 load address 0x00002668
                0x20000070                __cy_region_start_data = .
 *(.jcr)
 .jcr           0x20000070        0x0 c:/program files (x86)/cypress/psoc creator/3.3/psoc creator/import/gnu/arm/4.9.3/bin/../lib/gcc/arm-none-eabi/4.9.3/armv6-m/crtbegin.o
 .jcr           0x20000070        0x4 c:/program files (x86)/cypress/psoc creator/3.3/psoc creator/import/gnu/arm/4.9.3/bin/../lib/gcc/arm-none-eabi/4.9.3/armv6-m/crtend.o
 *(.got.plt)
 *(.got)
 *(.shdata)
 *(.data .data.* .gnu.linkonce.d.*)
 .data          0x20000074        0x4 .\CortexM0\ARM_GCC_493\Debug\main.o
                0x20000074                i2cReadBuffer
 .data          0x20000078       0x10 .\CortexM0\ARM_GCC_493\Debug\Auto Shut-OFF_SOIC16.a(CyLib.o)
                0x20000078                cydelay32kMs
                0x2000007c                cydelayFreqKhz
                0x20000080                cydelayFreqMhz
                0x20000084                cydelayFreqHz
                0x20000088                . = ALIGN (0x8)
 *(.ram)
                0x20000088                _edata = .

.igot.plt       0x20000088        0x0 load address 0x00002680
 .igot.plt      0x00000000        0x0 c:/program files (x86)/cypress/psoc creator/3.3/psoc creator/import/gnu/arm/4.9.3/bin/../lib/gcc/arm-none-eabi/4.9.3/armv6-m/crtbegin.o

.bss            0x20000088      0x158 load address 0x00002680
                0x20000088                PROVIDE (__bss_start__, .)
 *(.shbss)
 *(.bss .bss.* .gnu.linkonce.b.*)
 .bss           0x20000088       0x1c c:/program files (x86)/cypress/psoc creator/3.3/psoc creator/import/gnu/arm/4.9.3/bin/../lib/gcc/arm-none-eabi/4.9.3/armv6-m/crtbegin.o
 .bss           0x200000a4        0x1 .\CortexM0\ARM_GCC_493\Debug\Auto Shut-OFF_SOIC16.a(PWM.o)
                0x200000a4                PWM_initVar
 *fill*         0x200000a5        0x3 
 .bss           0x200000a8        0x8 .\CortexM0\ARM_GCC_493\Debug\Auto Shut-OFF_SOIC16.a(I2C.o)
                0x200000a8                I2C_initVar
                0x200000ac                I2C_customIntrHandler
 *(COMMON)
 COMMON         0x200000b0      0x104 .\CortexM0\ARM_GCC_493\Debug\main.o
                0x200000b0                OFF_Time_Look_Up_Table
                0x200000f0                i2cWriteBuffer
                0x200000f2                I2C_Status
                0x200000f4                Parameters_Register
                0x20000174                ON_Time_Look_Up_Table
 COMMON         0x200001b4        0x1 .\CortexM0\ARM_GCC_493\Debug\Auto Shut-OFF_SOIC16.a(I2C_I2C.o)
                0x200001b4                I2C_state
 *fill*         0x200001b5        0x3 
 COMMON         0x200001b8       0x21 .\CortexM0\ARM_GCC_493\Debug\Auto Shut-OFF_SOIC16.a(I2C_I2C_SLAVE.o)
                0x200001b8                I2C_slRdBufIndex
                0x200001bc                I2C_slRdBufIndexTmp
                0x200001c0                I2C_slStatus
                0x200001c4                I2C_slWrBufIndex
                0x200001c8                I2C_slRdBufSize
                0x200001cc                I2C_slWrBufSize
                0x200001d0                I2C_slWrBufPtr
                0x200001d4                I2C_slRdBufPtr
                0x200001d8                I2C_slOverFlowCount
                0x200001e0                . = ALIGN (0x8)
 *fill*         0x200001d9        0x7 
 *(.ram.b)
                0x200001e0                _end = .
                0x200001e0                __end = .
                0x200001e0                PROVIDE (end, .)
                0x200001e0                PROVIDE (__bss_end__, .)
                0x00002668                __cy_region_init_ram = LOADADDR (.data)
                0x00000018                __cy_region_init_size_ram = (_edata - ADDR (.data))
                0x00000158                __cy_region_zero_size_ram = (_end - _edata)

.heap           0x200001e0       0x80 load address 0x00002680
                0x200001e0                . = _end
                0x20000260                . = (. + 0x80)
 *fill*         0x200001e0       0x80 
                0x20000260                __cy_heap_limit = .

.stack          0x20000600      0x200
                0x20000600                __cy_stack_limit = .
                0x20000800                . = (. + 0x200)
 *fill*         0x20000600      0x200 
                0x00000001                ASSERT ((__cy_stack_limit >= __cy_heap_limit), region RAM overflowed with stack)
                0x00000000                cy_checksum_exclude_size = (CY_APPL_LOADABLE == 0x1)?SIZEOF (.cy_checksum_exclude):0x0
                0x00000001                ASSERT ((cy_checksum_exclude_size <= CY_CHECKSUM_EXCLUDE_SIZE), CY_BOOT: Section .cy_checksum_exclude size exceedes specified limit.)
                0x00003fc0                cyloadermeta_start = (cy_project_type_bootloader || cy_project_type_app_for_stack_and_copier)?(0x4000 - CY_METADATA_SIZE):0xf0000000

.cyloadermeta
 *(.cyloadermeta)
                0x00003fc0                cyloadablemeta_start = cy_project_type_app_for_stack_and_copier?((0x4000 - CY_FLASH_ROW_SIZE) - CY_METADATA_SIZE):((0x4000 - (CY_FLASH_ROW_SIZE * (CY_APPL_NUM - 0x1))) - CY_METADATA_SIZE)

.cyloadablemeta
 *(.cyloadablemeta)

.cyflashprotect
                0x90400000       0x20
 *(.cyflashprotect)
 .cyflashprotect
                0x90400000       0x20 .\CortexM0\ARM_GCC_493\Debug\cymetadata.o
                0x90400000                cy_meta_flashprotect

.cymeta         0x90500000        0xc
 *(.cymeta)
 .cymeta        0x90500000        0xc .\CortexM0\ARM_GCC_493\Debug\cymetadata.o
                0x90500000                cy_metadata

.cychipprotect  0x90600000        0x4
 *(.cychipprotect)
 .cychipprotect
                0x90600000        0x4 .\CortexM0\ARM_GCC_493\Debug\cymetadata.o
                0x90600000                cy_meta_chipprotect

.rel.dyn        0x00002680        0x0 load address 0x90600004
 .rel.iplt      0x00000000        0x0 c:/program files (x86)/cypress/psoc creator/3.3/psoc creator/import/gnu/arm/4.9.3/bin/../lib/gcc/arm-none-eabi/4.9.3/armv6-m/crtbegin.o

.stab
 *(.stab)

.stabstr
 *(.stabstr)

.debug
 *(.debug)

.line
 *(.line)

.debug_srcinfo
 *(.debug_srcinfo)

.debug_sfnames
 *(.debug_sfnames)

.debug_aranges  0x00000000      0x978
 *(.debug_aranges)
 .debug_aranges
                0x00000000       0x58 .\CortexM0\ARM_GCC_493\Debug\main.o
 .debug_aranges
                0x00000058       0x18 .\CortexM0\ARM_GCC_493\Debug\cymetadata.o
 .debug_aranges
                0x00000070       0x48 .\CortexM0\ARM_GCC_493\Debug\Cm0Start.o
 .debug_aranges
                0x000000b8       0x28 .\CortexM0\ARM_GCC_493\Debug\Auto Shut-OFF_SOIC16.a(cyfitter_cfg.o)
 .debug_aranges
                0x000000e0       0x40 .\CortexM0\ARM_GCC_493\Debug\Auto Shut-OFF_SOIC16.a(PUSH_BUTTON_INPUT.o)
 .debug_aranges
                0x00000120       0x40 .\CortexM0\ARM_GCC_493\Debug\Auto Shut-OFF_SOIC16.a(SUPPLY_ENABLE.o)
 .debug_aranges
                0x00000160      0x158 .\CortexM0\ARM_GCC_493\Debug\Auto Shut-OFF_SOIC16.a(PWM.o)
 .debug_aranges
                0x000002b8       0x40 .\CortexM0\ARM_GCC_493\Debug\Auto Shut-OFF_SOIC16.a(PWM_CLOCK.o)
 .debug_aranges
                0x000002f8       0x80 .\CortexM0\ARM_GCC_493\Debug\Auto Shut-OFF_SOIC16.a(PWM_isr.o)
 .debug_aranges
                0x00000378       0x80 .\CortexM0\ARM_GCC_493\Debug\Auto Shut-OFF_SOIC16.a(Push_Button_isr.o)
 .debug_aranges
                0x000003f8       0x40 .\CortexM0\ARM_GCC_493\Debug\Auto Shut-OFF_SOIC16.a(Mode.o)
 .debug_aranges
                0x00000438       0x40 .\CortexM0\ARM_GCC_493\Debug\Auto Shut-OFF_SOIC16.a(B.o)
 .debug_aranges
                0x00000478       0x40 .\CortexM0\ARM_GCC_493\Debug\Auto Shut-OFF_SOIC16.a(G.o)
 .debug_aranges
                0x000004b8       0x40 .\CortexM0\ARM_GCC_493\Debug\Auto Shut-OFF_SOIC16.a(R.o)
 .debug_aranges
                0x000004f8       0x40 .\CortexM0\ARM_GCC_493\Debug\Auto Shut-OFF_SOIC16.a(Time_Bit_0.o)
 .debug_aranges
                0x00000538       0x40 .\CortexM0\ARM_GCC_493\Debug\Auto Shut-OFF_SOIC16.a(Time_Bit_1.o)
 .debug_aranges
                0x00000578       0x40 .\CortexM0\ARM_GCC_493\Debug\Auto Shut-OFF_SOIC16.a(Time_Bit_2.o)
 .debug_aranges
                0x000005b8       0x40 .\CortexM0\ARM_GCC_493\Debug\Auto Shut-OFF_SOIC16.a(Time_Bit_3.o)
 .debug_aranges
                0x000005f8       0x20 .\CortexM0\ARM_GCC_493\Debug\Auto Shut-OFF_SOIC16.a(CyBootAsmGnu.o)
 .debug_aranges
                0x00000618      0x160 .\CortexM0\ARM_GCC_493\Debug\Auto Shut-OFF_SOIC16.a(CyLib.o)
 .debug_aranges
                0x00000778       0x30 .\CortexM0\ARM_GCC_493\Debug\Auto Shut-OFF_SOIC16.a(cyPm.o)
 .debug_aranges
                0x000007a8       0xb0 .\CortexM0\ARM_GCC_493\Debug\Auto Shut-OFF_SOIC16.a(CyLFClk.o)
 .debug_aranges
                0x00000858       0x68 .\CortexM0\ARM_GCC_493\Debug\Auto Shut-OFF_SOIC16.a(I2C.o)
 .debug_aranges
                0x000008c0       0x28 .\CortexM0\ARM_GCC_493\Debug\Auto Shut-OFF_SOIC16.a(I2C_I2C.o)
 .debug_aranges
                0x000008e8       0x70 .\CortexM0\ARM_GCC_493\Debug\Auto Shut-OFF_SOIC16.a(I2C_I2C_SLAVE.o)
 .debug_aranges
                0x00000958       0x20 .\CortexM0\ARM_GCC_493\Debug\Auto Shut-OFF_SOIC16.a(I2C_I2C_INT.o)

.debug_pubnames
 *(.debug_pubnames)

.debug_info     0x00000000     0x44ba
 *(.debug_info .gnu.linkonce.wi.*)
 .debug_info    0x00000000      0x839 .\CortexM0\ARM_GCC_493\Debug\main.o
 .debug_info    0x00000839       0xfe .\CortexM0\ARM_GCC_493\Debug\cymetadata.o
 .debug_info    0x00000937      0x39c .\CortexM0\ARM_GCC_493\Debug\Cm0Start.o
 .debug_info    0x00000cd3       0xf6 .\CortexM0\ARM_GCC_493\Debug\Auto Shut-OFF_SOIC16.a(cyfitter_cfg.o)
 .debug_info    0x00000dc9      0x152 .\CortexM0\ARM_GCC_493\Debug\Auto Shut-OFF_SOIC16.a(PUSH_BUTTON_INPUT.o)
 .debug_info    0x00000f1b      0x152 .\CortexM0\ARM_GCC_493\Debug\Auto Shut-OFF_SOIC16.a(SUPPLY_ENABLE.o)
 .debug_info    0x0000106d      0x96c .\CortexM0\ARM_GCC_493\Debug\Auto Shut-OFF_SOIC16.a(PWM.o)
 .debug_info    0x000019d9      0x166 .\CortexM0\ARM_GCC_493\Debug\Auto Shut-OFF_SOIC16.a(PWM_CLOCK.o)
 .debug_info    0x00001b3f      0x300 .\CortexM0\ARM_GCC_493\Debug\Auto Shut-OFF_SOIC16.a(PWM_isr.o)
 .debug_info    0x00001e3f      0x300 .\CortexM0\ARM_GCC_493\Debug\Auto Shut-OFF_SOIC16.a(Push_Button_isr.o)
 .debug_info    0x0000213f      0x152 .\CortexM0\ARM_GCC_493\Debug\Auto Shut-OFF_SOIC16.a(Mode.o)
 .debug_info    0x00002291      0x152 .\CortexM0\ARM_GCC_493\Debug\Auto Shut-OFF_SOIC16.a(B.o)
 .debug_info    0x000023e3      0x152 .\CortexM0\ARM_GCC_493\Debug\Auto Shut-OFF_SOIC16.a(G.o)
 .debug_info    0x00002535      0x152 .\CortexM0\ARM_GCC_493\Debug\Auto Shut-OFF_SOIC16.a(R.o)
 .debug_info    0x00002687      0x152 .\CortexM0\ARM_GCC_493\Debug\Auto Shut-OFF_SOIC16.a(Time_Bit_0.o)
 .debug_info    0x000027d9      0x152 .\CortexM0\ARM_GCC_493\Debug\Auto Shut-OFF_SOIC16.a(Time_Bit_1.o)
 .debug_info    0x0000292b      0x152 .\CortexM0\ARM_GCC_493\Debug\Auto Shut-OFF_SOIC16.a(Time_Bit_2.o)
 .debug_info    0x00002a7d      0x150 .\CortexM0\ARM_GCC_493\Debug\Auto Shut-OFF_SOIC16.a(Time_Bit_3.o)
 .debug_info    0x00002bcd       0xd6 .\CortexM0\ARM_GCC_493\Debug\Auto Shut-OFF_SOIC16.a(CyBootAsmGnu.o)
 .debug_info    0x00002ca3      0xa0f .\CortexM0\ARM_GCC_493\Debug\Auto Shut-OFF_SOIC16.a(CyLib.o)
 .debug_info    0x000036b2      0x17b .\CortexM0\ARM_GCC_493\Debug\Auto Shut-OFF_SOIC16.a(cyPm.o)
 .debug_info    0x0000382d      0x327 .\CortexM0\ARM_GCC_493\Debug\Auto Shut-OFF_SOIC16.a(CyLFClk.o)
 .debug_info    0x00003b54      0x2a9 .\CortexM0\ARM_GCC_493\Debug\Auto Shut-OFF_SOIC16.a(I2C.o)
 .debug_info    0x00003dfd      0x1a5 .\CortexM0\ARM_GCC_493\Debug\Auto Shut-OFF_SOIC16.a(I2C_I2C.o)
 .debug_info    0x00003fa2      0x38b .\CortexM0\ARM_GCC_493\Debug\Auto Shut-OFF_SOIC16.a(I2C_I2C_SLAVE.o)
 .debug_info    0x0000432d      0x18d .\CortexM0\ARM_GCC_493\Debug\Auto Shut-OFF_SOIC16.a(I2C_I2C_INT.o)

.debug_abbrev   0x00000000     0x197d
 *(.debug_abbrev)
 .debug_abbrev  0x00000000      0x1ac .\CortexM0\ARM_GCC_493\Debug\main.o
 .debug_abbrev  0x000001ac       0x5d .\CortexM0\ARM_GCC_493\Debug\cymetadata.o
 .debug_abbrev  0x00000209      0x1fe .\CortexM0\ARM_GCC_493\Debug\Cm0Start.o
 .debug_abbrev  0x00000407       0xaa .\CortexM0\ARM_GCC_493\Debug\Auto Shut-OFF_SOIC16.a(cyfitter_cfg.o)
 .debug_abbrev  0x000004b1       0xaa .\CortexM0\ARM_GCC_493\Debug\Auto Shut-OFF_SOIC16.a(PUSH_BUTTON_INPUT.o)
 .debug_abbrev  0x0000055b       0xaa .\CortexM0\ARM_GCC_493\Debug\Auto Shut-OFF_SOIC16.a(SUPPLY_ENABLE.o)
 .debug_abbrev  0x00000605      0x14f .\CortexM0\ARM_GCC_493\Debug\Auto Shut-OFF_SOIC16.a(PWM.o)
 .debug_abbrev  0x00000754       0xb7 .\CortexM0\ARM_GCC_493\Debug\Auto Shut-OFF_SOIC16.a(PWM_CLOCK.o)
 .debug_abbrev  0x0000080b      0x1b4 .\CortexM0\ARM_GCC_493\Debug\Auto Shut-OFF_SOIC16.a(PWM_isr.o)
 .debug_abbrev  0x000009bf      0x1b4 .\CortexM0\ARM_GCC_493\Debug\Auto Shut-OFF_SOIC16.a(Push_Button_isr.o)
 .debug_abbrev  0x00000b73       0xaa .\CortexM0\ARM_GCC_493\Debug\Auto Shut-OFF_SOIC16.a(Mode.o)
 .debug_abbrev  0x00000c1d       0xaa .\CortexM0\ARM_GCC_493\Debug\Auto Shut-OFF_SOIC16.a(B.o)
 .debug_abbrev  0x00000cc7       0xaa .\CortexM0\ARM_GCC_493\Debug\Auto Shut-OFF_SOIC16.a(G.o)
 .debug_abbrev  0x00000d71       0xaa .\CortexM0\ARM_GCC_493\Debug\Auto Shut-OFF_SOIC16.a(R.o)
 .debug_abbrev  0x00000e1b       0xaa .\CortexM0\ARM_GCC_493\Debug\Auto Shut-OFF_SOIC16.a(Time_Bit_0.o)
 .debug_abbrev  0x00000ec5       0xaa .\CortexM0\ARM_GCC_493\Debug\Auto Shut-OFF_SOIC16.a(Time_Bit_1.o)
 .debug_abbrev  0x00000f6f       0xaa .\CortexM0\ARM_GCC_493\Debug\Auto Shut-OFF_SOIC16.a(Time_Bit_2.o)
 .debug_abbrev  0x00001019       0xb9 .\CortexM0\ARM_GCC_493\Debug\Auto Shut-OFF_SOIC16.a(Time_Bit_3.o)
 .debug_abbrev  0x000010d2       0x14 .\CortexM0\ARM_GCC_493\Debug\Auto Shut-OFF_SOIC16.a(CyBootAsmGnu.o)
 .debug_abbrev  0x000010e6      0x206 .\CortexM0\ARM_GCC_493\Debug\Auto Shut-OFF_SOIC16.a(CyLib.o)
 .debug_abbrev  0x000012ec       0xc6 .\CortexM0\ARM_GCC_493\Debug\Auto Shut-OFF_SOIC16.a(cyPm.o)
 .debug_abbrev  0x000013b2      0x169 .\CortexM0\ARM_GCC_493\Debug\Auto Shut-OFF_SOIC16.a(CyLFClk.o)
 .debug_abbrev  0x0000151b      0x15b .\CortexM0\ARM_GCC_493\Debug\Auto Shut-OFF_SOIC16.a(I2C.o)
 .debug_abbrev  0x00001676       0xf3 .\CortexM0\ARM_GCC_493\Debug\Auto Shut-OFF_SOIC16.a(I2C_I2C.o)
 .debug_abbrev  0x00001769      0x170 .\CortexM0\ARM_GCC_493\Debug\Auto Shut-OFF_SOIC16.a(I2C_I2C_SLAVE.o)
 .debug_abbrev  0x000018d9       0xa4 .\CortexM0\ARM_GCC_493\Debug\Auto Shut-OFF_SOIC16.a(I2C_I2C_INT.o)

.debug_line     0x00000000     0x20b7
 *(.debug_line)
 .debug_line    0x00000000      0x38f .\CortexM0\ARM_GCC_493\Debug\main.o
 .debug_line    0x0000038f       0x53 .\CortexM0\ARM_GCC_493\Debug\cymetadata.o
 .debug_line    0x000003e2      0x257 .\CortexM0\ARM_GCC_493\Debug\Cm0Start.o
 .debug_line    0x00000639       0x8c .\CortexM0\ARM_GCC_493\Debug\Auto Shut-OFF_SOIC16.a(cyfitter_cfg.o)
 .debug_line    0x000006c5       0xb7 .\CortexM0\ARM_GCC_493\Debug\Auto Shut-OFF_SOIC16.a(PUSH_BUTTON_INPUT.o)
 .debug_line    0x0000077c       0xb3 .\CortexM0\ARM_GCC_493\Debug\Auto Shut-OFF_SOIC16.a(SUPPLY_ENABLE.o)
 .debug_line    0x0000082f      0x3c6 .\CortexM0\ARM_GCC_493\Debug\Auto Shut-OFF_SOIC16.a(PWM.o)
 .debug_line    0x00000bf5       0xd7 .\CortexM0\ARM_GCC_493\Debug\Auto Shut-OFF_SOIC16.a(PWM_CLOCK.o)
 .debug_line    0x00000ccc      0x16c .\CortexM0\ARM_GCC_493\Debug\Auto Shut-OFF_SOIC16.a(PWM_isr.o)
 .debug_line    0x00000e38      0x170 .\CortexM0\ARM_GCC_493\Debug\Auto Shut-OFF_SOIC16.a(Push_Button_isr.o)
 .debug_line    0x00000fa8       0xaa .\CortexM0\ARM_GCC_493\Debug\Auto Shut-OFF_SOIC16.a(Mode.o)
 .debug_line    0x00001052       0xa7 .\CortexM0\ARM_GCC_493\Debug\Auto Shut-OFF_SOIC16.a(B.o)
 .debug_line    0x000010f9       0xa7 .\CortexM0\ARM_GCC_493\Debug\Auto Shut-OFF_SOIC16.a(G.o)
 .debug_line    0x000011a0       0xa7 .\CortexM0\ARM_GCC_493\Debug\Auto Shut-OFF_SOIC16.a(R.o)
 .debug_line    0x00001247       0xb0 .\CortexM0\ARM_GCC_493\Debug\Auto Shut-OFF_SOIC16.a(Time_Bit_0.o)
 .debug_line    0x000012f7       0xb0 .\CortexM0\ARM_GCC_493\Debug\Auto Shut-OFF_SOIC16.a(Time_Bit_1.o)
 .debug_line    0x000013a7       0xb0 .\CortexM0\ARM_GCC_493\Debug\Auto Shut-OFF_SOIC16.a(Time_Bit_2.o)
 .debug_line    0x00001457       0xaf .\CortexM0\ARM_GCC_493\Debug\Auto Shut-OFF_SOIC16.a(Time_Bit_3.o)
 .debug_line    0x00001506       0x6b .\CortexM0\ARM_GCC_493\Debug\Auto Shut-OFF_SOIC16.a(CyBootAsmGnu.o)
 .debug_line    0x00001571      0x404 .\CortexM0\ARM_GCC_493\Debug\Auto Shut-OFF_SOIC16.a(CyLib.o)
 .debug_line    0x00001975       0x9a .\CortexM0\ARM_GCC_493\Debug\Auto Shut-OFF_SOIC16.a(cyPm.o)
 .debug_line    0x00001a0f      0x1f5 .\CortexM0\ARM_GCC_493\Debug\Auto Shut-OFF_SOIC16.a(CyLFClk.o)
 .debug_line    0x00001c04      0x15c .\CortexM0\ARM_GCC_493\Debug\Auto Shut-OFF_SOIC16.a(I2C.o)
 .debug_line    0x00001d60       0xbe .\CortexM0\ARM_GCC_493\Debug\Auto Shut-OFF_SOIC16.a(I2C_I2C.o)
 .debug_line    0x00001e1e      0x155 .\CortexM0\ARM_GCC_493\Debug\Auto Shut-OFF_SOIC16.a(I2C_I2C_SLAVE.o)
 .debug_line    0x00001f73      0x144 .\CortexM0\ARM_GCC_493\Debug\Auto Shut-OFF_SOIC16.a(I2C_I2C_INT.o)

.debug_frame    0x00000000     0x15b8
 *(.debug_frame)
 .debug_frame   0x00000000       0xf0 .\CortexM0\ARM_GCC_493\Debug\main.o
 .debug_frame   0x000000f0       0xb0 .\CortexM0\ARM_GCC_493\Debug\Cm0Start.o
 .debug_frame   0x000001a0       0x48 .\CortexM0\ARM_GCC_493\Debug\Auto Shut-OFF_SOIC16.a(cyfitter_cfg.o)
 .debug_frame   0x000001e8       0x60 .\CortexM0\ARM_GCC_493\Debug\Auto Shut-OFF_SOIC16.a(PUSH_BUTTON_INPUT.o)
 .debug_frame   0x00000248       0x60 .\CortexM0\ARM_GCC_493\Debug\Auto Shut-OFF_SOIC16.a(SUPPLY_ENABLE.o)
 .debug_frame   0x000002a8      0x390 .\CortexM0\ARM_GCC_493\Debug\Auto Shut-OFF_SOIC16.a(PWM.o)
 .debug_frame   0x00000638       0x6c .\CortexM0\ARM_GCC_493\Debug\Auto Shut-OFF_SOIC16.a(PWM_CLOCK.o)
 .debug_frame   0x000006a4      0x110 .\CortexM0\ARM_GCC_493\Debug\Auto Shut-OFF_SOIC16.a(PWM_isr.o)
 .debug_frame   0x000007b4      0x110 .\CortexM0\ARM_GCC_493\Debug\Auto Shut-OFF_SOIC16.a(Push_Button_isr.o)
 .debug_frame   0x000008c4       0x60 .\CortexM0\ARM_GCC_493\Debug\Auto Shut-OFF_SOIC16.a(Mode.o)
 .debug_frame   0x00000924       0x60 .\CortexM0\ARM_GCC_493\Debug\Auto Shut-OFF_SOIC16.a(B.o)
 .debug_frame   0x00000984       0x60 .\CortexM0\ARM_GCC_493\Debug\Auto Shut-OFF_SOIC16.a(G.o)
 .debug_frame   0x000009e4       0x60 .\CortexM0\ARM_GCC_493\Debug\Auto Shut-OFF_SOIC16.a(R.o)
 .debug_frame   0x00000a44       0x60 .\CortexM0\ARM_GCC_493\Debug\Auto Shut-OFF_SOIC16.a(Time_Bit_0.o)
 .debug_frame   0x00000aa4       0x60 .\CortexM0\ARM_GCC_493\Debug\Auto Shut-OFF_SOIC16.a(Time_Bit_1.o)
 .debug_frame   0x00000b04       0x60 .\CortexM0\ARM_GCC_493\Debug\Auto Shut-OFF_SOIC16.a(Time_Bit_2.o)
 .debug_frame   0x00000b64       0x60 .\CortexM0\ARM_GCC_493\Debug\Auto Shut-OFF_SOIC16.a(Time_Bit_3.o)
 .debug_frame   0x00000bc4      0x394 .\CortexM0\ARM_GCC_493\Debug\Auto Shut-OFF_SOIC16.a(CyLib.o)
 .debug_frame   0x00000f58       0x58 .\CortexM0\ARM_GCC_493\Debug\Auto Shut-OFF_SOIC16.a(cyPm.o)
 .debug_frame   0x00000fb0      0x15c .\CortexM0\ARM_GCC_493\Debug\Auto Shut-OFF_SOIC16.a(CyLFClk.o)
 .debug_frame   0x0000110c       0xf8 .\CortexM0\ARM_GCC_493\Debug\Auto Shut-OFF_SOIC16.a(I2C.o)
 .debug_frame   0x00001204       0x3c .\CortexM0\ARM_GCC_493\Debug\Auto Shut-OFF_SOIC16.a(I2C_I2C.o)
 .debug_frame   0x00001240       0xf8 .\CortexM0\ARM_GCC_493\Debug\Auto Shut-OFF_SOIC16.a(I2C_I2C_SLAVE.o)
 .debug_frame   0x00001338       0x2c .\CortexM0\ARM_GCC_493\Debug\Auto Shut-OFF_SOIC16.a(I2C_I2C_INT.o)
 .debug_frame   0x00001364       0x20 c:/program files (x86)/cypress/psoc creator/3.3/psoc creator/import/gnu/arm/4.9.3/bin/../lib/gcc/arm-none-eabi/4.9.3/armv6-m\libgcc.a(_udivsi3.o)
 .debug_frame   0x00001384       0x2c c:/program files (x86)/cypress/psoc creator/3.3/psoc creator/import/gnu/arm/4.9.3/bin/../lib/gcc/arm-none-eabi/4.9.3/armv6-m\libgcc.a(_fixunsdfsi.o)
 .debug_frame   0x000013b0       0x38 c:/program files (x86)/cypress/psoc creator/3.3/psoc creator/import/gnu/arm/4.9.3/bin/../lib/gcc/arm-none-eabi/4.9.3/armv6-m\libgcc.a(adddf3.o)
 .debug_frame   0x000013e8       0x3c c:/program files (x86)/cypress/psoc creator/3.3/psoc creator/import/gnu/arm/4.9.3/bin/../lib/gcc/arm-none-eabi/4.9.3/armv6-m\libgcc.a(subdf3.o)
 .debug_frame   0x00001424       0x2c c:/program files (x86)/cypress/psoc creator/3.3/psoc creator/import/gnu/arm/4.9.3/bin/../lib/gcc/arm-none-eabi/4.9.3/armv6-m\libgcc.a(fixdfsi.o)
 .debug_frame   0x00001450       0x2c c:/program files (x86)/cypress/psoc creator/3.3/psoc creator/import/gnu/arm/4.9.3/bin/../lib/gcc/arm-none-eabi/4.9.3/armv6-m\libgcc.a(floatsidf.o)
 .debug_frame   0x0000147c       0x38 c:/program files (x86)/cypress/psoc creator/3.3/psoc creator/import/gnu/arm/4.9.3/bin/../lib/gcc/arm-none-eabi/4.9.3/armv6-m\libgcc.a(eqdf2.o)
 .debug_frame   0x000014b4       0x38 c:/program files (x86)/cypress/psoc creator/3.3/psoc creator/import/gnu/arm/4.9.3/bin/../lib/gcc/arm-none-eabi/4.9.3/armv6-m\libgcc.a(gedf2.o)
 .debug_frame   0x000014ec       0x38 c:/program files (x86)/cypress/psoc creator/3.3/psoc creator/import/gnu/arm/4.9.3/bin/../lib/gcc/arm-none-eabi/4.9.3/armv6-m\libgcc.a(ledf2.o)
 .debug_frame   0x00001524       0x20 c:/program files (x86)/cypress/psoc creator/3.3/psoc creator/import/gnu/arm/4.9.3/bin/../lib/gcc/arm-none-eabi/4.9.3/../../../../arm-none-eabi/lib/armv6-m\libg_nano.a(lib_a-errno.o)
 .debug_frame   0x00001544       0x28 c:/program files (x86)/cypress/psoc creator/3.3/psoc creator/import/gnu/arm/4.9.3/bin/../lib/gcc/arm-none-eabi/4.9.3/../../../../arm-none-eabi/lib/armv6-m\libg_nano.a(lib_a-exit.o)
 .debug_frame   0x0000156c       0x2c c:/program files (x86)/cypress/psoc creator/3.3/psoc creator/import/gnu/arm/4.9.3/bin/../lib/gcc/arm-none-eabi/4.9.3/../../../../arm-none-eabi/lib/armv6-m\libg_nano.a(lib_a-init.o)
 .debug_frame   0x00001598       0x20 c:/program files (x86)/cypress/psoc creator/3.3/psoc creator/import/gnu/arm/4.9.3/bin/../lib/gcc/arm-none-eabi/4.9.3/../../../../arm-none-eabi/lib/armv6-m\libg_nano.a(lib_a-memset.o)

.debug_str      0x00000000     0x1b87
 *(.debug_str)
 .debug_str     0x00000000      0x4d8 .\CortexM0\ARM_GCC_493\Debug\main.o
                                0x51f (size before relaxing)
 .debug_str     0x000004d8       0x5b .\CortexM0\ARM_GCC_493\Debug\cymetadata.o
                                0x214 (size before relaxing)
 .debug_str     0x00000533      0x15f .\CortexM0\ARM_GCC_493\Debug\Cm0Start.o
                                0x34b (size before relaxing)
 .debug_str     0x00000692       0x48 .\CortexM0\ARM_GCC_493\Debug\Auto Shut-OFF_SOIC16.a(cyfitter_cfg.o)
                                0x215 (size before relaxing)
 .debug_str     0x000006da       0x9a .\CortexM0\ARM_GCC_493\Debug\Auto Shut-OFF_SOIC16.a(PUSH_BUTTON_INPUT.o)
                                0x295 (size before relaxing)
 .debug_str     0x00000774       0x8e .\CortexM0\ARM_GCC_493\Debug\Auto Shut-OFF_SOIC16.a(SUPPLY_ENABLE.o)
                                0x27d (size before relaxing)
 .debug_str     0x00000802      0x3ab .\CortexM0\ARM_GCC_493\Debug\Auto Shut-OFF_SOIC16.a(PWM.o)
                                0x5aa (size before relaxing)
 .debug_str     0x00000bad       0xcc .\CortexM0\ARM_GCC_493\Debug\Auto Shut-OFF_SOIC16.a(PWM_CLOCK.o)
                                0x2a9 (size before relaxing)
 .debug_str     0x00000c79       0xfd .\CortexM0\ARM_GCC_493\Debug\Auto Shut-OFF_SOIC16.a(PWM_isr.o)
                                0x340 (size before relaxing)
 .debug_str     0x00000d76      0x15c .\CortexM0\ARM_GCC_493\Debug\Auto Shut-OFF_SOIC16.a(Push_Button_isr.o)
                                0x3b0 (size before relaxing)
 .debug_str     0x00000ed2       0x62 .\CortexM0\ARM_GCC_493\Debug\Auto Shut-OFF_SOIC16.a(Mode.o)
                                0x247 (size before relaxing)
 .debug_str     0x00000f34       0x52 .\CortexM0\ARM_GCC_493\Debug\Auto Shut-OFF_SOIC16.a(B.o)
                                0x235 (size before relaxing)
 .debug_str     0x00000f86       0x52 .\CortexM0\ARM_GCC_493\Debug\Auto Shut-OFF_SOIC16.a(G.o)
                                0x235 (size before relaxing)
 .debug_str     0x00000fd8       0x52 .\CortexM0\ARM_GCC_493\Debug\Auto Shut-OFF_SOIC16.a(R.o)
                                0x235 (size before relaxing)
 .debug_str     0x0000102a       0x80 .\CortexM0\ARM_GCC_493\Debug\Auto Shut-OFF_SOIC16.a(Time_Bit_0.o)
                                0x26b (size before relaxing)
 .debug_str     0x000010aa       0x80 .\CortexM0\ARM_GCC_493\Debug\Auto Shut-OFF_SOIC16.a(Time_Bit_1.o)
                                0x26b (size before relaxing)
 .debug_str     0x0000112a       0x80 .\CortexM0\ARM_GCC_493\Debug\Auto Shut-OFF_SOIC16.a(Time_Bit_2.o)
                                0x26b (size before relaxing)
 .debug_str     0x000011aa       0x80 .\CortexM0\ARM_GCC_493\Debug\Auto Shut-OFF_SOIC16.a(Time_Bit_3.o)
                                0x26b (size before relaxing)
 .debug_str     0x0000122a      0x3eb .\CortexM0\ARM_GCC_493\Debug\Auto Shut-OFF_SOIC16.a(CyLib.o)
                                0x643 (size before relaxing)
 .debug_str     0x00001615       0x5d .\CortexM0\ARM_GCC_493\Debug\Auto Shut-OFF_SOIC16.a(cyPm.o)
                                0x277 (size before relaxing)
 .debug_str     0x00001672      0x253 .\CortexM0\ARM_GCC_493\Debug\Auto Shut-OFF_SOIC16.a(CyLFClk.o)
                                0x447 (size before relaxing)
 .debug_str     0x000018c5      0x118 .\CortexM0\ARM_GCC_493\Debug\Auto Shut-OFF_SOIC16.a(I2C.o)
                                0x313 (size before relaxing)
 .debug_str     0x000019dd       0x70 .\CortexM0\ARM_GCC_493\Debug\Auto Shut-OFF_SOIC16.a(I2C_I2C.o)
                                0x288 (size before relaxing)
 .debug_str     0x00001a4d       0xf1 .\CortexM0\ARM_GCC_493\Debug\Auto Shut-OFF_SOIC16.a(I2C_I2C_SLAVE.o)
                                0x3ee (size before relaxing)
 .debug_str     0x00001b3e       0x49 .\CortexM0\ARM_GCC_493\Debug\Auto Shut-OFF_SOIC16.a(I2C_I2C_INT.o)
                                0x2ec (size before relaxing)

.debug_loc      0x00000000     0x1b3a
 *(.debug_loc)
 .debug_loc     0x00000000      0x3ad .\CortexM0\ARM_GCC_493\Debug\main.o
 .debug_loc     0x000003ad      0x14f .\CortexM0\ARM_GCC_493\Debug\Cm0Start.o
 .debug_loc     0x000004fc       0x81 .\CortexM0\ARM_GCC_493\Debug\Auto Shut-OFF_SOIC16.a(PUSH_BUTTON_INPUT.o)
 .debug_loc     0x0000057d       0x81 .\CortexM0\ARM_GCC_493\Debug\Auto Shut-OFF_SOIC16.a(SUPPLY_ENABLE.o)
 .debug_loc     0x000005fe      0x5b3 .\CortexM0\ARM_GCC_493\Debug\Auto Shut-OFF_SOIC16.a(PWM.o)
 .debug_loc     0x00000bb1       0x76 .\CortexM0\ARM_GCC_493\Debug\Auto Shut-OFF_SOIC16.a(PWM_CLOCK.o)
 .debug_loc     0x00000c27       0x82 .\CortexM0\ARM_GCC_493\Debug\Auto Shut-OFF_SOIC16.a(PWM_isr.o)
 .debug_loc     0x00000ca9       0x82 .\CortexM0\ARM_GCC_493\Debug\Auto Shut-OFF_SOIC16.a(Push_Button_isr.o)
 .debug_loc     0x00000d2b       0x81 .\CortexM0\ARM_GCC_493\Debug\Auto Shut-OFF_SOIC16.a(Mode.o)
 .debug_loc     0x00000dac       0x81 .\CortexM0\ARM_GCC_493\Debug\Auto Shut-OFF_SOIC16.a(B.o)
 .debug_loc     0x00000e2d       0x81 .\CortexM0\ARM_GCC_493\Debug\Auto Shut-OFF_SOIC16.a(G.o)
 .debug_loc     0x00000eae       0x81 .\CortexM0\ARM_GCC_493\Debug\Auto Shut-OFF_SOIC16.a(R.o)
 .debug_loc     0x00000f2f       0x81 .\CortexM0\ARM_GCC_493\Debug\Auto Shut-OFF_SOIC16.a(Time_Bit_0.o)
 .debug_loc     0x00000fb0       0x81 .\CortexM0\ARM_GCC_493\Debug\Auto Shut-OFF_SOIC16.a(Time_Bit_1.o)
 .debug_loc     0x00001031       0x81 .\CortexM0\ARM_GCC_493\Debug\Auto Shut-OFF_SOIC16.a(Time_Bit_2.o)
 .debug_loc     0x000010b2       0x60 .\CortexM0\ARM_GCC_493\Debug\Auto Shut-OFF_SOIC16.a(Time_Bit_3.o)
 .debug_loc     0x00001112      0x4ec .\CortexM0\ARM_GCC_493\Debug\Auto Shut-OFF_SOIC16.a(CyLib.o)
 .debug_loc     0x000015fe       0x47 .\CortexM0\ARM_GCC_493\Debug\Auto Shut-OFF_SOIC16.a(cyPm.o)
 .debug_loc     0x00001645      0x260 .\CortexM0\ARM_GCC_493\Debug\Auto Shut-OFF_SOIC16.a(CyLFClk.o)
 .debug_loc     0x000018a5       0x7e .\CortexM0\ARM_GCC_493\Debug\Auto Shut-OFF_SOIC16.a(I2C.o)
 .debug_loc     0x00001923      0x175 .\CortexM0\ARM_GCC_493\Debug\Auto Shut-OFF_SOIC16.a(I2C_I2C_SLAVE.o)
 .debug_loc     0x00001a98       0xa2 .\CortexM0\ARM_GCC_493\Debug\Auto Shut-OFF_SOIC16.a(I2C_I2C_INT.o)

.debug_macinfo
 *(.debug_macinfo)

.debug_ranges   0x00000000      0x7c0
 *(.debug_ranges)
 .debug_ranges  0x00000000       0x48 .\CortexM0\ARM_GCC_493\Debug\main.o
 .debug_ranges  0x00000048       0x38 .\CortexM0\ARM_GCC_493\Debug\Cm0Start.o
 .debug_ranges  0x00000080       0x18 .\CortexM0\ARM_GCC_493\Debug\Auto Shut-OFF_SOIC16.a(cyfitter_cfg.o)
 .debug_ranges  0x00000098       0x30 .\CortexM0\ARM_GCC_493\Debug\Auto Shut-OFF_SOIC16.a(PUSH_BUTTON_INPUT.o)
 .debug_ranges  0x000000c8       0x30 .\CortexM0\ARM_GCC_493\Debug\Auto Shut-OFF_SOIC16.a(SUPPLY_ENABLE.o)
 .debug_ranges  0x000000f8      0x148 .\CortexM0\ARM_GCC_493\Debug\Auto Shut-OFF_SOIC16.a(PWM.o)
 .debug_ranges  0x00000240       0x30 .\CortexM0\ARM_GCC_493\Debug\Auto Shut-OFF_SOIC16.a(PWM_CLOCK.o)
 .debug_ranges  0x00000270       0x70 .\CortexM0\ARM_GCC_493\Debug\Auto Shut-OFF_SOIC16.a(PWM_isr.o)
 .debug_ranges  0x000002e0       0x70 .\CortexM0\ARM_GCC_493\Debug\Auto Shut-OFF_SOIC16.a(Push_Button_isr.o)
 .debug_ranges  0x00000350       0x30 .\CortexM0\ARM_GCC_493\Debug\Auto Shut-OFF_SOIC16.a(Mode.o)
 .debug_ranges  0x00000380       0x30 .\CortexM0\ARM_GCC_493\Debug\Auto Shut-OFF_SOIC16.a(B.o)
 .debug_ranges  0x000003b0       0x30 .\CortexM0\ARM_GCC_493\Debug\Auto Shut-OFF_SOIC16.a(G.o)
 .debug_ranges  0x000003e0       0x30 .\CortexM0\ARM_GCC_493\Debug\Auto Shut-OFF_SOIC16.a(R.o)
 .debug_ranges  0x00000410       0x30 .\CortexM0\ARM_GCC_493\Debug\Auto Shut-OFF_SOIC16.a(Time_Bit_0.o)
 .debug_ranges  0x00000440       0x30 .\CortexM0\ARM_GCC_493\Debug\Auto Shut-OFF_SOIC16.a(Time_Bit_1.o)
 .debug_ranges  0x00000470       0x30 .\CortexM0\ARM_GCC_493\Debug\Auto Shut-OFF_SOIC16.a(Time_Bit_2.o)
 .debug_ranges  0x000004a0       0x30 .\CortexM0\ARM_GCC_493\Debug\Auto Shut-OFF_SOIC16.a(Time_Bit_3.o)
 .debug_ranges  0x000004d0      0x150 .\CortexM0\ARM_GCC_493\Debug\Auto Shut-OFF_SOIC16.a(CyLib.o)
 .debug_ranges  0x00000620       0x20 .\CortexM0\ARM_GCC_493\Debug\Auto Shut-OFF_SOIC16.a(cyPm.o)
 .debug_ranges  0x00000640       0xa0 .\CortexM0\ARM_GCC_493\Debug\Auto Shut-OFF_SOIC16.a(CyLFClk.o)
 .debug_ranges  0x000006e0       0x58 .\CortexM0\ARM_GCC_493\Debug\Auto Shut-OFF_SOIC16.a(I2C.o)
 .debug_ranges  0x00000738       0x18 .\CortexM0\ARM_GCC_493\Debug\Auto Shut-OFF_SOIC16.a(I2C_I2C.o)
 .debug_ranges  0x00000750       0x60 .\CortexM0\ARM_GCC_493\Debug\Auto Shut-OFF_SOIC16.a(I2C_I2C_SLAVE.o)
 .debug_ranges  0x000007b0       0x10 .\CortexM0\ARM_GCC_493\Debug\Auto Shut-OFF_SOIC16.a(I2C_I2C_INT.o)

.comment        0x00000000       0x70
 .comment       0x00000000       0x70 .\CortexM0\ARM_GCC_493\Debug\main.o
                                 0x71 (size before relaxing)
 .comment       0x00000000       0x71 .\CortexM0\ARM_GCC_493\Debug\cymetadata.o
 .comment       0x00000000       0x71 .\CortexM0\ARM_GCC_493\Debug\Cm0Start.o
 .comment       0x00000000       0x71 .\CortexM0\ARM_GCC_493\Debug\Auto Shut-OFF_SOIC16.a(cyfitter_cfg.o)
 .comment       0x00000000       0x71 .\CortexM0\ARM_GCC_493\Debug\Auto Shut-OFF_SOIC16.a(PUSH_BUTTON_INPUT.o)
 .comment       0x00000000       0x71 .\CortexM0\ARM_GCC_493\Debug\Auto Shut-OFF_SOIC16.a(SUPPLY_ENABLE.o)
 .comment       0x00000000       0x71 .\CortexM0\ARM_GCC_493\Debug\Auto Shut-OFF_SOIC16.a(PWM.o)
 .comment       0x00000000       0x71 .\CortexM0\ARM_GCC_493\Debug\Auto Shut-OFF_SOIC16.a(PWM_CLOCK.o)
 .comment       0x00000000       0x71 .\CortexM0\ARM_GCC_493\Debug\Auto Shut-OFF_SOIC16.a(PWM_isr.o)
 .comment       0x00000000       0x71 .\CortexM0\ARM_GCC_493\Debug\Auto Shut-OFF_SOIC16.a(Push_Button_isr.o)
 .comment       0x00000000       0x71 .\CortexM0\ARM_GCC_493\Debug\Auto Shut-OFF_SOIC16.a(Mode.o)
 .comment       0x00000000       0x71 .\CortexM0\ARM_GCC_493\Debug\Auto Shut-OFF_SOIC16.a(B.o)
 .comment       0x00000000       0x71 .\CortexM0\ARM_GCC_493\Debug\Auto Shut-OFF_SOIC16.a(G.o)
 .comment       0x00000000       0x71 .\CortexM0\ARM_GCC_493\Debug\Auto Shut-OFF_SOIC16.a(R.o)
 .comment       0x00000000       0x71 .\CortexM0\ARM_GCC_493\Debug\Auto Shut-OFF_SOIC16.a(Time_Bit_0.o)
 .comment       0x00000000       0x71 .\CortexM0\ARM_GCC_493\Debug\Auto Shut-OFF_SOIC16.a(Time_Bit_1.o)
 .comment       0x00000000       0x71 .\CortexM0\ARM_GCC_493\Debug\Auto Shut-OFF_SOIC16.a(Time_Bit_2.o)
 .comment       0x00000000       0x71 .\CortexM0\ARM_GCC_493\Debug\Auto Shut-OFF_SOIC16.a(Time_Bit_3.o)
 .comment       0x00000000       0x71 .\CortexM0\ARM_GCC_493\Debug\Auto Shut-OFF_SOIC16.a(CyLib.o)
 .comment       0x00000000       0x71 .\CortexM0\ARM_GCC_493\Debug\Auto Shut-OFF_SOIC16.a(cyPm.o)
 .comment       0x00000000       0x71 .\CortexM0\ARM_GCC_493\Debug\Auto Shut-OFF_SOIC16.a(CyLFClk.o)
 .comment       0x00000000       0x71 .\CortexM0\ARM_GCC_493\Debug\Auto Shut-OFF_SOIC16.a(I2C.o)
 .comment       0x00000000       0x71 .\CortexM0\ARM_GCC_493\Debug\Auto Shut-OFF_SOIC16.a(I2C_I2C.o)
 .comment       0x00000000       0x71 .\CortexM0\ARM_GCC_493\Debug\Auto Shut-OFF_SOIC16.a(I2C_I2C_SLAVE.o)
 .comment       0x00000000       0x71 .\CortexM0\ARM_GCC_493\Debug\Auto Shut-OFF_SOIC16.a(I2C_I2C_INT.o)

.debug_weaknames
 *(.debug_weaknames)

.debug_funcnames
 *(.debug_funcnames)

.debug_typenames
 *(.debug_typenames)

.debug_varnames
 *(.debug_varnames)

.note.gnu.arm.ident
 *(.note.gnu.arm.ident)

.ARM.attributes
                0x00000000       0x28
 *(.ARM.attributes)
 .ARM.attributes
                0x00000000       0x1e c:/program files (x86)/cypress/psoc creator/3.3/psoc creator/import/gnu/arm/4.9.3/bin/../lib/gcc/arm-none-eabi/4.9.3/armv6-m/crti.o
 .ARM.attributes
                0x0000001e       0x2c c:/program files (x86)/cypress/psoc creator/3.3/psoc creator/import/gnu/arm/4.9.3/bin/../lib/gcc/arm-none-eabi/4.9.3/armv6-m/crtbegin.o
 .ARM.attributes
                0x0000004a       0x1b c:/program files (x86)/cypress/psoc creator/3.3/psoc creator/import/gnu/arm/4.9.3/bin/../lib/gcc/arm-none-eabi/4.9.3/../../../../arm-none-eabi/lib/armv6-m/crt0.o
 .ARM.attributes
                0x00000065       0x31 .\CortexM0\ARM_GCC_493\Debug\main.o
 .ARM.attributes
                0x00000096       0x31 .\CortexM0\ARM_GCC_493\Debug\cymetadata.o
 .ARM.attributes
                0x000000c7       0x31 .\CortexM0\ARM_GCC_493\Debug\Cm0Start.o
 .ARM.attributes
                0x000000f8       0x31 .\CortexM0\ARM_GCC_493\Debug\Auto Shut-OFF_SOIC16.a(cyfitter_cfg.o)
 .ARM.attributes
                0x00000129       0x31 .\CortexM0\ARM_GCC_493\Debug\Auto Shut-OFF_SOIC16.a(PUSH_BUTTON_INPUT.o)
 .ARM.attributes
                0x0000015a       0x31 .\CortexM0\ARM_GCC_493\Debug\Auto Shut-OFF_SOIC16.a(SUPPLY_ENABLE.o)
 .ARM.attributes
                0x0000018b       0x31 .\CortexM0\ARM_GCC_493\Debug\Auto Shut-OFF_SOIC16.a(PWM.o)
 .ARM.attributes
                0x000001bc       0x31 .\CortexM0\ARM_GCC_493\Debug\Auto Shut-OFF_SOIC16.a(PWM_CLOCK.o)
 .ARM.attributes
                0x000001ed       0x31 .\CortexM0\ARM_GCC_493\Debug\Auto Shut-OFF_SOIC16.a(PWM_isr.o)
 .ARM.attributes
                0x0000021e       0x31 .\CortexM0\ARM_GCC_493\Debug\Auto Shut-OFF_SOIC16.a(Push_Button_isr.o)
 .ARM.attributes
                0x0000024f       0x31 .\CortexM0\ARM_GCC_493\Debug\Auto Shut-OFF_SOIC16.a(Mode.o)
 .ARM.attributes
                0x00000280       0x31 .\CortexM0\ARM_GCC_493\Debug\Auto Shut-OFF_SOIC16.a(B.o)
 .ARM.attributes
                0x000002b1       0x31 .\CortexM0\ARM_GCC_493\Debug\Auto Shut-OFF_SOIC16.a(G.o)
 .ARM.attributes
                0x000002e2       0x31 .\CortexM0\ARM_GCC_493\Debug\Auto Shut-OFF_SOIC16.a(R.o)
 .ARM.attributes
                0x00000313       0x31 .\CortexM0\ARM_GCC_493\Debug\Auto Shut-OFF_SOIC16.a(Time_Bit_0.o)
 .ARM.attributes
                0x00000344       0x31 .\CortexM0\ARM_GCC_493\Debug\Auto Shut-OFF_SOIC16.a(Time_Bit_1.o)
 .ARM.attributes
                0x00000375       0x31 .\CortexM0\ARM_GCC_493\Debug\Auto Shut-OFF_SOIC16.a(Time_Bit_2.o)
 .ARM.attributes
                0x000003a6       0x31 .\CortexM0\ARM_GCC_493\Debug\Auto Shut-OFF_SOIC16.a(Time_Bit_3.o)
 .ARM.attributes
                0x000003d7       0x21 .\CortexM0\ARM_GCC_493\Debug\Auto Shut-OFF_SOIC16.a(CyBootAsmGnu.o)
 .ARM.attributes
                0x000003f8       0x31 .\CortexM0\ARM_GCC_493\Debug\Auto Shut-OFF_SOIC16.a(CyLib.o)
 .ARM.attributes
                0x00000429       0x31 .\CortexM0\ARM_GCC_493\Debug\Auto Shut-OFF_SOIC16.a(cyPm.o)
 .ARM.attributes
                0x0000045a       0x31 .\CortexM0\ARM_GCC_493\Debug\Auto Shut-OFF_SOIC16.a(CyLFClk.o)
 .ARM.attributes
                0x0000048b       0x31 .\CortexM0\ARM_GCC_493\Debug\Auto Shut-OFF_SOIC16.a(I2C.o)
 .ARM.attributes
                0x000004bc       0x31 .\CortexM0\ARM_GCC_493\Debug\Auto Shut-OFF_SOIC16.a(I2C_I2C.o)
 .ARM.attributes
                0x000004ed       0x31 .\CortexM0\ARM_GCC_493\Debug\Auto Shut-OFF_SOIC16.a(I2C_I2C_SLAVE.o)
 .ARM.attributes
                0x0000051e       0x31 .\CortexM0\ARM_GCC_493\Debug\Auto Shut-OFF_SOIC16.a(I2C_I2C_INT.o)
 .ARM.attributes
                0x0000054f       0x1e c:/program files (x86)/cypress/psoc creator/3.3/psoc creator/import/gnu/arm/4.9.3/bin/../lib/gcc/arm-none-eabi/4.9.3/armv6-m\libgcc.a(_udivsi3.o)
 .ARM.attributes
                0x0000056d       0x1e c:/program files (x86)/cypress/psoc creator/3.3/psoc creator/import/gnu/arm/4.9.3/bin/../lib/gcc/arm-none-eabi/4.9.3/armv6-m\libgcc.a(_dvmd_tls.o)
 .ARM.attributes
                0x0000058b       0x2c c:/program files (x86)/cypress/psoc creator/3.3/psoc creator/import/gnu/arm/4.9.3/bin/../lib/gcc/arm-none-eabi/4.9.3/armv6-m\libgcc.a(_fixunsdfsi.o)
 .ARM.attributes
                0x000005b7       0x2c c:/program files (x86)/cypress/psoc creator/3.3/psoc creator/import/gnu/arm/4.9.3/bin/../lib/gcc/arm-none-eabi/4.9.3/armv6-m\libgcc.a(adddf3.o)
 .ARM.attributes
                0x000005e3       0x2c c:/program files (x86)/cypress/psoc creator/3.3/psoc creator/import/gnu/arm/4.9.3/bin/../lib/gcc/arm-none-eabi/4.9.3/armv6-m\libgcc.a(subdf3.o)
 .ARM.attributes
                0x0000060f       0x2c c:/program files (x86)/cypress/psoc creator/3.3/psoc creator/import/gnu/arm/4.9.3/bin/../lib/gcc/arm-none-eabi/4.9.3/armv6-m\libgcc.a(fixdfsi.o)
 .ARM.attributes
                0x0000063b       0x2c c:/program files (x86)/cypress/psoc creator/3.3/psoc creator/import/gnu/arm/4.9.3/bin/../lib/gcc/arm-none-eabi/4.9.3/armv6-m\libgcc.a(floatsidf.o)
 .ARM.attributes
                0x00000667       0x1e c:/program files (x86)/cypress/psoc creator/3.3/psoc creator/import/gnu/arm/4.9.3/bin/../lib/gcc/arm-none-eabi/4.9.3/armv6-m\libgcc.a(_arm_cmpdf2.o)
 .ARM.attributes
                0x00000685       0x1e c:/program files (x86)/cypress/psoc creator/3.3/psoc creator/import/gnu/arm/4.9.3/bin/../lib/gcc/arm-none-eabi/4.9.3/armv6-m\libgcc.a(_clzsi2.o)
 .ARM.attributes
                0x000006a3       0x2c c:/program files (x86)/cypress/psoc creator/3.3/psoc creator/import/gnu/arm/4.9.3/bin/../lib/gcc/arm-none-eabi/4.9.3/armv6-m\libgcc.a(eqdf2.o)
 .ARM.attributes
                0x000006cf       0x2c c:/program files (x86)/cypress/psoc creator/3.3/psoc creator/import/gnu/arm/4.9.3/bin/../lib/gcc/arm-none-eabi/4.9.3/armv6-m\libgcc.a(gedf2.o)
 .ARM.attributes
                0x000006fb       0x2c c:/program files (x86)/cypress/psoc creator/3.3/psoc creator/import/gnu/arm/4.9.3/bin/../lib/gcc/arm-none-eabi/4.9.3/armv6-m\libgcc.a(ledf2.o)
 .ARM.attributes
                0x00000727       0x2c c:/program files (x86)/cypress/psoc creator/3.3/psoc creator/import/gnu/arm/4.9.3/bin/../lib/gcc/arm-none-eabi/4.9.3/../../../../arm-none-eabi/lib/armv6-m\libg_nano.a(lib_a-errno.o)
 .ARM.attributes
                0x00000753       0x2c c:/program files (x86)/cypress/psoc creator/3.3/psoc creator/import/gnu/arm/4.9.3/bin/../lib/gcc/arm-none-eabi/4.9.3/../../../../arm-none-eabi/lib/armv6-m\libg_nano.a(lib_a-exit.o)
 .ARM.attributes
                0x0000077f       0x2c c:/program files (x86)/cypress/psoc creator/3.3/psoc creator/import/gnu/arm/4.9.3/bin/../lib/gcc/arm-none-eabi/4.9.3/../../../../arm-none-eabi/lib/armv6-m\libg_nano.a(lib_a-impure.o)
 .ARM.attributes
                0x000007ab       0x2c c:/program files (x86)/cypress/psoc creator/3.3/psoc creator/import/gnu/arm/4.9.3/bin/../lib/gcc/arm-none-eabi/4.9.3/../../../../arm-none-eabi/lib/armv6-m\libg_nano.a(lib_a-init.o)
 .ARM.attributes
                0x000007d7       0x2c c:/program files (x86)/cypress/psoc creator/3.3/psoc creator/import/gnu/arm/4.9.3/bin/../lib/gcc/arm-none-eabi/4.9.3/../../../../arm-none-eabi/lib/armv6-m\libg_nano.a(lib_a-memset.o)
 .ARM.attributes
                0x00000803       0x2c c:/program files (x86)/cypress/psoc creator/3.3/psoc creator/import/gnu/arm/4.9.3/bin/../lib/gcc/arm-none-eabi/4.9.3/armv6-m/crtend.o
 .ARM.attributes
                0x0000082f       0x1e c:/program files (x86)/cypress/psoc creator/3.3/psoc creator/import/gnu/arm/4.9.3/bin/../lib/gcc/arm-none-eabi/4.9.3/armv6-m/crtn.o

/DISCARD/
 *(.note.GNU-stack)
OUTPUT(.\CortexM0\ARM_GCC_493\Debug\Auto Shut-OFF_SOIC16.elf elf32-littlearm)
