Archive member included because of file (symbol)

.\CortexM0\ARM_GCC_493\Debug\Auto Shut-OFF_SOIC16.a(cyfitter_cfg.o)
                              .\CortexM0\ARM_GCC_493\Debug\Cm0Start.o (cyfitter_cfg)
.\CortexM0\ARM_GCC_493\Debug\Auto Shut-OFF_SOIC16.a(PUSH_BUTTON_INPUT.o)
                              .\CortexM0\ARM_GCC_493\Debug\main.o (PUSH_BUTTON_INPUT_ClearInterrupt)
.\CortexM0\ARM_GCC_493\Debug\Auto Shut-OFF_SOIC16.a(SUPPLY_ENABLE.o)
                              .\CortexM0\ARM_GCC_493\Debug\main.o (SUPPLY_ENABLE_Write)
.\CortexM0\ARM_GCC_493\Debug\Auto Shut-OFF_SOIC16.a(PWM.o)
                              .\CortexM0\ARM_GCC_493\Debug\main.o (PWM_WriteCompare)
.\CortexM0\ARM_GCC_493\Debug\Auto Shut-OFF_SOIC16.a(PWM_CLOCK.o)
                              .\CortexM0\ARM_GCC_493\Debug\main.o (PWM_CLOCK_StartEx)
.\CortexM0\ARM_GCC_493\Debug\Auto Shut-OFF_SOIC16.a(PWM_isr.o)
                              .\CortexM0\ARM_GCC_493\Debug\main.o (PWM_isr_StartEx)
.\CortexM0\ARM_GCC_493\Debug\Auto Shut-OFF_SOIC16.a(Push_Button_isr.o)
                              .\CortexM0\ARM_GCC_493\Debug\main.o (Push_Button_isr_StartEx)
.\CortexM0\ARM_GCC_493\Debug\Auto Shut-OFF_SOIC16.a(Mode.o)
                              .\CortexM0\ARM_GCC_493\Debug\main.o (Mode_Read)
.\CortexM0\ARM_GCC_493\Debug\Auto Shut-OFF_SOIC16.a(B.o)
                              .\CortexM0\ARM_GCC_493\Debug\main.o (B_Write)
.\CortexM0\ARM_GCC_493\Debug\Auto Shut-OFF_SOIC16.a(G.o)
                              .\CortexM0\ARM_GCC_493\Debug\main.o (G_Write)
.\CortexM0\ARM_GCC_493\Debug\Auto Shut-OFF_SOIC16.a(R.o)
                              .\CortexM0\ARM_GCC_493\Debug\main.o (R_Write)
.\CortexM0\ARM_GCC_493\Debug\Auto Shut-OFF_SOIC16.a(Time_Bit_0.o)
                              .\CortexM0\ARM_GCC_493\Debug\main.o (Time_Bit_0_Read)
.\CortexM0\ARM_GCC_493\Debug\Auto Shut-OFF_SOIC16.a(Time_Bit_1.o)
                              .\CortexM0\ARM_GCC_493\Debug\main.o (Time_Bit_1_Read)
.\CortexM0\ARM_GCC_493\Debug\Auto Shut-OFF_SOIC16.a(Time_Bit_2.o)
                              .\CortexM0\ARM_GCC_493\Debug\main.o (Time_Bit_2_Read)
.\CortexM0\ARM_GCC_493\Debug\Auto Shut-OFF_SOIC16.a(Time_Bit_3.o)
                              .\CortexM0\ARM_GCC_493\Debug\main.o (Time_Bit_3_Read)
.\CortexM0\ARM_GCC_493\Debug\Auto Shut-OFF_SOIC16.a(CyBootAsmGnu.o)
                              .\CortexM0\ARM_GCC_493\Debug\Auto Shut-OFF_SOIC16.a(PWM.o) (CyEnterCriticalSection)
.\CortexM0\ARM_GCC_493\Debug\Auto Shut-OFF_SOIC16.a(CyLib.o)
                              .\CortexM0\ARM_GCC_493\Debug\Cm0Start.o (CyHalt)
.\CortexM0\ARM_GCC_493\Debug\Auto Shut-OFF_SOIC16.a(CyLFClk.o)
                              .\CortexM0\ARM_GCC_493\Debug\Cm0Start.o (CySysWdtDisable)
c:/program files (x86)/cypress/psoc creator/3.3/psoc creator/import/gnu/arm/4.9.3/bin/../lib/gcc/arm-none-eabi/4.9.3/armv6-m\libgcc.a(_udivsi3.o)
                              .\CortexM0\ARM_GCC_493\Debug\main.o (__aeabi_uidiv)
c:/program files (x86)/cypress/psoc creator/3.3/psoc creator/import/gnu/arm/4.9.3/bin/../lib/gcc/arm-none-eabi/4.9.3/armv6-m\libgcc.a(_dvmd_tls.o)
                              c:/program files (x86)/cypress/psoc creator/3.3/psoc creator/import/gnu/arm/4.9.3/bin/../lib/gcc/arm-none-eabi/4.9.3/armv6-m\libgcc.a(_udivsi3.o) (__aeabi_idiv0)
c:/program files (x86)/cypress/psoc creator/3.3/psoc creator/import/gnu/arm/4.9.3/bin/../lib/gcc/arm-none-eabi/4.9.3/armv6-m\libgcc.a(_fixunsdfsi.o)
                              .\CortexM0\ARM_GCC_493\Debug\main.o (__aeabi_d2uiz)
c:/program files (x86)/cypress/psoc creator/3.3/psoc creator/import/gnu/arm/4.9.3/bin/../lib/gcc/arm-none-eabi/4.9.3/armv6-m\libgcc.a(adddf3.o)
                              .\CortexM0\ARM_GCC_493\Debug\main.o (__aeabi_dadd)
c:/program files (x86)/cypress/psoc creator/3.3/psoc creator/import/gnu/arm/4.9.3/bin/../lib/gcc/arm-none-eabi/4.9.3/armv6-m\libgcc.a(subdf3.o)
                              c:/program files (x86)/cypress/psoc creator/3.3/psoc creator/import/gnu/arm/4.9.3/bin/../lib/gcc/arm-none-eabi/4.9.3/armv6-m\libgcc.a(_fixunsdfsi.o) (__aeabi_dsub)
c:/program files (x86)/cypress/psoc creator/3.3/psoc creator/import/gnu/arm/4.9.3/bin/../lib/gcc/arm-none-eabi/4.9.3/armv6-m\libgcc.a(fixdfsi.o)
                              c:/program files (x86)/cypress/psoc creator/3.3/psoc creator/import/gnu/arm/4.9.3/bin/../lib/gcc/arm-none-eabi/4.9.3/armv6-m\libgcc.a(_fixunsdfsi.o) (__aeabi_d2iz)
c:/program files (x86)/cypress/psoc creator/3.3/psoc creator/import/gnu/arm/4.9.3/bin/../lib/gcc/arm-none-eabi/4.9.3/armv6-m\libgcc.a(floatsidf.o)
                              .\CortexM0\ARM_GCC_493\Debug\main.o (__aeabi_i2d)
c:/program files (x86)/cypress/psoc creator/3.3/psoc creator/import/gnu/arm/4.9.3/bin/../lib/gcc/arm-none-eabi/4.9.3/armv6-m\libgcc.a(_arm_cmpdf2.o)
[...]
Memory Configuration

Name             Origin             Length             Attributes
rom              0x00000000         0x00004000         xr
ram              0x20000000         0x00000800         xrw
*default*        0x00000000         0xffffffff

Linker script and memory map

LOAD c:/program files (x86)/cypress/psoc creator/3.3/psoc creator/import/gnu/arm/4.9.3/bin/../lib/gcc/arm-none-eabi/4.9.3/armv6-m/crti.o
LOAD c:/program files (x86)/cypress/psoc creator/3.3/psoc creator/import/gnu/arm/4.9.3/bin/../lib/gcc/arm-none-eabi/4.9.3/armv6-m/crtbegin.o
LOAD c:/program files (x86)/cypress/psoc creator/3.3/psoc creator/import/gnu/arm/4.9.3/bin/../lib/gcc/arm-none-eabi/4.9.3/../../../../arm-none-eabi/lib/armv6-m/crt0.o
START GROUP
LOAD .\CortexM0\ARM_GCC_493\Debug\main.o
LOAD .\CortexM0\ARM_GCC_493\Debug\cymetadata.o
LOAD .\CortexM0\ARM_GCC_493\Debug\Cm0Start.o
LOAD .\CortexM0\ARM_GCC_493\Debug\Auto Shut-OFF_SOIC16.a
LOAD C:\Program Files (x86)\Cypress\PSoC Creator\3.3\PSoC Creator\psoc\content\cycomponentlibrary\CyComponentLibrary.cylib\CortexM0\ARM_GCC_493\Debug\CyComponentLibrary.a
END GROUP
START GROUP
LOAD c:/program files (x86)/cypress/psoc creator/3.3/psoc creator/import/gnu/arm/4.9.3/bin/../lib/gcc/arm-none-eabi/4.9.3/armv6-m\libgcc.a
LOAD c:/program files (x86)/cypress/psoc creator/3.3/psoc creator/import/gnu/arm/4.9.3/bin/../lib/gcc/arm-none-eabi/4.9.3/../../../../arm-none-eabi/lib/armv6-m\libg_nano.a
LOAD c:/program files (x86)/cypress/psoc creator/3.3/psoc creator/import/gnu/arm/4.9.3/bin/../lib/gcc/arm-none-eabi/4.9.3/../../../../arm-none-eabi/lib/armv6-m\libc_nano.a
END GROUP
START GROUP
LOAD c:/program files (x86)/cypress/psoc creator/3.3/psoc creator/import/gnu/arm/4.9.3/bin/../lib/gcc/arm-none-eabi/4.9.3/armv6-m\libgcc.a
LOAD c:/program files (x86)/cypress/psoc creator/3.3/psoc creator/import/gnu/arm/4.9.3/bin/../lib/gcc/arm-none-eabi/4.9.3/../../../../arm-none-eabi/lib/armv6-m\libc_nano.a
END GROUP
LOAD c:/program files (x86)/cypress/psoc creator/3.3/psoc creator/import/gnu/arm/4.9.3/bin/../lib/gcc/arm-none-eabi/4.9.3/armv6-m/crtend.o
LOAD c:/program files (x86)/cypress/psoc creator/3.3/psoc creator/import/gnu/arm/4.9.3/bin/../lib/gcc/arm-none-eabi/4.9.3/armv6-m/crtn.o
START GROUP
LOAD c:/program files (x86)/cypress/psoc creator/3.3/psoc creator/import/gnu/arm/4.9.3/bin/../lib/gcc/arm-none-eabi/4.9.3/armv6-m\libgcc.a
LOAD c:/program files (x86)/cypress/psoc creator/3.3/psoc creator/import/gnu/arm/4.9.3/bin/../lib/gcc/arm-none-eabi/4.9.3/../../../../arm-none-eabi/lib/armv6-m\libc.a
LOAD c:/program files (x86)/cypress/psoc creator/3.3/psoc creator/import/gnu/arm/4.9.3/bin/../lib/gcc/arm-none-eabi/4.9.3/../../../../arm-none-eabi/lib/armv6-m\libnosys.a
END GROUP
                0x00000000                CY_APPL_ORIGIN = 0x0
                0x00000040                CY_FLASH_ROW_SIZE = 0x40
                0x00000001                CY_APPL_NUM = 0x1
                0x00000001                CY_APPL_MAX = 0x1
                0x00000040                CY_METADATA_SIZE = 0x40
                0x00000000                CY_APPL_LOADABLE = 0x0
                0x00000000                CY_CHECKSUM_EXCLUDE_SIZE = ALIGN (0x0, CY_FLASH_ROW_SIZE)
                0x00000000                CY_APP_FOR_STACK_AND_COPIER = 0x0
                0x20000138                PROVIDE (__cy_heap_start, _end)
                0x00000001                PROVIDE (__cy_region_num, ((__cy_regions_end - __cy_regions) / 0x10))
                0x20000800                PROVIDE (__cy_stack, (ORIGIN (ram) + 0x800))
                0x20000600                PROVIDE (__cy_heap_end, (__cy_stack - 0x200))

.cybootloader   0x00000000        0x0
 *(.cybootloader)
                0x00000000                appl1_start = CY_APPL_ORIGIN?CY_APPL_ORIGIN:ALIGN (CY_FLASH_ROW_SIZE)
                0x00001fc0                appl2_start = (appl1_start + ALIGN ((((0x4000 - appl1_start) - (0x2 * CY_FLASH_ROW_SIZE)) / 0x2), CY_FLASH_ROW_SIZE))
                0x00000000                appl_start = (CY_APPL_NUM == 0x1)?appl1_start:appl2_start
                0x00000001                cy_project_type_bootloader = (appl_start == 0x0)?0x1:0x0
                0x00000000                cy_project_type_app_for_stack_and_copier = (CY_APP_FOR_STACK_AND_COPIER == 0x1)?0x1:0x0

.text           0x00000000     0x1c78
 CREATE_OBJECT_SYMBOLS
                0x00000000                PROVIDE (__cy_interrupt_vector, RomVectors)
 *(.romvectors)
 .romvectors    0x00000000       0x10 .\CortexM0\ARM_GCC_493\Debug\Cm0Start.o
                0x00000000                RomVectors
                0x00000001                ASSERT ((. != __cy_interrupt_vector), No interrupt vector)
                0x00000001                ASSERT (CY_APPL_ORIGIN?(SIZEOF (.cybootloader) <= CY_APPL_ORIGIN):0x1, Wrong image location)
                0x00000010                PROVIDE (__cy_reset, Reset)
 *(.text.Reset)
 .text.Reset    0x00000010        0xc .\CortexM0\ARM_GCC_493\Debug\Cm0Start.o
                0x00000010                Reset
                0x00000001                ASSERT ((. != __cy_reset), No reset code)
 *(.psocinit)
 .psocinit      0x0000001c       0xb0 .\CortexM0\ARM_GCC_493\Debug\Auto Shut-OFF_SOIC16.a(cyfitter_cfg.o)
                0x00000060                cyfitter_cfg
                0x00000100                . = MAX (., 0x100)
 *fill*         0x000000cc       0x34 
 *(.text .text.* .gnu.linkonce.t.*)
 .text          0x00000100       0x60 c:/program files (x86)/cypress/psoc creator/3.3/psoc creator/import/gnu/arm/4.9.3/bin/../lib/gcc/arm-none-eabi/4.9.3/armv6-m/crtbegin.o
 .text.PWM_isr  0x00000160       0x54 .\CortexM0\ARM_GCC_493\Debug\main.o
                0x00000160                PWM_isr
 .text.Push_Button_isr
                0x000001b4       0x14 .\CortexM0\ARM_GCC_493\Debug\main.o
                0x000001b4                Push_Button_isr
 .text.GetTimeBitsValue
                0x000001c8       0x94 .\CortexM0\ARM_GCC_493\Debug\main.o
                0x000001c8                GetTimeBitsValue
 .text.SetLookUpTable
                0x0000025c      0x118 .\CortexM0\ARM_GCC_493\Debug\main.o
                0x0000025c                SetLookUpTable
 .text.SetTimerSettings
                0x00000374       0x60 .\CortexM0\ARM_GCC_493\Debug\main.o
                0x00000374                SetTimerSettings
 .text.main     0x000003d4      0x188 .\CortexM0\ARM_GCC_493\Debug\main.o
                0x000003d4                main
 .text.IntDefaultHandler
                0x0000055c        0x4 .\CortexM0\ARM_GCC_493\Debug\Cm0Start.o
                0x0000055c                IntDefaultHandler
 .text.Start_c  0x00000560       0x48 .\CortexM0\ARM_GCC_493\Debug\Cm0Start.o
                0x00000560                Start_c
 .text.initialize_psoc
                0x000005a8       0x54 .\CortexM0\ARM_GCC_493\Debug\Cm0Start.o
                0x000005a8                initialize_psoc
 .text.PUSH_BUTTON_INPUT_ClearInterrupt
                0x000005fc       0x14 .\CortexM0\ARM_GCC_493\Debug\Auto Shut-OFF_SOIC16.a(PUSH_BUTTON_INPUT.o)
                0x000005fc                PUSH_BUTTON_INPUT_ClearInterrupt
 .text.SUPPLY_ENABLE_Write
                0x00000610       0x18 .\CortexM0\ARM_GCC_493\Debug\Auto Shut-OFF_SOIC16.a(SUPPLY_ENABLE.o)
                0x00000610                SUPPLY_ENABLE_Write
 .text.PWM_WriteCounter
                0x00000628       0x10 .\CortexM0\ARM_GCC_493\Debug\Auto Shut-OFF_SOIC16.a(PWM.o)
                0x00000628                PWM_WriteCounter
 .text.PWM_WritePeriod
                0x00000638       0x10 .\CortexM0\ARM_GCC_493\Debug\Auto Shut-OFF_SOIC16.a(PWM.o)
                0x00000638                PWM_WritePeriod
 .text.PWM_WriteCompare
                0x00000648       0x38 .\CortexM0\ARM_GCC_493\Debug\Auto Shut-OFF_SOIC16.a(PWM.o)
                0x00000648                PWM_WriteCompare
 .text.PWM_TriggerCommand
                0x00000680       0x1c .\CortexM0\ARM_GCC_493\Debug\Auto Shut-OFF_SOIC16.a(PWM.o)
                0x00000680                PWM_TriggerCommand
 .text.PWM_Enable
                0x0000069c       0x24 .\CortexM0\ARM_GCC_493\Debug\Auto Shut-OFF_SOIC16.a(PWM.o)
                0x0000069c                PWM_Enable
 .text.PWM_SetInterruptMode
                0x000006c0        0xc .\CortexM0\ARM_GCC_493\Debug\Auto Shut-OFF_SOIC16.a(PWM.o)
                0x000006c0                PWM_SetInterruptMode
 .text.PWM_Init
                0x000006cc       0x48 .\CortexM0\ARM_GCC_493\Debug\Auto Shut-OFF_SOIC16.a(PWM.o)
                0x000006cc                PWM_Init
 .text.PWM_Start
                0x00000714       0x20 .\CortexM0\ARM_GCC_493\Debug\Auto Shut-OFF_SOIC16.a(PWM.o)
                0x00000714                PWM_Start
 .text.PWM_ClearInterrupt
                0x00000734        0xc .\CortexM0\ARM_GCC_493\Debug\Auto Shut-OFF_SOIC16.a(PWM.o)
                0x00000734                PWM_ClearInterrupt
 .text.PWM_CLOCK_StartEx
                0x00000740       0x1c .\CortexM0\ARM_GCC_493\Debug\Auto Shut-OFF_SOIC16.a(PWM_CLOCK.o)
                0x00000740                PWM_CLOCK_StartEx
 .text.PWM_isr_SetVector
                0x0000075c        0xc .\CortexM0\ARM_GCC_493\Debug\Auto Shut-OFF_SOIC16.a(PWM_isr.o)
                0x0000075c                PWM_isr_SetVector
 .text.PWM_isr_SetPriority
                0x00000768       0x20 .\CortexM0\ARM_GCC_493\Debug\Auto Shut-OFF_SOIC16.a(PWM_isr.o)
                0x00000768                PWM_isr_SetPriority
 .text.PWM_isr_Enable
                0x00000788       0x10 .\CortexM0\ARM_GCC_493\Debug\Auto Shut-OFF_SOIC16.a(PWM_isr.o)
                0x00000788                PWM_isr_Enable
 .text.PWM_isr_Disable
                0x00000798       0x10 .\CortexM0\ARM_GCC_493\Debug\Auto Shut-OFF_SOIC16.a(PWM_isr.o)
                0x00000798                PWM_isr_Disable
 .text.PWM_isr_StartEx
                0x000007a8       0x1c .\CortexM0\ARM_GCC_493\Debug\Auto Shut-OFF_SOIC16.a(PWM_isr.o)
                0x000007a8                PWM_isr_StartEx
 .text.PWM_isr_Stop
                0x000007c4       0x14 .\CortexM0\ARM_GCC_493\Debug\Auto Shut-OFF_SOIC16.a(PWM_isr.o)
                0x000007c4                PWM_isr_Stop
 .text.Push_Button_isr_SetVector
                0x000007d8        0xc .\CortexM0\ARM_GCC_493\Debug\Auto Shut-OFF_SOIC16.a(Push_Button_isr.o)
                0x000007d8                Push_Button_isr_SetVector
 .text.Push_Button_isr_SetPriority
                0x000007e4       0x20 .\CortexM0\ARM_GCC_493\Debug\Auto Shut-OFF_SOIC16.a(Push_Button_isr.o)
                0x000007e4                Push_Button_isr_SetPriority
 .text.Push_Button_isr_Enable
                0x00000804        0xc .\CortexM0\ARM_GCC_493\Debug\Auto Shut-OFF_SOIC16.a(Push_Button_isr.o)
                0x00000804                Push_Button_isr_Enable
 .text.Push_Button_isr_Disable
                0x00000810        0xc .\CortexM0\ARM_GCC_493\Debug\Auto Shut-OFF_SOIC16.a(Push_Button_isr.o)
                0x00000810                Push_Button_isr_Disable
 .text.Push_Button_isr_StartEx
                0x0000081c       0x1c .\CortexM0\ARM_GCC_493\Debug\Auto Shut-OFF_SOIC16.a(Push_Button_isr.o)
                0x0000081c                Push_Button_isr_StartEx
 .text.Mode_Read
                0x00000838       0x10 .\CortexM0\ARM_GCC_493\Debug\Auto Shut-OFF_SOIC16.a(Mode.o)
                0x00000838                Mode_Read
 .text.B_Write  0x00000848       0x18 .\CortexM0\ARM_GCC_493\Debug\Auto Shut-OFF_SOIC16.a(B.o)
                0x00000848                B_Write
 .text.G_Write  0x00000860       0x18 .\CortexM0\ARM_GCC_493\Debug\Auto Shut-OFF_SOIC16.a(G.o)
                0x00000860                G_Write
 .text.R_Write  0x00000878       0x18 .\CortexM0\ARM_GCC_493\Debug\Auto Shut-OFF_SOIC16.a(R.o)
                0x00000878                R_Write
 .text.Time_Bit_0_Read
                0x00000890       0x10 .\CortexM0\ARM_GCC_493\Debug\Auto Shut-OFF_SOIC16.a(Time_Bit_0.o)
                0x00000890                Time_Bit_0_Read
 .text.Time_Bit_1_Read
                0x000008a0       0x10 .\CortexM0\ARM_GCC_493\Debug\Auto Shut-OFF_SOIC16.a(Time_Bit_1.o)
                0x000008a0                Time_Bit_1_Read
 .text.Time_Bit_2_Read
                0x000008b0       0x10 .\CortexM0\ARM_GCC_493\Debug\Auto Shut-OFF_SOIC16.a(Time_Bit_2.o)
                0x000008b0                Time_Bit_2_Read
 .text.Time_Bit_3_Read
                0x000008c0       0x10 .\CortexM0\ARM_GCC_493\Debug\Auto Shut-OFF_SOIC16.a(Time_Bit_3.o)
                0x000008c0                Time_Bit_3_Read
 .text          0x000008d0       0x28 .\CortexM0\ARM_GCC_493\Debug\Auto Shut-OFF_SOIC16.a(CyBootAsmGnu.o)
                0x000008d0                CyDelayCycles
                0x000008e4                CyEnterCriticalSection
                0x000008ec                CyExitCriticalSection
 .text.CyHalt   0x000008f8        0x4 .\CortexM0\ARM_GCC_493\Debug\Auto Shut-OFF_SOIC16.a(CyLib.o)
                0x000008f8                CyHalt
 .text.CySysClkWriteImoFreq
                0x000008fc       0xac .\CortexM0\ARM_GCC_493\Debug\Auto Shut-OFF_SOIC16.a(CyLib.o)
                0x000008fc                CySysClkWriteImoFreq
 .text.CySysWdtDisable
                0x000009a8       0x10 .\CortexM0\ARM_GCC_493\Debug\Auto Shut-OFF_SOIC16.a(CyLFClk.o)
                0x000009a8                CySysWdtDisable
 .text          0x000009b8      0x120 c:/program files (x86)/cypress/psoc creator/3.3/psoc creator/import/gnu/arm/4.9.3/bin/../lib/gcc/arm-none-eabi/4.9.3/armv6-m\libgcc.a(_udivsi3.o)
                0x000009b8                __aeabi_uidiv
                0x000009b8                __udivsi3
                0x00000ac4                __aeabi_uidivmod
 .text          0x00000ad8        0x4 c:/program files (x86)/cypress/psoc creator/3.3/psoc creator/import/gnu/arm/4.9.3/bin/../lib/gcc/arm-none-eabi/4.9.3/armv6-m\libgcc.a(_dvmd_tls.o)
                0x00000ad8                __aeabi_idiv0
                0x00000ad8                __aeabi_ldiv0
 .text          0x00000adc       0x3c c:/program files (x86)/cypress/psoc creator/3.3/psoc creator/import/gnu/arm/4.9.3/bin/../lib/gcc/arm-none-eabi/4.9.3/armv6-m\libgcc.a(_fixunsdfsi.o)
                0x00000adc                __aeabi_d2uiz
                0x00000adc                __fixunsdfsi
 .text          0x00000b18      0x650 c:/program files (x86)/cypress/psoc creator/3.3/psoc creator/import/gnu/arm/4.9.3/bin/../lib/gcc/arm-none-eabi/4.9.3/armv6-m\libgcc.a(adddf3.o)
                0x00000b18                __aeabi_dadd
 .text          0x00001168      0x6f4 c:/program files (x86)/cypress/psoc creator/3.3/psoc creator/import/gnu/arm/4.9.3/bin/../lib/gcc/arm-none-eabi/4.9.3/armv6-m\libgcc.a(subdf3.o)
                0x00001168                __aeabi_dsub
 .text          0x0000185c       0x6c c:/program files (x86)/cypress/psoc creator/3.3/psoc creator/import/gnu/arm/4.9.3/bin/../lib/gcc/arm-none-eabi/4.9.3/armv6-m\libgcc.a(fixdfsi.o)
                0x0000185c                __aeabi_d2iz
 .text          0x000018c8       0x78 c:/program files (x86)/cypress/psoc creator/3.3/psoc creator/import/gnu/arm/4.9.3/bin/../lib/gcc/arm-none-eabi/4.9.3/armv6-m\libgcc.a(floatsidf.o)
                0x000018c8                __aeabi_i2d
 .text          0x00001940       0x7c c:/program files (x86)/cypress/psoc creator/3.3/psoc creator/import/gnu/arm/4.9.3/bin/../lib/gcc/arm-none-eabi/4.9.3/armv6-m\libgcc.a(_arm_cmpdf2.o)
                0x00001940                __aeabi_cdrcmple
                0x00001950                __aeabi_cdcmple
                0x00001950                __aeabi_cdcmpeq
                0x00001960                __aeabi_dcmpeq
                0x0000196c                __aeabi_dcmplt
                0x00001980                __aeabi_dcmple
                0x00001994                __aeabi_dcmpgt
                0x000019a8                __aeabi_dcmpge
 .text          0x000019bc       0x3c c:/program files (x86)/cypress/psoc creator/3.3/psoc creator/import/gnu/arm/4.9.3/bin/../lib/gcc/arm-none-eabi/4.9.3/armv6-m\libgcc.a(_clzsi2.o)
                0x000019bc                __clzsi2
 .text          0x000019f8       0x88 c:/program files (x86)/cypress/psoc creator/3.3/psoc creator/import/gnu/arm/4.9.3/bin/../lib/gcc/arm-none-eabi/4.9.3/armv6-m\libgcc.a(eqdf2.o)
                0x000019f8                __nedf2
                0x000019f8                __eqdf2
 .text          0x00001a80       0xe0 c:/program files (x86)/cypress/psoc creator/3.3/psoc creator/import/gnu/arm/4.9.3/bin/../lib/gcc/arm-none-eabi/4.9.3/armv6-m\libgcc.a(gedf2.o)
                0x00001a80                __gedf2
                0x00001a80                __gtdf2
 .text          0x00001b60       0xcc c:/program files (x86)/cypress/psoc creator/3.3/psoc creator/import/gnu/arm/4.9.3/bin/../lib/gcc/arm-none-eabi/4.9.3/armv6-m\libgcc.a(ledf2.o)
                0x00001b60                __ledf2
                0x00001b60                __ltdf2
 .text.__libc_init_array
                0x00001c2c       0x4c c:/program files (x86)/cypress/psoc creator/3.3/psoc creator/import/gnu/arm/4.9.3/bin/../lib/gcc/arm-none-eabi/4.9.3/../../../../arm-none-eabi/lib/armv6-m\libg_nano.a(lib_a-init.o)
                0x00001c2c                __libc_init_array
 *(.plt)
 *(.gnu.warning)
 *(.glue_7t)
 .glue_7t       0x00000000        0x0 linker stubs
 *(.glue_7)
 .glue_7        0x00000000        0x0 linker stubs
 *(.vfp11_veneer)
 .vfp11_veneer  0x00000000        0x0 linker stubs
 *(.bootloader)
 *(.ARM.extab* .gnu.linkonce.armextab.*)
 *(.gcc_except_table)

.v4_bx          0x00001c78        0x0
 .v4_bx         0x00000000        0x0 linker stubs

.iplt           0x00001c78        0x0
 .iplt          0x00000000        0x0 c:/program files (x86)/cypress/psoc creator/3.3/psoc creator/import/gnu/arm/4.9.3/bin/../lib/gcc/arm-none-eabi/4.9.3/armv6-m/crtbegin.o

.eh_frame_hdr
 *(.eh_frame_hdr)

.eh_frame       0x00001c78        0x4
 *(.eh_frame)
 .eh_frame      0x00001c78        0x0 c:/program files (x86)/cypress/psoc creator/3.3/psoc creator/import/gnu/arm/4.9.3/bin/../lib/gcc/arm-none-eabi/4.9.3/armv6-m/crtbegin.o
 .eh_frame      0x00001c78        0x4 c:/program files (x86)/cypress/psoc creator/3.3/psoc creator/import/gnu/arm/4.9.3/bin/../lib/gcc/arm-none-eabi/4.9.3/armv6-m/crtend.o
                0x00001c7c                PROVIDE (__exidx_start, .)

.ARM.exidx
 *(.ARM.exidx* .gnu.linkonce.armexidx.*)
                0x00001c7c                __exidx_end = .

.rodata         0x00001c7c       0x34
 *(.rodata .rodata.* .gnu.linkonce.r.*)
                0x00001c7c                . = ALIGN (0x4)
 *(.init)
 .init          0x00001c7c        0x4 c:/program files (x86)/cypress/psoc creator/3.3/psoc creator/import/gnu/arm/4.9.3/bin/../lib/gcc/arm-none-eabi/4.9.3/armv6-m/crti.o
                0x00001c7c                _init
 .init          0x00001c80        0x8 c:/program files (x86)/cypress/psoc creator/3.3/psoc creator/import/gnu/arm/4.9.3/bin/../lib/gcc/arm-none-eabi/4.9.3/armv6-m/crtn.o
                0x00001c88                . = ALIGN (0x4)
                0x00001c88                __preinit_array_start = .
 *(.preinit_array)
                0x00001c88                __preinit_array_end = .
                0x00001c88                . = ALIGN (0x4)
                0x00001c88                __init_array_start = .
 *(SORT(.init_array.*))
 *(.init_array)
 .init_array    0x00001c88        0x4 c:/program files (x86)/cypress/psoc creator/3.3/psoc creator/import/gnu/arm/4.9.3/bin/../lib/gcc/arm-none-eabi/4.9.3/armv6-m/crtbegin.o
 .init_array    0x00001c8c        0x4 .\CortexM0\ARM_GCC_493\Debug\Cm0Start.o
                0x00001c90                __init_array_end = .
                0x00001c90                . = ALIGN (0x4)
 *(.fini)
 .fini          0x00001c90        0x4 c:/program files (x86)/cypress/psoc creator/3.3/psoc creator/import/gnu/arm/4.9.3/bin/../lib/gcc/arm-none-eabi/4.9.3/armv6-m/crti.o
                0x00001c90                _fini
 .fini          0x00001c94        0x8 c:/program files (x86)/cypress/psoc creator/3.3/psoc creator/import/gnu/arm/4.9.3/bin/../lib/gcc/arm-none-eabi/4.9.3/armv6-m/crtn.o
                0x00001c9c                . = ALIGN (0x4)
                0x00001c9c                __fini_array_start = .
 *(.fini_array)
 .fini_array    0x00001c9c        0x4 c:/program files (x86)/cypress/psoc creator/3.3/psoc creator/import/gnu/arm/4.9.3/bin/../lib/gcc/arm-none-eabi/4.9.3/armv6-m/crtbegin.o
 *(SORT(.fini_array.*))
                0x00001ca0                __fini_array_end = .
                0x00001ca0                . = ALIGN (0x4)
 *crtbegin.o(.ctors)
 *(EXCLUDE_FILE(*crtend.o) .ctors)
 *(SORT(.ctors.*))
 *crtend.o(.ctors)
                0x00001ca0                . = ALIGN (0x4)
 *crtbegin.o(.dtors)
 *(EXCLUDE_FILE(*crtend.o) .dtors)
 *(SORT(.dtors.*))
 *crtend.o(.dtors)
                0x00001ca0                . = ALIGN (0x4)
                0x00001ca0                __cy_regions = .
                0x00001ca0        0x4 LONG 0x1cb0 __cy_region_init_ram
                0x00001ca4        0x4 LONG 0x20000070 __cy_region_start_data
                0x00001ca8        0x4 LONG 0x8 __cy_region_init_size_ram
                0x00001cac        0x4 LONG 0xc0 __cy_region_zero_size_ram
                0x00001cb0                __cy_regions_end = .
                0x00001cb0                . = ALIGN (0x8)
                0x00001cb0                _etext = .

.cy_checksum_exclude
                0x00001cb0        0x0
 *(.cy_checksum_exclude)

.ramvectors     0x20000000       0x64
                0x20000000                __cy_region_start_ram = .
 *(.ramvectors)
 .ramvectors    0x20000000       0x64 .\CortexM0\ARM_GCC_493\Debug\Cm0Start.o
                0x20000000                CyRamVectors

.noinit         0x20000068        0x4
 *(.noinit)
 .noinit        0x20000068        0x4 .\CortexM0\ARM_GCC_493\Debug\Cm0Start.o

.data           0x20000070        0x8 load address 0x00001cb0
                0x20000070                __cy_region_start_data = .
 *(.jcr)
 .jcr           0x20000070        0x0 c:/program files (x86)/cypress/psoc creator/3.3/psoc creator/import/gnu/arm/4.9.3/bin/../lib/gcc/arm-none-eabi/4.9.3/armv6-m/crtbegin.o
 .jcr           0x20000070        0x4 c:/program files (x86)/cypress/psoc creator/3.3/psoc creator/import/gnu/arm/4.9.3/bin/../lib/gcc/arm-none-eabi/4.9.3/armv6-m/crtend.o
 *(.got.plt)
 *(.got)
 *(.shdata)
 *(.data .data.* .gnu.linkonce.d.*)
                0x20000078                . = ALIGN (0x8)
 *fill*         0x20000074        0x4 
 *(.ram)
                0x20000078                _edata = .

.igot.plt       0x20000078        0x0 load address 0x00001cb8
 .igot.plt      0x00000000        0x0 c:/program files (x86)/cypress/psoc creator/3.3/psoc creator/import/gnu/arm/4.9.3/bin/../lib/gcc/arm-none-eabi/4.9.3/armv6-m/crtbegin.o

.bss            0x20000078       0xc0 load address 0x00001cb8
                0x20000078                PROVIDE (__bss_start__, .)
 *(.shbss)
 *(.bss .bss.* .gnu.linkonce.b.*)
 .bss           0x20000078       0x1c c:/program files (x86)/cypress/psoc creator/3.3/psoc creator/import/gnu/arm/4.9.3/bin/../lib/gcc/arm-none-eabi/4.9.3/armv6-m/crtbegin.o
 .bss           0x20000094        0x1 .\CortexM0\ARM_GCC_493\Debug\Auto Shut-OFF_SOIC16.a(PWM.o)
                0x20000094                PWM_initVar
 *(COMMON)
 *fill*         0x20000095        0x3 
 COMMON         0x20000098       0x9c .\CortexM0\ARM_GCC_493\Debug\main.o
                0x20000098                DelayBeforeShutOff
                0x2000009c                Output_Value
                0x200000a0                OFF_Time_Look_Up_Table
                0x200000e0                Push_Button_State_Value
                0x200000e4                ON_Time
                0x200000e8                Mode
                0x200000ec                ON_Time_Look_Up_Table
                0x2000012c                Push_Button_Interrupt_Flag
                0x2000012d                Second_Counter
                0x2000012e                Second_in_Base_60
                0x20000130                OFF_Time
                0x20000138                . = ALIGN (0x8)
 *fill*         0x20000134        0x4 
 *(.ram.b)
                0x20000138                _end = .
                0x20000138                __end = .
                0x20000138                PROVIDE (end, .)
                0x20000138                PROVIDE (__bss_end__, .)
                0x00001cb0                __cy_region_init_ram = LOADADDR (.data)
                0x00000008                __cy_region_init_size_ram = (_edata - ADDR (.data))
                0x000000c0                __cy_region_zero_size_ram = (_end - _edata)

.heap           0x20000138       0x80 load address 0x00001cb8
                0x20000138                . = _end
                0x200001b8                . = (. + 0x80)
 *fill*         0x20000138       0x80 
                0x200001b8                __cy_heap_limit = .

.stack          0x20000600      0x200
                0x20000600                __cy_stack_limit = .
                0x20000800                . = (. + 0x200)
 *fill*         0x20000600      0x200 
                0x00000001                ASSERT ((__cy_stack_limit >= __cy_heap_limit), region RAM overflowed with stack)
                0x00000000                cy_checksum_exclude_size = (CY_APPL_LOADABLE == 0x1)?SIZEOF (.cy_checksum_exclude):0x0
                0x00000001                ASSERT ((cy_checksum_exclude_size <= CY_CHECKSUM_EXCLUDE_SIZE), CY_BOOT: Section .cy_checksum_exclude size exceedes specified limit.)
                0x00003fc0                cyloadermeta_start = (cy_project_type_bootloader || cy_project_type_app_for_stack_and_copier)?(0x4000 - CY_METADATA_SIZE):0xf0000000

.cyloadermeta
 *(.cyloadermeta)
                0x00003fc0                cyloadablemeta_start = cy_project_type_app_for_stack_and_copier?((0x4000 - CY_FLASH_ROW_SIZE) - CY_METADATA_SIZE):((0x4000 - (CY_FLASH_ROW_SIZE * (CY_APPL_NUM - 0x1))) - CY_METADATA_SIZE)

.cyloadablemeta
 *(.cyloadablemeta)

.cyflashprotect
                0x90400000       0x20
 *(.cyflashprotect)
 .cyflashprotect
                0x90400000       0x20 .\CortexM0\ARM_GCC_493\Debug\cymetadata.o
                0x90400000                cy_meta_flashprotect

.cymeta         0x90500000        0xc
 *(.cymeta)
 .cymeta        0x90500000        0xc .\CortexM0\ARM_GCC_493\Debug\cymetadata.o
                0x90500000                cy_metadata

.cychipprotect  0x90600000        0x4
 *(.cychipprotect)
 .cychipprotect
                0x90600000        0x4 .\CortexM0\ARM_GCC_493\Debug\cymetadata.o
                0x90600000                cy_meta_chipprotect

.rel.dyn        0x00001cb8        0x0 load address 0x90600004
 .rel.iplt      0x00000000        0x0 c:/program files (x86)/cypress/psoc creator/3.3/psoc creator/import/gnu/arm/4.9.3/bin/../lib/gcc/arm-none-eabi/4.9.3/armv6-m/crtbegin.o

.stab
 *(.stab)

.stabstr
 *(.stabstr)

.debug
 *(.debug)

.line
 *(.line)

.debug_srcinfo
 *(.debug_srcinfo)

.debug_sfnames
 *(.debug_sfnames)

.debug_aranges  0x00000000      0x818
 *(.debug_aranges)
 .debug_aranges
                0x00000000       0x48 .\CortexM0\ARM_GCC_493\Debug\main.o
 .debug_aranges
                0x00000048       0x18 .\CortexM0\ARM_GCC_493\Debug\cymetadata.o
 .debug_aranges
                0x00000060       0x48 .\CortexM0\ARM_GCC_493\Debug\Cm0Start.o
 .debug_aranges
                0x000000a8       0x28 .\CortexM0\ARM_GCC_493\Debug\Auto Shut-OFF_SOIC16.a(cyfitter_cfg.o)
 .debug_aranges
                0x000000d0       0x40 .\CortexM0\ARM_GCC_493\Debug\Auto Shut-OFF_SOIC16.a(PUSH_BUTTON_INPUT.o)
 .debug_aranges
                0x00000110       0x40 .\CortexM0\ARM_GCC_493\Debug\Auto Shut-OFF_SOIC16.a(SUPPLY_ENABLE.o)
 .debug_aranges
                0x00000150      0x158 .\CortexM0\ARM_GCC_493\Debug\Auto Shut-OFF_SOIC16.a(PWM.o)
 .debug_aranges
                0x000002a8       0x40 .\CortexM0\ARM_GCC_493\Debug\Auto Shut-OFF_SOIC16.a(PWM_CLOCK.o)
 .debug_aranges
                0x000002e8       0x80 .\CortexM0\ARM_GCC_493\Debug\Auto Shut-OFF_SOIC16.a(PWM_isr.o)
 .debug_aranges
                0x00000368       0x80 .\CortexM0\ARM_GCC_493\Debug\Auto Shut-OFF_SOIC16.a(Push_Button_isr.o)
 .debug_aranges
                0x000003e8       0x40 .\CortexM0\ARM_GCC_493\Debug\Auto Shut-OFF_SOIC16.a(Mode.o)
 .debug_aranges
                0x00000428       0x40 .\CortexM0\ARM_GCC_493\Debug\Auto Shut-OFF_SOIC16.a(B.o)
 .debug_aranges
                0x00000468       0x40 .\CortexM0\ARM_GCC_493\Debug\Auto Shut-OFF_SOIC16.a(G.o)
 .debug_aranges
                0x000004a8       0x40 .\CortexM0\ARM_GCC_493\Debug\Auto Shut-OFF_SOIC16.a(R.o)
 .debug_aranges
                0x000004e8       0x40 .\CortexM0\ARM_GCC_493\Debug\Auto Shut-OFF_SOIC16.a(Time_Bit_0.o)
 .debug_aranges
                0x00000528       0x40 .\CortexM0\ARM_GCC_493\Debug\Auto Shut-OFF_SOIC16.a(Time_Bit_1.o)
 .debug_aranges
                0x00000568       0x40 .\CortexM0\ARM_GCC_493\Debug\Auto Shut-OFF_SOIC16.a(Time_Bit_2.o)
 .debug_aranges
                0x000005a8       0x40 .\CortexM0\ARM_GCC_493\Debug\Auto Shut-OFF_SOIC16.a(Time_Bit_3.o)
 .debug_aranges
                0x000005e8       0x20 .\CortexM0\ARM_GCC_493\Debug\Auto Shut-OFF_SOIC16.a(CyBootAsmGnu.o)
 .debug_aranges
                0x00000608      0x160 .\CortexM0\ARM_GCC_493\Debug\Auto Shut-OFF_SOIC16.a(CyLib.o)
 .debug_aranges
                0x00000768       0xb0 .\CortexM0\ARM_GCC_493\Debug\Auto Shut-OFF_SOIC16.a(CyLFClk.o)

.debug_pubnames
 *(.debug_pubnames)

.debug_info     0x00000000     0x37ce
 *(.debug_info .gnu.linkonce.wi.*)
 .debug_info    0x00000000      0x62e .\CortexM0\ARM_GCC_493\Debug\main.o
 .debug_info    0x0000062e       0xfe .\CortexM0\ARM_GCC_493\Debug\cymetadata.o
 .debug_info    0x0000072c      0x39c .\CortexM0\ARM_GCC_493\Debug\Cm0Start.o
 .debug_info    0x00000ac8       0xf6 .\CortexM0\ARM_GCC_493\Debug\Auto Shut-OFF_SOIC16.a(cyfitter_cfg.o)
 .debug_info    0x00000bbe      0x152 .\CortexM0\ARM_GCC_493\Debug\Auto Shut-OFF_SOIC16.a(PUSH_BUTTON_INPUT.o)
 .debug_info    0x00000d10      0x152 .\CortexM0\ARM_GCC_493\Debug\Auto Shut-OFF_SOIC16.a(SUPPLY_ENABLE.o)
 .debug_info    0x00000e62      0x96c .\CortexM0\ARM_GCC_493\Debug\Auto Shut-OFF_SOIC16.a(PWM.o)
 .debug_info    0x000017ce      0x166 .\CortexM0\ARM_GCC_493\Debug\Auto Shut-OFF_SOIC16.a(PWM_CLOCK.o)
 .debug_info    0x00001934      0x300 .\CortexM0\ARM_GCC_493\Debug\Auto Shut-OFF_SOIC16.a(PWM_isr.o)
 .debug_info    0x00001c34      0x300 .\CortexM0\ARM_GCC_493\Debug\Auto Shut-OFF_SOIC16.a(Push_Button_isr.o)
 .debug_info    0x00001f34      0x152 .\CortexM0\ARM_GCC_493\Debug\Auto Shut-OFF_SOIC16.a(Mode.o)
 .debug_info    0x00002086      0x152 .\CortexM0\ARM_GCC_493\Debug\Auto Shut-OFF_SOIC16.a(B.o)
 .debug_info    0x000021d8      0x152 .\CortexM0\ARM_GCC_493\Debug\Auto Shut-OFF_SOIC16.a(G.o)
 .debug_info    0x0000232a      0x152 .\CortexM0\ARM_GCC_493\Debug\Auto Shut-OFF_SOIC16.a(R.o)
 .debug_info    0x0000247c      0x152 .\CortexM0\ARM_GCC_493\Debug\Auto Shut-OFF_SOIC16.a(Time_Bit_0.o)
 .debug_info    0x000025ce      0x152 .\CortexM0\ARM_GCC_493\Debug\Auto Shut-OFF_SOIC16.a(Time_Bit_1.o)
 .debug_info    0x00002720      0x152 .\CortexM0\ARM_GCC_493\Debug\Auto Shut-OFF_SOIC16.a(Time_Bit_2.o)
 .debug_info    0x00002872      0x150 .\CortexM0\ARM_GCC_493\Debug\Auto Shut-OFF_SOIC16.a(Time_Bit_3.o)
 .debug_info    0x000029c2       0xd6 .\CortexM0\ARM_GCC_493\Debug\Auto Shut-OFF_SOIC16.a(CyBootAsmGnu.o)
 .debug_info    0x00002a98      0xa0f .\CortexM0\ARM_GCC_493\Debug\Auto Shut-OFF_SOIC16.a(CyLib.o)
 .debug_info    0x000034a7      0x327 .\CortexM0\ARM_GCC_493\Debug\Auto Shut-OFF_SOIC16.a(CyLFClk.o)

.debug_abbrev   0x00000000     0x142e
 *(.debug_abbrev)
 .debug_abbrev  0x00000000      0x185 .\CortexM0\ARM_GCC_493\Debug\main.o
 .debug_abbrev  0x00000185       0x5d .\CortexM0\ARM_GCC_493\Debug\cymetadata.o
 .debug_abbrev  0x000001e2      0x1fe .\CortexM0\ARM_GCC_493\Debug\Cm0Start.o
 .debug_abbrev  0x000003e0       0xaa .\CortexM0\ARM_GCC_493\Debug\Auto Shut-OFF_SOIC16.a(cyfitter_cfg.o)
 .debug_abbrev  0x0000048a       0xaa .\CortexM0\ARM_GCC_493\Debug\Auto Shut-OFF_SOIC16.a(PUSH_BUTTON_INPUT.o)
 .debug_abbrev  0x00000534       0xaa .\CortexM0\ARM_GCC_493\Debug\Auto Shut-OFF_SOIC16.a(SUPPLY_ENABLE.o)
 .debug_abbrev  0x000005de      0x14f .\CortexM0\ARM_GCC_493\Debug\Auto Shut-OFF_SOIC16.a(PWM.o)
 .debug_abbrev  0x0000072d       0xb7 .\CortexM0\ARM_GCC_493\Debug\Auto Shut-OFF_SOIC16.a(PWM_CLOCK.o)
 .debug_abbrev  0x000007e4      0x1b4 .\CortexM0\ARM_GCC_493\Debug\Auto Shut-OFF_SOIC16.a(PWM_isr.o)
 .debug_abbrev  0x00000998      0x1b4 .\CortexM0\ARM_GCC_493\Debug\Auto Shut-OFF_SOIC16.a(Push_Button_isr.o)
 .debug_abbrev  0x00000b4c       0xaa .\CortexM0\ARM_GCC_493\Debug\Auto Shut-OFF_SOIC16.a(Mode.o)
 .debug_abbrev  0x00000bf6       0xaa .\CortexM0\ARM_GCC_493\Debug\Auto Shut-OFF_SOIC16.a(B.o)
 .debug_abbrev  0x00000ca0       0xaa .\CortexM0\ARM_GCC_493\Debug\Auto Shut-OFF_SOIC16.a(G.o)
 .debug_abbrev  0x00000d4a       0xaa .\CortexM0\ARM_GCC_493\Debug\Auto Shut-OFF_SOIC16.a(R.o)
 .debug_abbrev  0x00000df4       0xaa .\CortexM0\ARM_GCC_493\Debug\Auto Shut-OFF_SOIC16.a(Time_Bit_0.o)
 .debug_abbrev  0x00000e9e       0xaa .\CortexM0\ARM_GCC_493\Debug\Auto Shut-OFF_SOIC16.a(Time_Bit_1.o)
 .debug_abbrev  0x00000f48       0xaa .\CortexM0\ARM_GCC_493\Debug\Auto Shut-OFF_SOIC16.a(Time_Bit_2.o)
 .debug_abbrev  0x00000ff2       0xb9 .\CortexM0\ARM_GCC_493\Debug\Auto Shut-OFF_SOIC16.a(Time_Bit_3.o)
 .debug_abbrev  0x000010ab       0x14 .\CortexM0\ARM_GCC_493\Debug\Auto Shut-OFF_SOIC16.a(CyBootAsmGnu.o)
 .debug_abbrev  0x000010bf      0x206 .\CortexM0\ARM_GCC_493\Debug\Auto Shut-OFF_SOIC16.a(CyLib.o)
 .debug_abbrev  0x000012c5      0x169 .\CortexM0\ARM_GCC_493\Debug\Auto Shut-OFF_SOIC16.a(CyLFClk.o)

.debug_line     0x00000000     0x19fa
 *(.debug_line)
 .debug_line    0x00000000      0x224 .\CortexM0\ARM_GCC_493\Debug\main.o
 .debug_line    0x00000224       0x53 .\CortexM0\ARM_GCC_493\Debug\cymetadata.o
 .debug_line    0x00000277      0x257 .\CortexM0\ARM_GCC_493\Debug\Cm0Start.o
 .debug_line    0x000004ce       0x87 .\CortexM0\ARM_GCC_493\Debug\Auto Shut-OFF_SOIC16.a(cyfitter_cfg.o)
 .debug_line    0x00000555       0xb7 .\CortexM0\ARM_GCC_493\Debug\Auto Shut-OFF_SOIC16.a(PUSH_BUTTON_INPUT.o)
 .debug_line    0x0000060c       0xb3 .\CortexM0\ARM_GCC_493\Debug\Auto Shut-OFF_SOIC16.a(SUPPLY_ENABLE.o)
 .debug_line    0x000006bf      0x3c6 .\CortexM0\ARM_GCC_493\Debug\Auto Shut-OFF_SOIC16.a(PWM.o)
 .debug_line    0x00000a85       0xd7 .\CortexM0\ARM_GCC_493\Debug\Auto Shut-OFF_SOIC16.a(PWM_CLOCK.o)
 .debug_line    0x00000b5c      0x16c .\CortexM0\ARM_GCC_493\Debug\Auto Shut-OFF_SOIC16.a(PWM_isr.o)
 .debug_line    0x00000cc8      0x170 .\CortexM0\ARM_GCC_493\Debug\Auto Shut-OFF_SOIC16.a(Push_Button_isr.o)
 .debug_line    0x00000e38       0xaa .\CortexM0\ARM_GCC_493\Debug\Auto Shut-OFF_SOIC16.a(Mode.o)
 .debug_line    0x00000ee2       0xa7 .\CortexM0\ARM_GCC_493\Debug\Auto Shut-OFF_SOIC16.a(B.o)
 .debug_line    0x00000f89       0xa7 .\CortexM0\ARM_GCC_493\Debug\Auto Shut-OFF_SOIC16.a(G.o)
 .debug_line    0x00001030       0xa7 .\CortexM0\ARM_GCC_493\Debug\Auto Shut-OFF_SOIC16.a(R.o)
 .debug_line    0x000010d7       0xb0 .\CortexM0\ARM_GCC_493\Debug\Auto Shut-OFF_SOIC16.a(Time_Bit_0.o)
 .debug_line    0x00001187       0xb0 .\CortexM0\ARM_GCC_493\Debug\Auto Shut-OFF_SOIC16.a(Time_Bit_1.o)
 .debug_line    0x00001237       0xb0 .\CortexM0\ARM_GCC_493\Debug\Auto Shut-OFF_SOIC16.a(Time_Bit_2.o)
 .debug_line    0x000012e7       0xaf .\CortexM0\ARM_GCC_493\Debug\Auto Shut-OFF_SOIC16.a(Time_Bit_3.o)
 .debug_line    0x00001396       0x6b .\CortexM0\ARM_GCC_493\Debug\Auto Shut-OFF_SOIC16.a(CyBootAsmGnu.o)
 .debug_line    0x00001401      0x404 .\CortexM0\ARM_GCC_493\Debug\Auto Shut-OFF_SOIC16.a(CyLib.o)
 .debug_line    0x00001805      0x1f5 .\CortexM0\ARM_GCC_493\Debug\Auto Shut-OFF_SOIC16.a(CyLFClk.o)

.debug_frame    0x00000000     0x12d4
 *(.debug_frame)
 .debug_frame   0x00000000       0xbc .\CortexM0\ARM_GCC_493\Debug\main.o
 .debug_frame   0x000000bc       0xb0 .\CortexM0\ARM_GCC_493\Debug\Cm0Start.o
 .debug_frame   0x0000016c       0x48 .\CortexM0\ARM_GCC_493\Debug\Auto Shut-OFF_SOIC16.a(cyfitter_cfg.o)
 .debug_frame   0x000001b4       0x60 .\CortexM0\ARM_GCC_493\Debug\Auto Shut-OFF_SOIC16.a(PUSH_BUTTON_INPUT.o)
 .debug_frame   0x00000214       0x60 .\CortexM0\ARM_GCC_493\Debug\Auto Shut-OFF_SOIC16.a(SUPPLY_ENABLE.o)
 .debug_frame   0x00000274      0x390 .\CortexM0\ARM_GCC_493\Debug\Auto Shut-OFF_SOIC16.a(PWM.o)
 .debug_frame   0x00000604       0x6c .\CortexM0\ARM_GCC_493\Debug\Auto Shut-OFF_SOIC16.a(PWM_CLOCK.o)
 .debug_frame   0x00000670      0x110 .\CortexM0\ARM_GCC_493\Debug\Auto Shut-OFF_SOIC16.a(PWM_isr.o)
 .debug_frame   0x00000780      0x110 .\CortexM0\ARM_GCC_493\Debug\Auto Shut-OFF_SOIC16.a(Push_Button_isr.o)
 .debug_frame   0x00000890       0x60 .\CortexM0\ARM_GCC_493\Debug\Auto Shut-OFF_SOIC16.a(Mode.o)
 .debug_frame   0x000008f0       0x60 .\CortexM0\ARM_GCC_493\Debug\Auto Shut-OFF_SOIC16.a(B.o)
 .debug_frame   0x00000950       0x60 .\CortexM0\ARM_GCC_493\Debug\Auto Shut-OFF_SOIC16.a(G.o)
 .debug_frame   0x000009b0       0x60 .\CortexM0\ARM_GCC_493\Debug\Auto Shut-OFF_SOIC16.a(R.o)
 .debug_frame   0x00000a10       0x60 .\CortexM0\ARM_GCC_493\Debug\Auto Shut-OFF_SOIC16.a(Time_Bit_0.o)
 .debug_frame   0x00000a70       0x60 .\CortexM0\ARM_GCC_493\Debug\Auto Shut-OFF_SOIC16.a(Time_Bit_1.o)
 .debug_frame   0x00000ad0       0x60 .\CortexM0\ARM_GCC_493\Debug\Auto Shut-OFF_SOIC16.a(Time_Bit_2.o)
 .debug_frame   0x00000b30       0x60 .\CortexM0\ARM_GCC_493\Debug\Auto Shut-OFF_SOIC16.a(Time_Bit_3.o)
 .debug_frame   0x00000b90      0x394 .\CortexM0\ARM_GCC_493\Debug\Auto Shut-OFF_SOIC16.a(CyLib.o)
 .debug_frame   0x00000f24      0x15c .\CortexM0\ARM_GCC_493\Debug\Auto Shut-OFF_SOIC16.a(CyLFClk.o)
 .debug_frame   0x00001080       0x20 c:/program files (x86)/cypress/psoc creator/3.3/psoc creator/import/gnu/arm/4.9.3/bin/../lib/gcc/arm-none-eabi/4.9.3/armv6-m\libgcc.a(_udivsi3.o)
 .debug_frame   0x000010a0       0x2c c:/program files (x86)/cypress/psoc creator/3.3/psoc creator/import/gnu/arm/4.9.3/bin/../lib/gcc/arm-none-eabi/4.9.3/armv6-m\libgcc.a(_fixunsdfsi.o)
 .debug_frame   0x000010cc       0x38 c:/program files (x86)/cypress/psoc creator/3.3/psoc creator/import/gnu/arm/4.9.3/bin/../lib/gcc/arm-none-eabi/4.9.3/armv6-m\libgcc.a(adddf3.o)
 .debug_frame   0x00001104       0x3c c:/program files (x86)/cypress/psoc creator/3.3/psoc creator/import/gnu/arm/4.9.3/bin/../lib/gcc/arm-none-eabi/4.9.3/armv6-m\libgcc.a(subdf3.o)
 .debug_frame   0x00001140       0x2c c:/program files (x86)/cypress/psoc creator/3.3/psoc creator/import/gnu/arm/4.9.3/bin/../lib/gcc/arm-none-eabi/4.9.3/armv6-m\libgcc.a(fixdfsi.o)
 .debug_frame   0x0000116c       0x2c c:/program files (x86)/cypress/psoc creator/3.3/psoc creator/import/gnu/arm/4.9.3/bin/../lib/gcc/arm-none-eabi/4.9.3/armv6-m\libgcc.a(floatsidf.o)
 .debug_frame   0x00001198       0x38 c:/program files (x86)/cypress/psoc creator/3.3/psoc creator/import/gnu/arm/4.9.3/bin/../lib/gcc/arm-none-eabi/4.9.3/armv6-m\libgcc.a(eqdf2.o)
 .debug_frame   0x000011d0       0x38 c:/program files (x86)/cypress/psoc creator/3.3/psoc creator/import/gnu/arm/4.9.3/bin/../lib/gcc/arm-none-eabi/4.9.3/armv6-m\libgcc.a(gedf2.o)
 .debug_frame   0x00001208       0x38 c:/program files (x86)/cypress/psoc creator/3.3/psoc creator/import/gnu/arm/4.9.3/bin/../lib/gcc/arm-none-eabi/4.9.3/armv6-m\libgcc.a(ledf2.o)
 .debug_frame   0x00001240       0x20 c:/program files (x86)/cypress/psoc creator/3.3/psoc creator/import/gnu/arm/4.9.3/bin/../lib/gcc/arm-none-eabi/4.9.3/../../../../arm-none-eabi/lib/armv6-m\libg_nano.a(lib_a-errno.o)
 .debug_frame   0x00001260       0x28 c:/program files (x86)/cypress/psoc creator/3.3/psoc creator/import/gnu/arm/4.9.3/bin/../lib/gcc/arm-none-eabi/4.9.3/../../../../arm-none-eabi/lib/armv6-m\libg_nano.a(lib_a-exit.o)
 .debug_frame   0x00001288       0x2c c:/program files (x86)/cypress/psoc creator/3.3/psoc creator/import/gnu/arm/4.9.3/bin/../lib/gcc/arm-none-eabi/4.9.3/../../../../arm-none-eabi/lib/armv6-m\libg_nano.a(lib_a-init.o)
 .debug_frame   0x000012b4       0x20 c:/program files (x86)/cypress/psoc creator/3.3/psoc creator/import/gnu/arm/4.9.3/bin/../lib/gcc/arm-none-eabi/4.9.3/../../../../arm-none-eabi/lib/armv6-m\libg_nano.a(lib_a-memset.o)

.debug_str      0x00000000     0x179e
 *(.debug_str)
 .debug_str     0x00000000      0x3cf .\CortexM0\ARM_GCC_493\Debug\main.o
                                0x414 (size before relaxing)
 .debug_str     0x000003cf       0x5b .\CortexM0\ARM_GCC_493\Debug\cymetadata.o
                                0x214 (size before relaxing)
 .debug_str     0x0000042a      0x15f .\CortexM0\ARM_GCC_493\Debug\Cm0Start.o
                                0x34b (size before relaxing)
 .debug_str     0x00000589       0x48 .\CortexM0\ARM_GCC_493\Debug\Auto Shut-OFF_SOIC16.a(cyfitter_cfg.o)
                                0x215 (size before relaxing)
 .debug_str     0x000005d1       0xb7 .\CortexM0\ARM_GCC_493\Debug\Auto Shut-OFF_SOIC16.a(PUSH_BUTTON_INPUT.o)
                                0x295 (size before relaxing)
 .debug_str     0x00000688       0x8e .\CortexM0\ARM_GCC_493\Debug\Auto Shut-OFF_SOIC16.a(SUPPLY_ENABLE.o)
                                0x27d (size before relaxing)
 .debug_str     0x00000716      0x3ab .\CortexM0\ARM_GCC_493\Debug\Auto Shut-OFF_SOIC16.a(PWM.o)
                                0x5aa (size before relaxing)
 .debug_str     0x00000ac1       0xd3 .\CortexM0\ARM_GCC_493\Debug\Auto Shut-OFF_SOIC16.a(PWM_CLOCK.o)
                                0x2a9 (size before relaxing)
 .debug_str     0x00000b94      0x10e .\CortexM0\ARM_GCC_493\Debug\Auto Shut-OFF_SOIC16.a(PWM_isr.o)
                                0x340 (size before relaxing)
 .debug_str     0x00000ca2      0x15c .\CortexM0\ARM_GCC_493\Debug\Auto Shut-OFF_SOIC16.a(Push_Button_isr.o)
                                0x3b0 (size before relaxing)
 .debug_str     0x00000dfe       0x62 .\CortexM0\ARM_GCC_493\Debug\Auto Shut-OFF_SOIC16.a(Mode.o)
                                0x247 (size before relaxing)
 .debug_str     0x00000e60       0x52 .\CortexM0\ARM_GCC_493\Debug\Auto Shut-OFF_SOIC16.a(B.o)
                                0x235 (size before relaxing)
 .debug_str     0x00000eb2       0x52 .\CortexM0\ARM_GCC_493\Debug\Auto Shut-OFF_SOIC16.a(G.o)
                                0x235 (size before relaxing)
 .debug_str     0x00000f04       0x52 .\CortexM0\ARM_GCC_493\Debug\Auto Shut-OFF_SOIC16.a(R.o)
                                0x235 (size before relaxing)
 .debug_str     0x00000f56       0x80 .\CortexM0\ARM_GCC_493\Debug\Auto Shut-OFF_SOIC16.a(Time_Bit_0.o)
                                0x26b (size before relaxing)
 .debug_str     0x00000fd6       0x80 .\CortexM0\ARM_GCC_493\Debug\Auto Shut-OFF_SOIC16.a(Time_Bit_1.o)
                                0x26b (size before relaxing)
 .debug_str     0x00001056       0x80 .\CortexM0\ARM_GCC_493\Debug\Auto Shut-OFF_SOIC16.a(Time_Bit_2.o)
                                0x26b (size before relaxing)
 .debug_str     0x000010d6       0x80 .\CortexM0\ARM_GCC_493\Debug\Auto Shut-OFF_SOIC16.a(Time_Bit_3.o)
                                0x26b (size before relaxing)
 .debug_str     0x00001156      0x3f5 .\CortexM0\ARM_GCC_493\Debug\Auto Shut-OFF_SOIC16.a(CyLib.o)
                                0x643 (size before relaxing)
 .debug_str     0x0000154b      0x253 .\CortexM0\ARM_GCC_493\Debug\Auto Shut-OFF_SOIC16.a(CyLFClk.o)
                                0x447 (size before relaxing)

.debug_loc      0x00000000     0x152f
 *(.debug_loc)
 .debug_loc     0x00000000       0x7e .\CortexM0\ARM_GCC_493\Debug\main.o
 .debug_loc     0x0000007e      0x14f .\CortexM0\ARM_GCC_493\Debug\Cm0Start.o
 .debug_loc     0x000001cd       0x81 .\CortexM0\ARM_GCC_493\Debug\Auto Shut-OFF_SOIC16.a(PUSH_BUTTON_INPUT.o)
 .debug_loc     0x0000024e       0x81 .\CortexM0\ARM_GCC_493\Debug\Auto Shut-OFF_SOIC16.a(SUPPLY_ENABLE.o)
 .debug_loc     0x000002cf      0x5b3 .\CortexM0\ARM_GCC_493\Debug\Auto Shut-OFF_SOIC16.a(PWM.o)
 .debug_loc     0x00000882       0x76 .\CortexM0\ARM_GCC_493\Debug\Auto Shut-OFF_SOIC16.a(PWM_CLOCK.o)
 .debug_loc     0x000008f8       0x82 .\CortexM0\ARM_GCC_493\Debug\Auto Shut-OFF_SOIC16.a(PWM_isr.o)
 .debug_loc     0x0000097a       0x82 .\CortexM0\ARM_GCC_493\Debug\Auto Shut-OFF_SOIC16.a(Push_Button_isr.o)
 .debug_loc     0x000009fc       0x81 .\CortexM0\ARM_GCC_493\Debug\Auto Shut-OFF_SOIC16.a(Mode.o)
 .debug_loc     0x00000a7d       0x81 .\CortexM0\ARM_GCC_493\Debug\Auto Shut-OFF_SOIC16.a(B.o)
 .debug_loc     0x00000afe       0x81 .\CortexM0\ARM_GCC_493\Debug\Auto Shut-OFF_SOIC16.a(G.o)
 .debug_loc     0x00000b7f       0x81 .\CortexM0\ARM_GCC_493\Debug\Auto Shut-OFF_SOIC16.a(R.o)
 .debug_loc     0x00000c00       0x81 .\CortexM0\ARM_GCC_493\Debug\Auto Shut-OFF_SOIC16.a(Time_Bit_0.o)
 .debug_loc     0x00000c81       0x81 .\CortexM0\ARM_GCC_493\Debug\Auto Shut-OFF_SOIC16.a(Time_Bit_1.o)
 .debug_loc     0x00000d02       0x81 .\CortexM0\ARM_GCC_493\Debug\Auto Shut-OFF_SOIC16.a(Time_Bit_2.o)
 .debug_loc     0x00000d83       0x60 .\CortexM0\ARM_GCC_493\Debug\Auto Shut-OFF_SOIC16.a(Time_Bit_3.o)
 .debug_loc     0x00000de3      0x4ec .\CortexM0\ARM_GCC_493\Debug\Auto Shut-OFF_SOIC16.a(CyLib.o)
 .debug_loc     0x000012cf      0x260 .\CortexM0\ARM_GCC_493\Debug\Auto Shut-OFF_SOIC16.a(CyLFClk.o)

.debug_macinfo
 *(.debug_macinfo)

.debug_ranges   0x00000000      0x6b0
 *(.debug_ranges)
 .debug_ranges  0x00000000       0x38 .\CortexM0\ARM_GCC_493\Debug\main.o
 .debug_ranges  0x00000038       0x38 .\CortexM0\ARM_GCC_493\Debug\Cm0Start.o
 .debug_ranges  0x00000070       0x18 .\CortexM0\ARM_GCC_493\Debug\Auto Shut-OFF_SOIC16.a(cyfitter_cfg.o)
 .debug_ranges  0x00000088       0x30 .\CortexM0\ARM_GCC_493\Debug\Auto Shut-OFF_SOIC16.a(PUSH_BUTTON_INPUT.o)
 .debug_ranges  0x000000b8       0x30 .\CortexM0\ARM_GCC_493\Debug\Auto Shut-OFF_SOIC16.a(SUPPLY_ENABLE.o)
 .debug_ranges  0x000000e8      0x148 .\CortexM0\ARM_GCC_493\Debug\Auto Shut-OFF_SOIC16.a(PWM.o)
 .debug_ranges  0x00000230       0x30 .\CortexM0\ARM_GCC_493\Debug\Auto Shut-OFF_SOIC16.a(PWM_CLOCK.o)
 .debug_ranges  0x00000260       0x70 .\CortexM0\ARM_GCC_493\Debug\Auto Shut-OFF_SOIC16.a(PWM_isr.o)
 .debug_ranges  0x000002d0       0x70 .\CortexM0\ARM_GCC_493\Debug\Auto Shut-OFF_SOIC16.a(Push_Button_isr.o)
 .debug_ranges  0x00000340       0x30 .\CortexM0\ARM_GCC_493\Debug\Auto Shut-OFF_SOIC16.a(Mode.o)
 .debug_ranges  0x00000370       0x30 .\CortexM0\ARM_GCC_493\Debug\Auto Shut-OFF_SOIC16.a(B.o)
 .debug_ranges  0x000003a0       0x30 .\CortexM0\ARM_GCC_493\Debug\Auto Shut-OFF_SOIC16.a(G.o)
 .debug_ranges  0x000003d0       0x30 .\CortexM0\ARM_GCC_493\Debug\Auto Shut-OFF_SOIC16.a(R.o)
 .debug_ranges  0x00000400       0x30 .\CortexM0\ARM_GCC_493\Debug\Auto Shut-OFF_SOIC16.a(Time_Bit_0.o)
 .debug_ranges  0x00000430       0x30 .\CortexM0\ARM_GCC_493\Debug\Auto Shut-OFF_SOIC16.a(Time_Bit_1.o)
 .debug_ranges  0x00000460       0x30 .\CortexM0\ARM_GCC_493\Debug\Auto Shut-OFF_SOIC16.a(Time_Bit_2.o)
 .debug_ranges  0x00000490       0x30 .\CortexM0\ARM_GCC_493\Debug\Auto Shut-OFF_SOIC16.a(Time_Bit_3.o)
 .debug_ranges  0x000004c0      0x150 .\CortexM0\ARM_GCC_493\Debug\Auto Shut-OFF_SOIC16.a(CyLib.o)
 .debug_ranges  0x00000610       0xa0 .\CortexM0\ARM_GCC_493\Debug\Auto Shut-OFF_SOIC16.a(CyLFClk.o)

.comment        0x00000000       0x70
 .comment       0x00000000       0x70 .\CortexM0\ARM_GCC_493\Debug\main.o
                                 0x71 (size before relaxing)
 .comment       0x00000000       0x71 .\CortexM0\ARM_GCC_493\Debug\cymetadata.o
 .comment       0x00000000       0x71 .\CortexM0\ARM_GCC_493\Debug\Cm0Start.o
 .comment       0x00000000       0x71 .\CortexM0\ARM_GCC_493\Debug\Auto Shut-OFF_SOIC16.a(cyfitter_cfg.o)
 .comment       0x00000000       0x71 .\CortexM0\ARM_GCC_493\Debug\Auto Shut-OFF_SOIC16.a(PUSH_BUTTON_INPUT.o)
 .comment       0x00000000       0x71 .\CortexM0\ARM_GCC_493\Debug\Auto Shut-OFF_SOIC16.a(SUPPLY_ENABLE.o)
 .comment       0x00000000       0x71 .\CortexM0\ARM_GCC_493\Debug\Auto Shut-OFF_SOIC16.a(PWM.o)
 .comment       0x00000000       0x71 .\CortexM0\ARM_GCC_493\Debug\Auto Shut-OFF_SOIC16.a(PWM_CLOCK.o)
 .comment       0x00000000       0x71 .\CortexM0\ARM_GCC_493\Debug\Auto Shut-OFF_SOIC16.a(PWM_isr.o)
 .comment       0x00000000       0x71 .\CortexM0\ARM_GCC_493\Debug\Auto Shut-OFF_SOIC16.a(Push_Button_isr.o)
 .comment       0x00000000       0x71 .\CortexM0\ARM_GCC_493\Debug\Auto Shut-OFF_SOIC16.a(Mode.o)
 .comment       0x00000000       0x71 .\CortexM0\ARM_GCC_493\Debug\Auto Shut-OFF_SOIC16.a(B.o)
 .comment       0x00000000       0x71 .\CortexM0\ARM_GCC_493\Debug\Auto Shut-OFF_SOIC16.a(G.o)
 .comment       0x00000000       0x71 .\CortexM0\ARM_GCC_493\Debug\Auto Shut-OFF_SOIC16.a(R.o)
 .comment       0x00000000       0x71 .\CortexM0\ARM_GCC_493\Debug\Auto Shut-OFF_SOIC16.a(Time_Bit_0.o)
 .comment       0x00000000       0x71 .\CortexM0\ARM_GCC_493\Debug\Auto Shut-OFF_SOIC16.a(Time_Bit_1.o)
 .comment       0x00000000       0x71 .\CortexM0\ARM_GCC_493\Debug\Auto Shut-OFF_SOIC16.a(Time_Bit_2.o)
 .comment       0x00000000       0x71 .\CortexM0\ARM_GCC_493\Debug\Auto Shut-OFF_SOIC16.a(Time_Bit_3.o)
 .comment       0x00000000       0x71 .\CortexM0\ARM_GCC_493\Debug\Auto Shut-OFF_SOIC16.a(CyLib.o)
 .comment       0x00000000       0x71 .\CortexM0\ARM_GCC_493\Debug\Auto Shut-OFF_SOIC16.a(CyLFClk.o)

.debug_weaknames
 *(.debug_weaknames)

.debug_funcnames
 *(.debug_funcnames)

.debug_typenames
 *(.debug_typenames)

.debug_varnames
 *(.debug_varnames)

.note.gnu.arm.ident
 *(.note.gnu.arm.ident)

.ARM.attributes
                0x00000000       0x28
 *(.ARM.attributes)
 .ARM.attributes
                0x00000000       0x1e c:/program files (x86)/cypress/psoc creator/3.3/psoc creator/import/gnu/arm/4.9.3/bin/../lib/gcc/arm-none-eabi/4.9.3/armv6-m/crti.o
 .ARM.attributes
                0x0000001e       0x2c c:/program files (x86)/cypress/psoc creator/3.3/psoc creator/import/gnu/arm/4.9.3/bin/../lib/gcc/arm-none-eabi/4.9.3/armv6-m/crtbegin.o
 .ARM.attributes
                0x0000004a       0x1b c:/program files (x86)/cypress/psoc creator/3.3/psoc creator/import/gnu/arm/4.9.3/bin/../lib/gcc/arm-none-eabi/4.9.3/../../../../arm-none-eabi/lib/armv6-m/crt0.o
 .ARM.attributes
                0x00000065       0x31 .\CortexM0\ARM_GCC_493\Debug\main.o
 .ARM.attributes
                0x00000096       0x31 .\CortexM0\ARM_GCC_493\Debug\cymetadata.o
 .ARM.attributes
                0x000000c7       0x31 .\CortexM0\ARM_GCC_493\Debug\Cm0Start.o
 .ARM.attributes
                0x000000f8       0x31 .\CortexM0\ARM_GCC_493\Debug\Auto Shut-OFF_SOIC16.a(cyfitter_cfg.o)
 .ARM.attributes
                0x00000129       0x31 .\CortexM0\ARM_GCC_493\Debug\Auto Shut-OFF_SOIC16.a(PUSH_BUTTON_INPUT.o)
 .ARM.attributes
                0x0000015a       0x31 .\CortexM0\ARM_GCC_493\Debug\Auto Shut-OFF_SOIC16.a(SUPPLY_ENABLE.o)
 .ARM.attributes
                0x0000018b       0x31 .\CortexM0\ARM_GCC_493\Debug\Auto Shut-OFF_SOIC16.a(PWM.o)
 .ARM.attributes
                0x000001bc       0x31 .\CortexM0\ARM_GCC_493\Debug\Auto Shut-OFF_SOIC16.a(PWM_CLOCK.o)
 .ARM.attributes
                0x000001ed       0x31 .\CortexM0\ARM_GCC_493\Debug\Auto Shut-OFF_SOIC16.a(PWM_isr.o)
 .ARM.attributes
                0x0000021e       0x31 .\CortexM0\ARM_GCC_493\Debug\Auto Shut-OFF_SOIC16.a(Push_Button_isr.o)
 .ARM.attributes
                0x0000024f       0x31 .\CortexM0\ARM_GCC_493\Debug\Auto Shut-OFF_SOIC16.a(Mode.o)
 .ARM.attributes
                0x00000280       0x31 .\CortexM0\ARM_GCC_493\Debug\Auto Shut-OFF_SOIC16.a(B.o)
 .ARM.attributes
                0x000002b1       0x31 .\CortexM0\ARM_GCC_493\Debug\Auto Shut-OFF_SOIC16.a(G.o)
 .ARM.attributes
                0x000002e2       0x31 .\CortexM0\ARM_GCC_493\Debug\Auto Shut-OFF_SOIC16.a(R.o)
 .ARM.attributes
                0x00000313       0x31 .\CortexM0\ARM_GCC_493\Debug\Auto Shut-OFF_SOIC16.a(Time_Bit_0.o)
 .ARM.attributes
                0x00000344       0x31 .\CortexM0\ARM_GCC_493\Debug\Auto Shut-OFF_SOIC16.a(Time_Bit_1.o)
 .ARM.attributes
                0x00000375       0x31 .\CortexM0\ARM_GCC_493\Debug\Auto Shut-OFF_SOIC16.a(Time_Bit_2.o)
 .ARM.attributes
                0x000003a6       0x31 .\CortexM0\ARM_GCC_493\Debug\Auto Shut-OFF_SOIC16.a(Time_Bit_3.o)
 .ARM.attributes
                0x000003d7       0x21 .\CortexM0\ARM_GCC_493\Debug\Auto Shut-OFF_SOIC16.a(CyBootAsmGnu.o)
 .ARM.attributes
                0x000003f8       0x31 .\CortexM0\ARM_GCC_493\Debug\Auto Shut-OFF_SOIC16.a(CyLib.o)
 .ARM.attributes
                0x00000429       0x31 .\CortexM0\ARM_GCC_493\Debug\Auto Shut-OFF_SOIC16.a(CyLFClk.o)
 .ARM.attributes
                0x0000045a       0x1e c:/program files (x86)/cypress/psoc creator/3.3/psoc creator/import/gnu/arm/4.9.3/bin/../lib/gcc/arm-none-eabi/4.9.3/armv6-m\libgcc.a(_udivsi3.o)
 .ARM.attributes
                0x00000478       0x1e c:/program files (x86)/cypress/psoc creator/3.3/psoc creator/import/gnu/arm/4.9.3/bin/../lib/gcc/arm-none-eabi/4.9.3/armv6-m\libgcc.a(_dvmd_tls.o)
 .ARM.attributes
                0x00000496       0x2c c:/program files (x86)/cypress/psoc creator/3.3/psoc creator/import/gnu/arm/4.9.3/bin/../lib/gcc/arm-none-eabi/4.9.3/armv6-m\libgcc.a(_fixunsdfsi.o)
 .ARM.attributes
                0x000004c2       0x2c c:/program files (x86)/cypress/psoc creator/3.3/psoc creator/import/gnu/arm/4.9.3/bin/../lib/gcc/arm-none-eabi/4.9.3/armv6-m\libgcc.a(adddf3.o)
 .ARM.attributes
                0x000004ee       0x2c c:/program files (x86)/cypress/psoc creator/3.3/psoc creator/import/gnu/arm/4.9.3/bin/../lib/gcc/arm-none-eabi/4.9.3/armv6-m\libgcc.a(subdf3.o)
 .ARM.attributes
                0x0000051a       0x2c c:/program files (x86)/cypress/psoc creator/3.3/psoc creator/import/gnu/arm/4.9.3/bin/../lib/gcc/arm-none-eabi/4.9.3/armv6-m\libgcc.a(fixdfsi.o)
 .ARM.attributes
                0x00000546       0x2c c:/program files (x86)/cypress/psoc creator/3.3/psoc creator/import/gnu/arm/4.9.3/bin/../lib/gcc/arm-none-eabi/4.9.3/armv6-m\libgcc.a(floatsidf.o)
 .ARM.attributes
                0x00000572       0x1e c:/program files (x86)/cypress/psoc creator/3.3/psoc creator/import/gnu/arm/4.9.3/bin/../lib/gcc/arm-none-eabi/4.9.3/armv6-m\libgcc.a(_arm_cmpdf2.o)
 .ARM.attributes
                0x00000590       0x1e c:/program files (x86)/cypress/psoc creator/3.3/psoc creator/import/gnu/arm/4.9.3/bin/../lib/gcc/arm-none-eabi/4.9.3/armv6-m\libgcc.a(_clzsi2.o)
 .ARM.attributes
                0x000005ae       0x2c c:/program files (x86)/cypress/psoc creator/3.3/psoc creator/import/gnu/arm/4.9.3/bin/../lib/gcc/arm-none-eabi/4.9.3/armv6-m\libgcc.a(eqdf2.o)
 .ARM.attributes
                0x000005da       0x2c c:/program files (x86)/cypress/psoc creator/3.3/psoc creator/import/gnu/arm/4.9.3/bin/../lib/gcc/arm-none-eabi/4.9.3/armv6-m\libgcc.a(gedf2.o)
 .ARM.attributes
                0x00000606       0x2c c:/program files (x86)/cypress/psoc creator/3.3/psoc creator/import/gnu/arm/4.9.3/bin/../lib/gcc/arm-none-eabi/4.9.3/armv6-m\libgcc.a(ledf2.o)
 .ARM.attributes
                0x00000632       0x2c c:/program files (x86)/cypress/psoc creator/3.3/psoc creator/import/gnu/arm/4.9.3/bin/../lib/gcc/arm-none-eabi/4.9.3/../../../../arm-none-eabi/lib/armv6-m\libg_nano.a(lib_a-errno.o)
 .ARM.attributes
                0x0000065e       0x2c c:/program files (x86)/cypress/psoc creator/3.3/psoc creator/import/gnu/arm/4.9.3/bin/../lib/gcc/arm-none-eabi/4.9.3/../../../../arm-none-eabi/lib/armv6-m\libg_nano.a(lib_a-exit.o)
 .ARM.attributes
                0x0000068a       0x2c c:/program files (x86)/cypress/psoc creator/3.3/psoc creator/import/gnu/arm/4.9.3/bin/../lib/gcc/arm-none-eabi/4.9.3/../../../../arm-none-eabi/lib/armv6-m\libg_nano.a(lib_a-impure.o)
 .ARM.attributes
                0x000006b6       0x2c c:/program files (x86)/cypress/psoc creator/3.3/psoc creator/import/gnu/arm/4.9.3/bin/../lib/gcc/arm-none-eabi/4.9.3/../../../../arm-none-eabi/lib/armv6-m\libg_nano.a(lib_a-init.o)
 .ARM.attributes
                0x000006e2       0x2c c:/program files (x86)/cypress/psoc creator/3.3/psoc creator/import/gnu/arm/4.9.3/bin/../lib/gcc/arm-none-eabi/4.9.3/../../../../arm-none-eabi/lib/armv6-m\libg_nano.a(lib_a-memset.o)
 .ARM.attributes
                0x0000070e       0x2c c:/program files (x86)/cypress/psoc creator/3.3/psoc creator/import/gnu/arm/4.9.3/bin/../lib/gcc/arm-none-eabi/4.9.3/armv6-m/crtend.o
 .ARM.attributes
                0x0000073a       0x1e c:/program files (x86)/cypress/psoc creator/3.3/psoc creator/import/gnu/arm/4.9.3/bin/../lib/gcc/arm-none-eabi/4.9.3/armv6-m/crtn.o

/DISCARD/
 *(.note.GNU-stack)
OUTPUT(.\CortexM0\ARM_GCC_493\Debug\Auto Shut-OFF_SOIC16.elf elf32-littlearm)
