ARM GAS  C:\Users\SPITFI~1\AppData\Local\Temp\ccKqXJ9k.s 			page 1


   1              		.cpu cortex-m0
   2              		.fpu softvfp
   3              		.eabi_attribute 20, 1
   4              		.eabi_attribute 21, 1
   5              		.eabi_attribute 23, 3
   6              		.eabi_attribute 24, 1
   7              		.eabi_attribute 25, 1
   8              		.eabi_attribute 26, 1
   9              		.eabi_attribute 30, 1
  10              		.eabi_attribute 34, 0
  11              		.eabi_attribute 18, 4
  12              		.code	16
  13              		.file	"cyfitter_cfg.c"
  14              		.text
  15              	.Ltext0:
  16              		.cfi_sections	.debug_frame
  17              		.section	.psocinit,"ax",%progbits
  18              		.align	2
  19              		.code	16
  20              		.thumb_func
  21              		.type	ClockSetup, %function
  22              	ClockSetup:
  23              	.LFB3:
  24              		.file 1 ".\\Generated_Source\\PSoC4\\cyfitter_cfg.c"
   1:.\Generated_Source\PSoC4/cyfitter_cfg.c **** /*******************************************************************************
   2:.\Generated_Source\PSoC4/cyfitter_cfg.c **** * File Name: cyfitter_cfg.c
   3:.\Generated_Source\PSoC4/cyfitter_cfg.c **** * 
   4:.\Generated_Source\PSoC4/cyfitter_cfg.c **** * PSoC Creator  3.3 CP3
   5:.\Generated_Source\PSoC4/cyfitter_cfg.c **** *
   6:.\Generated_Source\PSoC4/cyfitter_cfg.c **** * Description:
   7:.\Generated_Source\PSoC4/cyfitter_cfg.c **** * This file contains device initialization code.
   8:.\Generated_Source\PSoC4/cyfitter_cfg.c **** * Except for the user defined sections in CyClockStartupError(), this file should not be modified.
   9:.\Generated_Source\PSoC4/cyfitter_cfg.c **** * This file is automatically generated by PSoC Creator.
  10:.\Generated_Source\PSoC4/cyfitter_cfg.c **** *
  11:.\Generated_Source\PSoC4/cyfitter_cfg.c **** ********************************************************************************
  12:.\Generated_Source\PSoC4/cyfitter_cfg.c **** * Copyright (c) 2007-2016 Cypress Semiconductor.  All rights reserved.
  13:.\Generated_Source\PSoC4/cyfitter_cfg.c **** * You may use this file only in accordance with the license, terms, conditions, 
  14:.\Generated_Source\PSoC4/cyfitter_cfg.c **** * disclaimers, and limitations in the end user license agreement accompanying 
  15:.\Generated_Source\PSoC4/cyfitter_cfg.c **** * the software package with which this file was provided.
  16:.\Generated_Source\PSoC4/cyfitter_cfg.c **** ********************************************************************************/
  17:.\Generated_Source\PSoC4/cyfitter_cfg.c **** 
  18:.\Generated_Source\PSoC4/cyfitter_cfg.c **** #include <string.h>
  19:.\Generated_Source\PSoC4/cyfitter_cfg.c **** #include "cytypes.h"
  20:.\Generated_Source\PSoC4/cyfitter_cfg.c **** #include "cydevice_trm.h"
  21:.\Generated_Source\PSoC4/cyfitter_cfg.c **** #include "cyfitter.h"
  22:.\Generated_Source\PSoC4/cyfitter_cfg.c **** #include "CyLib.h"
  23:.\Generated_Source\PSoC4/cyfitter_cfg.c **** #include "cyfitter_cfg.h"
  24:.\Generated_Source\PSoC4/cyfitter_cfg.c **** 
  25:.\Generated_Source\PSoC4/cyfitter_cfg.c **** 
  26:.\Generated_Source\PSoC4/cyfitter_cfg.c **** #if defined(__GNUC__) || defined(__ARMCC_VERSION)
  27:.\Generated_Source\PSoC4/cyfitter_cfg.c ****     #define CYPACKED 
  28:.\Generated_Source\PSoC4/cyfitter_cfg.c ****     #define CYPACKED_ATTR __attribute__ ((packed))
  29:.\Generated_Source\PSoC4/cyfitter_cfg.c ****     #define CYALIGNED __attribute__ ((aligned))
  30:.\Generated_Source\PSoC4/cyfitter_cfg.c ****     #define CY_CFG_UNUSED __attribute__ ((unused))
  31:.\Generated_Source\PSoC4/cyfitter_cfg.c ****     #ifndef CY_CFG_SECTION
  32:.\Generated_Source\PSoC4/cyfitter_cfg.c ****         #define CY_CFG_SECTION __attribute__ ((section(".psocinit")))
  33:.\Generated_Source\PSoC4/cyfitter_cfg.c ****     #endif
ARM GAS  C:\Users\SPITFI~1\AppData\Local\Temp\ccKqXJ9k.s 			page 2


  34:.\Generated_Source\PSoC4/cyfitter_cfg.c ****     
  35:.\Generated_Source\PSoC4/cyfitter_cfg.c ****     #if defined(__ARMCC_VERSION)
  36:.\Generated_Source\PSoC4/cyfitter_cfg.c ****         #define CY_CFG_MEMORY_BARRIER() __memory_changed()
  37:.\Generated_Source\PSoC4/cyfitter_cfg.c ****     #else
  38:.\Generated_Source\PSoC4/cyfitter_cfg.c ****         #define CY_CFG_MEMORY_BARRIER() __sync_synchronize()
  39:.\Generated_Source\PSoC4/cyfitter_cfg.c ****     #endif
  40:.\Generated_Source\PSoC4/cyfitter_cfg.c ****     
  41:.\Generated_Source\PSoC4/cyfitter_cfg.c **** #elif defined(__ICCARM__)
  42:.\Generated_Source\PSoC4/cyfitter_cfg.c ****     #include <intrinsics.h>
  43:.\Generated_Source\PSoC4/cyfitter_cfg.c **** 
  44:.\Generated_Source\PSoC4/cyfitter_cfg.c ****     #define CYPACKED __packed
  45:.\Generated_Source\PSoC4/cyfitter_cfg.c ****     #define CYPACKED_ATTR 
  46:.\Generated_Source\PSoC4/cyfitter_cfg.c ****     #define CYALIGNED _Pragma("data_alignment=4")
  47:.\Generated_Source\PSoC4/cyfitter_cfg.c ****     #define CY_CFG_UNUSED _Pragma("diag_suppress=Pe177")
  48:.\Generated_Source\PSoC4/cyfitter_cfg.c ****     #define CY_CFG_SECTION _Pragma("location=\".psocinit\"")
  49:.\Generated_Source\PSoC4/cyfitter_cfg.c ****     
  50:.\Generated_Source\PSoC4/cyfitter_cfg.c ****     #define CY_CFG_MEMORY_BARRIER() __DMB()
  51:.\Generated_Source\PSoC4/cyfitter_cfg.c ****     
  52:.\Generated_Source\PSoC4/cyfitter_cfg.c **** #else
  53:.\Generated_Source\PSoC4/cyfitter_cfg.c ****     #error Unsupported toolchain
  54:.\Generated_Source\PSoC4/cyfitter_cfg.c **** #endif
  55:.\Generated_Source\PSoC4/cyfitter_cfg.c **** 
  56:.\Generated_Source\PSoC4/cyfitter_cfg.c **** 
  57:.\Generated_Source\PSoC4/cyfitter_cfg.c **** CY_CFG_UNUSED
  58:.\Generated_Source\PSoC4/cyfitter_cfg.c **** static void CYMEMZERO(void *s, size_t n);
  59:.\Generated_Source\PSoC4/cyfitter_cfg.c **** CY_CFG_UNUSED
  60:.\Generated_Source\PSoC4/cyfitter_cfg.c **** static void CYMEMZERO(void *s, size_t n)
  61:.\Generated_Source\PSoC4/cyfitter_cfg.c **** {
  62:.\Generated_Source\PSoC4/cyfitter_cfg.c **** 	(void)memset(s, 0, n);
  63:.\Generated_Source\PSoC4/cyfitter_cfg.c **** }
  64:.\Generated_Source\PSoC4/cyfitter_cfg.c **** CY_CFG_UNUSED
  65:.\Generated_Source\PSoC4/cyfitter_cfg.c **** static void CYCONFIGCPY(void *dest, const void *src, size_t n);
  66:.\Generated_Source\PSoC4/cyfitter_cfg.c **** CY_CFG_UNUSED
  67:.\Generated_Source\PSoC4/cyfitter_cfg.c **** static void CYCONFIGCPY(void *dest, const void *src, size_t n)
  68:.\Generated_Source\PSoC4/cyfitter_cfg.c **** {
  69:.\Generated_Source\PSoC4/cyfitter_cfg.c **** 	(void)memcpy(dest, src, n);
  70:.\Generated_Source\PSoC4/cyfitter_cfg.c **** }
  71:.\Generated_Source\PSoC4/cyfitter_cfg.c **** CY_CFG_UNUSED
  72:.\Generated_Source\PSoC4/cyfitter_cfg.c **** static void CYCONFIGCPYCODE(void *dest, const void *src, size_t n);
  73:.\Generated_Source\PSoC4/cyfitter_cfg.c **** CY_CFG_UNUSED
  74:.\Generated_Source\PSoC4/cyfitter_cfg.c **** static void CYCONFIGCPYCODE(void *dest, const void *src, size_t n)
  75:.\Generated_Source\PSoC4/cyfitter_cfg.c **** {
  76:.\Generated_Source\PSoC4/cyfitter_cfg.c **** 	(void)memcpy(dest, src, n);
  77:.\Generated_Source\PSoC4/cyfitter_cfg.c **** }
  78:.\Generated_Source\PSoC4/cyfitter_cfg.c **** 
  79:.\Generated_Source\PSoC4/cyfitter_cfg.c **** 
  80:.\Generated_Source\PSoC4/cyfitter_cfg.c **** 
  81:.\Generated_Source\PSoC4/cyfitter_cfg.c **** /* Clock startup error codes                                                   */
  82:.\Generated_Source\PSoC4/cyfitter_cfg.c **** #define CYCLOCKSTART_NO_ERROR    0u
  83:.\Generated_Source\PSoC4/cyfitter_cfg.c **** #define CYCLOCKSTART_XTAL_ERROR  1u
  84:.\Generated_Source\PSoC4/cyfitter_cfg.c **** #define CYCLOCKSTART_32KHZ_ERROR 2u
  85:.\Generated_Source\PSoC4/cyfitter_cfg.c **** #define CYCLOCKSTART_PLL_ERROR   3u
  86:.\Generated_Source\PSoC4/cyfitter_cfg.c **** 
  87:.\Generated_Source\PSoC4/cyfitter_cfg.c **** #ifdef CY_NEED_CYCLOCKSTARTUPERROR
  88:.\Generated_Source\PSoC4/cyfitter_cfg.c **** /*******************************************************************************
  89:.\Generated_Source\PSoC4/cyfitter_cfg.c **** * Function Name: CyClockStartupError
  90:.\Generated_Source\PSoC4/cyfitter_cfg.c **** ********************************************************************************
ARM GAS  C:\Users\SPITFI~1\AppData\Local\Temp\ccKqXJ9k.s 			page 3


  91:.\Generated_Source\PSoC4/cyfitter_cfg.c **** * Summary:
  92:.\Generated_Source\PSoC4/cyfitter_cfg.c **** *  If an error is encountered during clock configuration (crystal startup error,
  93:.\Generated_Source\PSoC4/cyfitter_cfg.c **** *  PLL lock error, etc.), the system will end up here.  Unless reimplemented by
  94:.\Generated_Source\PSoC4/cyfitter_cfg.c **** *  the customer, this function will stop in an infinite loop.
  95:.\Generated_Source\PSoC4/cyfitter_cfg.c **** *
  96:.\Generated_Source\PSoC4/cyfitter_cfg.c **** * Parameters:
  97:.\Generated_Source\PSoC4/cyfitter_cfg.c **** *   void
  98:.\Generated_Source\PSoC4/cyfitter_cfg.c **** *
  99:.\Generated_Source\PSoC4/cyfitter_cfg.c **** * Return:
 100:.\Generated_Source\PSoC4/cyfitter_cfg.c **** *   void
 101:.\Generated_Source\PSoC4/cyfitter_cfg.c **** *
 102:.\Generated_Source\PSoC4/cyfitter_cfg.c **** *******************************************************************************/
 103:.\Generated_Source\PSoC4/cyfitter_cfg.c **** CY_CFG_UNUSED
 104:.\Generated_Source\PSoC4/cyfitter_cfg.c **** static void CyClockStartupError(uint8 errorCode);
 105:.\Generated_Source\PSoC4/cyfitter_cfg.c **** CY_CFG_UNUSED
 106:.\Generated_Source\PSoC4/cyfitter_cfg.c **** static void CyClockStartupError(uint8 errorCode)
 107:.\Generated_Source\PSoC4/cyfitter_cfg.c **** {
 108:.\Generated_Source\PSoC4/cyfitter_cfg.c ****     /* To remove the compiler warning if errorCode not used.                */
 109:.\Generated_Source\PSoC4/cyfitter_cfg.c ****     errorCode = errorCode;
 110:.\Generated_Source\PSoC4/cyfitter_cfg.c **** 
 111:.\Generated_Source\PSoC4/cyfitter_cfg.c ****     /* `#START CyClockStartupError` */
 112:.\Generated_Source\PSoC4/cyfitter_cfg.c **** 
 113:.\Generated_Source\PSoC4/cyfitter_cfg.c ****     /* If we have a clock startup error (bad MHz crystal, PLL lock, etc.),  */
 114:.\Generated_Source\PSoC4/cyfitter_cfg.c ****     /* we will end up here to allow the customer to implement something to  */
 115:.\Generated_Source\PSoC4/cyfitter_cfg.c ****     /* deal with the clock condition.                                       */
 116:.\Generated_Source\PSoC4/cyfitter_cfg.c **** 
 117:.\Generated_Source\PSoC4/cyfitter_cfg.c ****     /* `#END` */
 118:.\Generated_Source\PSoC4/cyfitter_cfg.c **** 
 119:.\Generated_Source\PSoC4/cyfitter_cfg.c ****     /* If nothing else, stop here since the clocks have not started         */
 120:.\Generated_Source\PSoC4/cyfitter_cfg.c ****     /* correctly.                                                           */
 121:.\Generated_Source\PSoC4/cyfitter_cfg.c ****     while(1) {}
 122:.\Generated_Source\PSoC4/cyfitter_cfg.c **** }
 123:.\Generated_Source\PSoC4/cyfitter_cfg.c **** #endif
 124:.\Generated_Source\PSoC4/cyfitter_cfg.c **** 
 125:.\Generated_Source\PSoC4/cyfitter_cfg.c **** 
 126:.\Generated_Source\PSoC4/cyfitter_cfg.c **** 
 127:.\Generated_Source\PSoC4/cyfitter_cfg.c **** /*******************************************************************************
 128:.\Generated_Source\PSoC4/cyfitter_cfg.c **** * Function Name: ClockSetup
 129:.\Generated_Source\PSoC4/cyfitter_cfg.c **** ********************************************************************************
 130:.\Generated_Source\PSoC4/cyfitter_cfg.c **** *
 131:.\Generated_Source\PSoC4/cyfitter_cfg.c **** * Summary:
 132:.\Generated_Source\PSoC4/cyfitter_cfg.c **** *   Performs the initialization of all of the clocks in the device based on the
 133:.\Generated_Source\PSoC4/cyfitter_cfg.c **** *   settings in the Clock tab of the DWR.  This includes enabling the requested
 134:.\Generated_Source\PSoC4/cyfitter_cfg.c **** *   clocks and setting the necessary dividers to produce the desired frequency. 
 135:.\Generated_Source\PSoC4/cyfitter_cfg.c **** *
 136:.\Generated_Source\PSoC4/cyfitter_cfg.c **** * Parameters:
 137:.\Generated_Source\PSoC4/cyfitter_cfg.c **** *   void
 138:.\Generated_Source\PSoC4/cyfitter_cfg.c **** *
 139:.\Generated_Source\PSoC4/cyfitter_cfg.c **** * Return:
 140:.\Generated_Source\PSoC4/cyfitter_cfg.c **** *   void
 141:.\Generated_Source\PSoC4/cyfitter_cfg.c **** *
 142:.\Generated_Source\PSoC4/cyfitter_cfg.c **** *******************************************************************************/
 143:.\Generated_Source\PSoC4/cyfitter_cfg.c **** static void ClockSetup(void);
 144:.\Generated_Source\PSoC4/cyfitter_cfg.c **** CY_CFG_SECTION
 145:.\Generated_Source\PSoC4/cyfitter_cfg.c **** static void ClockSetup(void)
 146:.\Generated_Source\PSoC4/cyfitter_cfg.c **** {
  25              		.loc 1 146 0
ARM GAS  C:\Users\SPITFI~1\AppData\Local\Temp\ccKqXJ9k.s 			page 4


  26              		.cfi_startproc
  27 0000 10B5     		push	{r4, lr}
  28              		.cfi_def_cfa_offset 8
  29              		.cfi_offset 4, -8
  30              		.cfi_offset 14, -4
 147:.\Generated_Source\PSoC4/cyfitter_cfg.c **** 
 148:.\Generated_Source\PSoC4/cyfitter_cfg.c **** 	/* Set Flash Cycles based on max possible frequency in case a glitch occurs during ClockSetup(). *
 149:.\Generated_Source\PSoC4/cyfitter_cfg.c **** 	CY_SET_REG32((void CYXDATA *)(CYREG_CPUSS_FLASH_CTL), (0x0011u));
  31              		.loc 1 149 0
  32 0002 0E4C     		ldr	r4, .L2
  33 0004 1123     		mov	r3, #17
  34 0006 2360     		str	r3, [r4]
 150:.\Generated_Source\PSoC4/cyfitter_cfg.c **** 	/* Update IMO to new clock speed. */
 151:.\Generated_Source\PSoC4/cyfitter_cfg.c **** 	CySysClkWriteImoFreq(24u);
  35              		.loc 1 151 0
  36 0008 1820     		mov	r0, #24
  37 000a FFF7FEFF 		bl	CySysClkWriteImoFreq
  38              	.LVL0:
 152:.\Generated_Source\PSoC4/cyfitter_cfg.c **** 
 153:.\Generated_Source\PSoC4/cyfitter_cfg.c **** 	/* Setup phase aligned clocks */
 154:.\Generated_Source\PSoC4/cyfitter_cfg.c **** 	CY_SET_REG32((void *)CYREG_PERI_DIV_16_CTL0, 0x00000000u);
  39              		.loc 1 154 0
  40 000e 0023     		mov	r3, #0
  41 0010 0B4A     		ldr	r2, .L2+4
  42 0012 1360     		str	r3, [r2]
 155:.\Generated_Source\PSoC4/cyfitter_cfg.c **** 	CY_SET_REG32((void *)CYREG_PERI_DIV_CMD, 0x8000FF40u);
  43              		.loc 1 155 0
  44 0014 0B4A     		ldr	r2, .L2+8
  45 0016 0C49     		ldr	r1, .L2+12
  46 0018 1160     		str	r1, [r2]
 156:.\Generated_Source\PSoC4/cyfitter_cfg.c **** 	CY_SET_REG32((void *)CYREG_PERI_DIV_16_CTL1, 0x00000600u);
  47              		.loc 1 156 0
  48 001a C020     		mov	r0, #192
  49 001c C000     		lsl	r0, r0, #3
  50 001e 0B49     		ldr	r1, .L2+16
  51 0020 0860     		str	r0, [r1]
 157:.\Generated_Source\PSoC4/cyfitter_cfg.c **** 	CY_SET_REG32((void *)CYREG_PERI_DIV_CMD, 0x8000FF41u);
  52              		.loc 1 157 0
  53 0022 0B49     		ldr	r1, .L2+20
  54 0024 1160     		str	r1, [r2]
 158:.\Generated_Source\PSoC4/cyfitter_cfg.c **** 
 159:.\Generated_Source\PSoC4/cyfitter_cfg.c **** 	/* CYDEV_CLK_SELECT Starting address: CYDEV_CLK_SELECT */
 160:.\Generated_Source\PSoC4/cyfitter_cfg.c **** 	CY_SET_XTND_REG32((void CYFAR *)(CYREG_CLK_SELECT), 0x00000004u);
  55              		.loc 1 160 0
  56 0026 0421     		mov	r1, #4
  57 0028 0A4A     		ldr	r2, .L2+24
  58 002a 1160     		str	r1, [r2]
 161:.\Generated_Source\PSoC4/cyfitter_cfg.c **** 
 162:.\Generated_Source\PSoC4/cyfitter_cfg.c **** 	/* CYDEV_PERI_PCLK_CTL3 Starting address: CYDEV_PERI_PCLK_CTL3 */
 163:.\Generated_Source\PSoC4/cyfitter_cfg.c **** 	CY_SET_XTND_REG32((void CYFAR *)(CYREG_PERI_PCLK_CTL3), 0x00000040u);
  59              		.loc 1 163 0
  60 002c 3C31     		add	r1, r1, #60
  61 002e 0A4A     		ldr	r2, .L2+28
  62 0030 1160     		str	r1, [r2]
 164:.\Generated_Source\PSoC4/cyfitter_cfg.c **** 
 165:.\Generated_Source\PSoC4/cyfitter_cfg.c **** 	/* CYDEV_PERI_PCLK_CTL0 Starting address: CYDEV_PERI_PCLK_CTL0 */
 166:.\Generated_Source\PSoC4/cyfitter_cfg.c **** 	CY_SET_XTND_REG32((void CYFAR *)(CYREG_PERI_PCLK_CTL0), 0x00000041u);
ARM GAS  C:\Users\SPITFI~1\AppData\Local\Temp\ccKqXJ9k.s 			page 5


  63              		.loc 1 166 0
  64 0032 0131     		add	r1, r1, #1
  65 0034 094A     		ldr	r2, .L2+32
  66 0036 1160     		str	r1, [r2]
 167:.\Generated_Source\PSoC4/cyfitter_cfg.c **** 
 168:.\Generated_Source\PSoC4/cyfitter_cfg.c **** 	/* Set Flash Cycles based on newly configured 12.00MHz HFCLK. */
 169:.\Generated_Source\PSoC4/cyfitter_cfg.c **** 	CY_SET_REG32((void CYXDATA *)(CYREG_CPUSS_FLASH_CTL), (0x0000u));
  67              		.loc 1 169 0
  68 0038 2360     		str	r3, [r4]
 170:.\Generated_Source\PSoC4/cyfitter_cfg.c **** }
  69              		.loc 1 170 0
  70              		@ sp needed
  71 003a 10BD     		pop	{r4, pc}
  72              	.L3:
  73              		.align	2
  74              	.L2:
  75 003c 30001040 		.word	1074790448
  76 0040 00030140 		.word	1073808128
  77 0044 00000140 		.word	1073807360
  78 0048 40FF0080 		.word	-2147418304
  79 004c 04030140 		.word	1073808132
  80 0050 41FF0080 		.word	-2147418303
  81 0054 28000340 		.word	1073938472
  82 0058 0C010140 		.word	1073807628
  83 005c 00010140 		.word	1073807616
  84              		.cfi_endproc
  85              	.LFE3:
  86              		.size	ClockSetup, .-ClockSetup
  87              		.align	2
  88              		.global	cyfitter_cfg
  89              		.code	16
  90              		.thumb_func
  91              		.type	cyfitter_cfg, %function
  92              	cyfitter_cfg:
  93              	.LFB5:
 171:.\Generated_Source\PSoC4/cyfitter_cfg.c **** 
 172:.\Generated_Source\PSoC4/cyfitter_cfg.c **** 
 173:.\Generated_Source\PSoC4/cyfitter_cfg.c **** /* Analog API Functions */
 174:.\Generated_Source\PSoC4/cyfitter_cfg.c **** 
 175:.\Generated_Source\PSoC4/cyfitter_cfg.c **** 
 176:.\Generated_Source\PSoC4/cyfitter_cfg.c **** /*******************************************************************************
 177:.\Generated_Source\PSoC4/cyfitter_cfg.c **** * Function Name: AnalogSetDefault
 178:.\Generated_Source\PSoC4/cyfitter_cfg.c **** ********************************************************************************
 179:.\Generated_Source\PSoC4/cyfitter_cfg.c **** *
 180:.\Generated_Source\PSoC4/cyfitter_cfg.c **** * Summary:
 181:.\Generated_Source\PSoC4/cyfitter_cfg.c **** *  Sets up the analog portions of the chip to default values based on chip
 182:.\Generated_Source\PSoC4/cyfitter_cfg.c **** *  configuration options from the project.
 183:.\Generated_Source\PSoC4/cyfitter_cfg.c **** *
 184:.\Generated_Source\PSoC4/cyfitter_cfg.c **** * Parameters:
 185:.\Generated_Source\PSoC4/cyfitter_cfg.c **** *  void
 186:.\Generated_Source\PSoC4/cyfitter_cfg.c **** *
 187:.\Generated_Source\PSoC4/cyfitter_cfg.c **** * Return:
 188:.\Generated_Source\PSoC4/cyfitter_cfg.c **** *  void
 189:.\Generated_Source\PSoC4/cyfitter_cfg.c **** *
 190:.\Generated_Source\PSoC4/cyfitter_cfg.c **** *******************************************************************************/
 191:.\Generated_Source\PSoC4/cyfitter_cfg.c **** static void AnalogSetDefault(void);
 192:.\Generated_Source\PSoC4/cyfitter_cfg.c **** static void AnalogSetDefault(void)
ARM GAS  C:\Users\SPITFI~1\AppData\Local\Temp\ccKqXJ9k.s 			page 6


 193:.\Generated_Source\PSoC4/cyfitter_cfg.c **** {
 194:.\Generated_Source\PSoC4/cyfitter_cfg.c **** }
 195:.\Generated_Source\PSoC4/cyfitter_cfg.c **** 
 196:.\Generated_Source\PSoC4/cyfitter_cfg.c **** #define CY_AMUX_UNUSED CYREG_CM0_ROM_DWT
 197:.\Generated_Source\PSoC4/cyfitter_cfg.c **** 
 198:.\Generated_Source\PSoC4/cyfitter_cfg.c **** 
 199:.\Generated_Source\PSoC4/cyfitter_cfg.c **** /*******************************************************************************
 200:.\Generated_Source\PSoC4/cyfitter_cfg.c **** * Function Name: cyfitter_cfg
 201:.\Generated_Source\PSoC4/cyfitter_cfg.c **** ********************************************************************************
 202:.\Generated_Source\PSoC4/cyfitter_cfg.c **** * Summary:
 203:.\Generated_Source\PSoC4/cyfitter_cfg.c **** *  This function is called by the start-up code for the selected device. It
 204:.\Generated_Source\PSoC4/cyfitter_cfg.c **** *  performs all of the necessary device configuration based on the design
 205:.\Generated_Source\PSoC4/cyfitter_cfg.c **** *  settings.  This includes settings from the Design Wide Resources (DWR) such
 206:.\Generated_Source\PSoC4/cyfitter_cfg.c **** *  as Clocks and Pins as well as any component configuration that is necessary.
 207:.\Generated_Source\PSoC4/cyfitter_cfg.c **** *
 208:.\Generated_Source\PSoC4/cyfitter_cfg.c **** * Parameters:  
 209:.\Generated_Source\PSoC4/cyfitter_cfg.c **** *   void
 210:.\Generated_Source\PSoC4/cyfitter_cfg.c **** *
 211:.\Generated_Source\PSoC4/cyfitter_cfg.c **** * Return:
 212:.\Generated_Source\PSoC4/cyfitter_cfg.c **** *   void
 213:.\Generated_Source\PSoC4/cyfitter_cfg.c **** *
 214:.\Generated_Source\PSoC4/cyfitter_cfg.c **** *******************************************************************************/
 215:.\Generated_Source\PSoC4/cyfitter_cfg.c **** CY_CFG_SECTION
 216:.\Generated_Source\PSoC4/cyfitter_cfg.c **** void cyfitter_cfg(void)
 217:.\Generated_Source\PSoC4/cyfitter_cfg.c **** {
  94              		.loc 1 217 0
  95              		.cfi_startproc
  96 0060 08B5     		push	{r3, lr}
  97              		.cfi_def_cfa_offset 8
  98              		.cfi_offset 3, -8
  99              		.cfi_offset 14, -4
 218:.\Generated_Source\PSoC4/cyfitter_cfg.c **** 	/* Disable interrupts by default. Let user enable if/when they want. */
 219:.\Generated_Source\PSoC4/cyfitter_cfg.c **** 	CyGlobalIntDisable;
 100              		.loc 1 219 0
 101              	@ 219 ".\Generated_Source\PSoC4\cyfitter_cfg.c" 1
 102 0062 72B6     		CPSID   i
 103              	@ 0 "" 2
 220:.\Generated_Source\PSoC4/cyfitter_cfg.c **** 
 221:.\Generated_Source\PSoC4/cyfitter_cfg.c **** 	{
 222:.\Generated_Source\PSoC4/cyfitter_cfg.c **** 		/* HSIOM Starting address: CYDEV_HSIOM_BASE */
 223:.\Generated_Source\PSoC4/cyfitter_cfg.c **** 		CY_SET_XTND_REG32((void CYFAR *)(CYREG_HSIOM_PORT_SEL1), 0x00000090u);
 104              		.loc 1 223 0
 105              		.code	16
 106 0064 9022     		mov	r2, #144
 107 0066 0F4B     		ldr	r3, .L5
 108 0068 1A60     		str	r2, [r3]
 224:.\Generated_Source\PSoC4/cyfitter_cfg.c **** 		CY_SET_XTND_REG32((void CYFAR *)(CYREG_HSIOM_PORT_SEL3), 0x000000EEu);
 109              		.loc 1 224 0
 110 006a 5E32     		add	r2, r2, #94
 111 006c 0E4B     		ldr	r3, .L5+4
 112 006e 1A60     		str	r2, [r3]
 225:.\Generated_Source\PSoC4/cyfitter_cfg.c **** 
 226:.\Generated_Source\PSoC4/cyfitter_cfg.c **** 	}
 227:.\Generated_Source\PSoC4/cyfitter_cfg.c **** 
 228:.\Generated_Source\PSoC4/cyfitter_cfg.c **** 	/* Perform second pass device configuration. These items must be configured in specific order afte
 229:.\Generated_Source\PSoC4/cyfitter_cfg.c **** 	/* IOPINS0_0 Starting address: CYDEV_GPIO_PRT0_BASE */
 230:.\Generated_Source\PSoC4/cyfitter_cfg.c **** 	CY_SET_XTND_REG32((void CYFAR *)(CYDEV_GPIO_PRT0_BASE), 0x00000004u);
ARM GAS  C:\Users\SPITFI~1\AppData\Local\Temp\ccKqXJ9k.s 			page 7


 113              		.loc 1 230 0
 114 0070 EA3A     		sub	r2, r2, #234
 115 0072 0E4B     		ldr	r3, .L5+8
 116 0074 1A60     		str	r2, [r3]
 231:.\Generated_Source\PSoC4/cyfitter_cfg.c **** 	CY_SET_XTND_REG32((void CYFAR *)(CYREG_GPIO_PRT0_PC), 0x0019E098u);
 117              		.loc 1 231 0
 118 0076 0E4A     		ldr	r2, .L5+12
 119 0078 0E4B     		ldr	r3, .L5+16
 120 007a 1A60     		str	r2, [r3]
 232:.\Generated_Source\PSoC4/cyfitter_cfg.c **** 	CY_SET_XTND_REG32((void CYFAR *)(CYREG_GPIO_PRT0_INTR_CFG), 0x00000030u);
 121              		.loc 1 232 0
 122 007c 3022     		mov	r2, #48
 123 007e 0E4B     		ldr	r3, .L5+20
 124 0080 1A60     		str	r2, [r3]
 233:.\Generated_Source\PSoC4/cyfitter_cfg.c **** 
 234:.\Generated_Source\PSoC4/cyfitter_cfg.c **** 	/* IOPINS0_1 Starting address: CYDEV_GPIO_PRT1_BASE */
 235:.\Generated_Source\PSoC4/cyfitter_cfg.c **** 	CY_SET_XTND_REG32((void CYFAR *)(CYDEV_GPIO_PRT1_BASE), 0x00000002u);
 125              		.loc 1 235 0
 126 0082 2E3A     		sub	r2, r2, #46
 127 0084 0D4B     		ldr	r3, .L5+24
 128 0086 1A60     		str	r2, [r3]
 236:.\Generated_Source\PSoC4/cyfitter_cfg.c **** 	CY_SET_XTND_REG32((void CYFAR *)(CYREG_GPIO_PRT1_PC), 0x006C0DB0u);
 129              		.loc 1 236 0
 130 0088 0D4A     		ldr	r2, .L5+28
 131 008a 0E4B     		ldr	r3, .L5+32
 132 008c 1A60     		str	r2, [r3]
 237:.\Generated_Source\PSoC4/cyfitter_cfg.c **** 
 238:.\Generated_Source\PSoC4/cyfitter_cfg.c **** 	/* IOPINS0_2 Starting address: CYDEV_GPIO_PRT2_BASE */
 239:.\Generated_Source\PSoC4/cyfitter_cfg.c **** 	CY_SET_XTND_REG32((void CYFAR *)(CYREG_GPIO_PRT2_PC), 0x00000003u);
 133              		.loc 1 239 0
 134 008e 0323     		mov	r3, #3
 135 0090 0D4A     		ldr	r2, .L5+36
 136 0092 1360     		str	r3, [r2]
 240:.\Generated_Source\PSoC4/cyfitter_cfg.c **** 
 241:.\Generated_Source\PSoC4/cyfitter_cfg.c **** 	/* IOPINS0_3 Starting address: CYDEV_GPIO_PRT3_BASE */
 242:.\Generated_Source\PSoC4/cyfitter_cfg.c **** 	CY_SET_XTND_REG32((void CYFAR *)(CYDEV_GPIO_PRT3_BASE), 0x00000003u);
 137              		.loc 1 242 0
 138 0094 0D4A     		ldr	r2, .L5+40
 139 0096 1360     		str	r3, [r2]
 243:.\Generated_Source\PSoC4/cyfitter_cfg.c **** 	CY_SET_XTND_REG32((void CYFAR *)(CYREG_GPIO_PRT3_PC), 0x00000024u);
 140              		.loc 1 243 0
 141 0098 2422     		mov	r2, #36
 142 009a 0D4B     		ldr	r3, .L5+44
 143 009c 1A60     		str	r2, [r3]
 244:.\Generated_Source\PSoC4/cyfitter_cfg.c **** 
 245:.\Generated_Source\PSoC4/cyfitter_cfg.c **** 
 246:.\Generated_Source\PSoC4/cyfitter_cfg.c **** 	/* Setup clocks based on selections from Clock DWR */
 247:.\Generated_Source\PSoC4/cyfitter_cfg.c **** 	ClockSetup();
 144              		.loc 1 247 0
 145 009e FFF7AFFF 		bl	ClockSetup
 146              	.LVL1:
 248:.\Generated_Source\PSoC4/cyfitter_cfg.c **** 
 249:.\Generated_Source\PSoC4/cyfitter_cfg.c **** 	/* Perform basic analog initialization to defaults */
 250:.\Generated_Source\PSoC4/cyfitter_cfg.c **** 	AnalogSetDefault();
 251:.\Generated_Source\PSoC4/cyfitter_cfg.c **** 
 252:.\Generated_Source\PSoC4/cyfitter_cfg.c **** }
 147              		.loc 1 252 0
ARM GAS  C:\Users\SPITFI~1\AppData\Local\Temp\ccKqXJ9k.s 			page 8


 148              		@ sp needed
 149 00a2 08BD     		pop	{r3, pc}
 150              	.L6:
 151              		.align	2
 152              	.L5:
 153 00a4 00010240 		.word	1073873152
 154 00a8 00030240 		.word	1073873664
 155 00ac 00000440 		.word	1074003968
 156 00b0 98E01900 		.word	1695896
 157 00b4 08000440 		.word	1074003976
 158 00b8 0C000440 		.word	1074003980
 159 00bc 00010440 		.word	1074004224
 160 00c0 B00D6C00 		.word	7081392
 161 00c4 08010440 		.word	1074004232
 162 00c8 08020440 		.word	1074004488
 163 00cc 00030440 		.word	1074004736
 164 00d0 08030440 		.word	1074004744
 165              		.cfi_endproc
 166              	.LFE5:
 167              		.size	cyfitter_cfg, .-cyfitter_cfg
 168              		.text
 169              	.Letext0:
 170              		.file 2 ".\\Generated_Source\\PSoC4\\cytypes.h"
 171              		.file 3 ".\\Generated_Source\\PSoC4\\CyLib.h"
 172              		.section	.debug_info,"",%progbits
 173              	.Ldebug_info0:
 174 0000 F2000000 		.4byte	0xf2
 175 0004 0400     		.2byte	0x4
 176 0006 00000000 		.4byte	.Ldebug_abbrev0
 177 000a 04       		.byte	0x4
 178 000b 01       		.uleb128 0x1
 179 000c 74010000 		.4byte	.LASF15
 180 0010 01       		.byte	0x1
 181 0011 07010000 		.4byte	.LASF16
 182 0015 73000000 		.4byte	.LASF17
 183 0019 00000000 		.4byte	.Ldebug_ranges0+0
 184 001d 00000000 		.4byte	0
 185 0021 00000000 		.4byte	.Ldebug_line0
 186 0025 02       		.uleb128 0x2
 187 0026 04       		.byte	0x4
 188 0027 05       		.byte	0x5
 189 0028 696E7400 		.ascii	"int\000"
 190 002c 03       		.uleb128 0x3
 191 002d 04       		.byte	0x4
 192 002e 07       		.byte	0x7
 193 002f 15000000 		.4byte	.LASF0
 194 0033 03       		.uleb128 0x3
 195 0034 01       		.byte	0x1
 196 0035 06       		.byte	0x6
 197 0036 68010000 		.4byte	.LASF1
 198 003a 03       		.uleb128 0x3
 199 003b 01       		.byte	0x1
 200 003c 08       		.byte	0x8
 201 003d F9000000 		.4byte	.LASF2
 202 0041 03       		.uleb128 0x3
 203 0042 02       		.byte	0x2
 204 0043 05       		.byte	0x5
ARM GAS  C:\Users\SPITFI~1\AppData\Local\Temp\ccKqXJ9k.s 			page 9


 205 0044 02020000 		.4byte	.LASF3
 206 0048 03       		.uleb128 0x3
 207 0049 02       		.byte	0x2
 208 004a 07       		.byte	0x7
 209 004b 55010000 		.4byte	.LASF4
 210 004f 03       		.uleb128 0x3
 211 0050 04       		.byte	0x4
 212 0051 05       		.byte	0x5
 213 0052 34010000 		.4byte	.LASF5
 214 0056 03       		.uleb128 0x3
 215 0057 04       		.byte	0x4
 216 0058 07       		.byte	0x7
 217 0059 37000000 		.4byte	.LASF6
 218 005d 03       		.uleb128 0x3
 219 005e 08       		.byte	0x8
 220 005f 05       		.byte	0x5
 221 0060 00000000 		.4byte	.LASF7
 222 0064 03       		.uleb128 0x3
 223 0065 08       		.byte	0x8
 224 0066 07       		.byte	0x7
 225 0067 56000000 		.4byte	.LASF8
 226 006b 03       		.uleb128 0x3
 227 006c 04       		.byte	0x4
 228 006d 07       		.byte	0x7
 229 006e 0C020000 		.4byte	.LASF9
 230 0072 03       		.uleb128 0x3
 231 0073 01       		.byte	0x1
 232 0074 08       		.byte	0x8
 233 0075 2F010000 		.4byte	.LASF10
 234 0079 04       		.uleb128 0x4
 235 007a 0E000000 		.4byte	.LASF13
 236 007e 02       		.byte	0x2
 237 007f 9A01     		.2byte	0x19a
 238 0081 56000000 		.4byte	0x56
 239 0085 03       		.uleb128 0x3
 240 0086 04       		.byte	0x4
 241 0087 04       		.byte	0x4
 242 0088 6D000000 		.4byte	.LASF11
 243 008c 03       		.uleb128 0x3
 244 008d 08       		.byte	0x8
 245 008e 04       		.byte	0x4
 246 008f 48010000 		.4byte	.LASF12
 247 0093 04       		.uleb128 0x4
 248 0094 4F010000 		.4byte	.LASF14
 249 0098 02       		.byte	0x2
 250 0099 4402     		.2byte	0x244
 251 009b 9F000000 		.4byte	0x9f
 252 009f 05       		.uleb128 0x5
 253 00a0 79000000 		.4byte	0x79
 254 00a4 06       		.uleb128 0x6
 255 00a5 3D010000 		.4byte	.LASF18
 256 00a9 01       		.byte	0x1
 257 00aa 91       		.byte	0x91
 258 00ab 00000000 		.4byte	.LFB3
 259 00af 60000000 		.4byte	.LFE3-.LFB3
 260 00b3 01       		.uleb128 0x1
 261 00b4 9C       		.byte	0x9c
ARM GAS  C:\Users\SPITFI~1\AppData\Local\Temp\ccKqXJ9k.s 			page 10


 262 00b5 C9000000 		.4byte	0xc9
 263 00b9 07       		.uleb128 0x7
 264 00ba 0E000000 		.4byte	.LVL0
 265 00be E8000000 		.4byte	0xe8
 266 00c2 08       		.uleb128 0x8
 267 00c3 01       		.uleb128 0x1
 268 00c4 50       		.byte	0x50
 269 00c5 01       		.uleb128 0x1
 270 00c6 48       		.byte	0x48
 271 00c7 00       		.byte	0
 272 00c8 00       		.byte	0
 273 00c9 09       		.uleb128 0x9
 274 00ca 49000000 		.4byte	.LASF19
 275 00ce 01       		.byte	0x1
 276 00cf D8       		.byte	0xd8
 277 00d0 60000000 		.4byte	.LFB5
 278 00d4 74000000 		.4byte	.LFE5-.LFB5
 279 00d8 01       		.uleb128 0x1
 280 00d9 9C       		.byte	0x9c
 281 00da E8000000 		.4byte	0xe8
 282 00de 0A       		.uleb128 0xa
 283 00df A2000000 		.4byte	.LVL1
 284 00e3 A4000000 		.4byte	0xa4
 285 00e7 00       		.byte	0
 286 00e8 0B       		.uleb128 0xb
 287 00e9 22000000 		.4byte	.LASF20
 288 00ed 03       		.byte	0x3
 289 00ee 6C       		.byte	0x6c
 290 00ef 0C       		.uleb128 0xc
 291 00f0 79000000 		.4byte	0x79
 292 00f4 00       		.byte	0
 293 00f5 00       		.byte	0
 294              		.section	.debug_abbrev,"",%progbits
 295              	.Ldebug_abbrev0:
 296 0000 01       		.uleb128 0x1
 297 0001 11       		.uleb128 0x11
 298 0002 01       		.byte	0x1
 299 0003 25       		.uleb128 0x25
 300 0004 0E       		.uleb128 0xe
 301 0005 13       		.uleb128 0x13
 302 0006 0B       		.uleb128 0xb
 303 0007 03       		.uleb128 0x3
 304 0008 0E       		.uleb128 0xe
 305 0009 1B       		.uleb128 0x1b
 306 000a 0E       		.uleb128 0xe
 307 000b 55       		.uleb128 0x55
 308 000c 17       		.uleb128 0x17
 309 000d 11       		.uleb128 0x11
 310 000e 01       		.uleb128 0x1
 311 000f 10       		.uleb128 0x10
 312 0010 17       		.uleb128 0x17
 313 0011 00       		.byte	0
 314 0012 00       		.byte	0
 315 0013 02       		.uleb128 0x2
 316 0014 24       		.uleb128 0x24
 317 0015 00       		.byte	0
 318 0016 0B       		.uleb128 0xb
ARM GAS  C:\Users\SPITFI~1\AppData\Local\Temp\ccKqXJ9k.s 			page 11


 319 0017 0B       		.uleb128 0xb
 320 0018 3E       		.uleb128 0x3e
 321 0019 0B       		.uleb128 0xb
 322 001a 03       		.uleb128 0x3
 323 001b 08       		.uleb128 0x8
 324 001c 00       		.byte	0
 325 001d 00       		.byte	0
 326 001e 03       		.uleb128 0x3
 327 001f 24       		.uleb128 0x24
 328 0020 00       		.byte	0
 329 0021 0B       		.uleb128 0xb
 330 0022 0B       		.uleb128 0xb
 331 0023 3E       		.uleb128 0x3e
 332 0024 0B       		.uleb128 0xb
 333 0025 03       		.uleb128 0x3
 334 0026 0E       		.uleb128 0xe
 335 0027 00       		.byte	0
 336 0028 00       		.byte	0
 337 0029 04       		.uleb128 0x4
 338 002a 16       		.uleb128 0x16
 339 002b 00       		.byte	0
 340 002c 03       		.uleb128 0x3
 341 002d 0E       		.uleb128 0xe
 342 002e 3A       		.uleb128 0x3a
 343 002f 0B       		.uleb128 0xb
 344 0030 3B       		.uleb128 0x3b
 345 0031 05       		.uleb128 0x5
 346 0032 49       		.uleb128 0x49
 347 0033 13       		.uleb128 0x13
 348 0034 00       		.byte	0
 349 0035 00       		.byte	0
 350 0036 05       		.uleb128 0x5
 351 0037 35       		.uleb128 0x35
 352 0038 00       		.byte	0
 353 0039 49       		.uleb128 0x49
 354 003a 13       		.uleb128 0x13
 355 003b 00       		.byte	0
 356 003c 00       		.byte	0
 357 003d 06       		.uleb128 0x6
 358 003e 2E       		.uleb128 0x2e
 359 003f 01       		.byte	0x1
 360 0040 03       		.uleb128 0x3
 361 0041 0E       		.uleb128 0xe
 362 0042 3A       		.uleb128 0x3a
 363 0043 0B       		.uleb128 0xb
 364 0044 3B       		.uleb128 0x3b
 365 0045 0B       		.uleb128 0xb
 366 0046 27       		.uleb128 0x27
 367 0047 19       		.uleb128 0x19
 368 0048 11       		.uleb128 0x11
 369 0049 01       		.uleb128 0x1
 370 004a 12       		.uleb128 0x12
 371 004b 06       		.uleb128 0x6
 372 004c 40       		.uleb128 0x40
 373 004d 18       		.uleb128 0x18
 374 004e 9742     		.uleb128 0x2117
 375 0050 19       		.uleb128 0x19
ARM GAS  C:\Users\SPITFI~1\AppData\Local\Temp\ccKqXJ9k.s 			page 12


 376 0051 01       		.uleb128 0x1
 377 0052 13       		.uleb128 0x13
 378 0053 00       		.byte	0
 379 0054 00       		.byte	0
 380 0055 07       		.uleb128 0x7
 381 0056 898201   		.uleb128 0x4109
 382 0059 01       		.byte	0x1
 383 005a 11       		.uleb128 0x11
 384 005b 01       		.uleb128 0x1
 385 005c 31       		.uleb128 0x31
 386 005d 13       		.uleb128 0x13
 387 005e 00       		.byte	0
 388 005f 00       		.byte	0
 389 0060 08       		.uleb128 0x8
 390 0061 8A8201   		.uleb128 0x410a
 391 0064 00       		.byte	0
 392 0065 02       		.uleb128 0x2
 393 0066 18       		.uleb128 0x18
 394 0067 9142     		.uleb128 0x2111
 395 0069 18       		.uleb128 0x18
 396 006a 00       		.byte	0
 397 006b 00       		.byte	0
 398 006c 09       		.uleb128 0x9
 399 006d 2E       		.uleb128 0x2e
 400 006e 01       		.byte	0x1
 401 006f 3F       		.uleb128 0x3f
 402 0070 19       		.uleb128 0x19
 403 0071 03       		.uleb128 0x3
 404 0072 0E       		.uleb128 0xe
 405 0073 3A       		.uleb128 0x3a
 406 0074 0B       		.uleb128 0xb
 407 0075 3B       		.uleb128 0x3b
 408 0076 0B       		.uleb128 0xb
 409 0077 27       		.uleb128 0x27
 410 0078 19       		.uleb128 0x19
 411 0079 11       		.uleb128 0x11
 412 007a 01       		.uleb128 0x1
 413 007b 12       		.uleb128 0x12
 414 007c 06       		.uleb128 0x6
 415 007d 40       		.uleb128 0x40
 416 007e 18       		.uleb128 0x18
 417 007f 9742     		.uleb128 0x2117
 418 0081 19       		.uleb128 0x19
 419 0082 01       		.uleb128 0x1
 420 0083 13       		.uleb128 0x13
 421 0084 00       		.byte	0
 422 0085 00       		.byte	0
 423 0086 0A       		.uleb128 0xa
 424 0087 898201   		.uleb128 0x4109
 425 008a 00       		.byte	0
 426 008b 11       		.uleb128 0x11
 427 008c 01       		.uleb128 0x1
 428 008d 31       		.uleb128 0x31
 429 008e 13       		.uleb128 0x13
 430 008f 00       		.byte	0
 431 0090 00       		.byte	0
 432 0091 0B       		.uleb128 0xb
ARM GAS  C:\Users\SPITFI~1\AppData\Local\Temp\ccKqXJ9k.s 			page 13


 433 0092 2E       		.uleb128 0x2e
 434 0093 01       		.byte	0x1
 435 0094 3F       		.uleb128 0x3f
 436 0095 19       		.uleb128 0x19
 437 0096 03       		.uleb128 0x3
 438 0097 0E       		.uleb128 0xe
 439 0098 3A       		.uleb128 0x3a
 440 0099 0B       		.uleb128 0xb
 441 009a 3B       		.uleb128 0x3b
 442 009b 0B       		.uleb128 0xb
 443 009c 27       		.uleb128 0x27
 444 009d 19       		.uleb128 0x19
 445 009e 3C       		.uleb128 0x3c
 446 009f 19       		.uleb128 0x19
 447 00a0 00       		.byte	0
 448 00a1 00       		.byte	0
 449 00a2 0C       		.uleb128 0xc
 450 00a3 05       		.uleb128 0x5
 451 00a4 00       		.byte	0
 452 00a5 49       		.uleb128 0x49
 453 00a6 13       		.uleb128 0x13
 454 00a7 00       		.byte	0
 455 00a8 00       		.byte	0
 456 00a9 00       		.byte	0
 457              		.section	.debug_aranges,"",%progbits
 458 0000 24000000 		.4byte	0x24
 459 0004 0200     		.2byte	0x2
 460 0006 00000000 		.4byte	.Ldebug_info0
 461 000a 04       		.byte	0x4
 462 000b 00       		.byte	0
 463 000c 0000     		.2byte	0
 464 000e 0000     		.2byte	0
 465 0010 00000000 		.4byte	.LFB3
 466 0014 60000000 		.4byte	.LFE3-.LFB3
 467 0018 60000000 		.4byte	.LFB5
 468 001c 74000000 		.4byte	.LFE5-.LFB5
 469 0020 00000000 		.4byte	0
 470 0024 00000000 		.4byte	0
 471              		.section	.debug_ranges,"",%progbits
 472              	.Ldebug_ranges0:
 473 0000 00000000 		.4byte	.LFB3
 474 0004 60000000 		.4byte	.LFE3
 475 0008 60000000 		.4byte	.LFB5
 476 000c D4000000 		.4byte	.LFE5
 477 0010 00000000 		.4byte	0
 478 0014 00000000 		.4byte	0
 479              		.section	.debug_line,"",%progbits
 480              	.Ldebug_line0:
 481 0000 88000000 		.section	.debug_str,"MS",%progbits,1
 481      02005600 
 481      00000201 
 481      FB0E0D00 
 481      01010101 
 482              	.LASF7:
 483 0000 6C6F6E67 		.ascii	"long long int\000"
 483      206C6F6E 
 483      6720696E 
ARM GAS  C:\Users\SPITFI~1\AppData\Local\Temp\ccKqXJ9k.s 			page 14


 483      7400
 484              	.LASF13:
 485 000e 75696E74 		.ascii	"uint32\000"
 485      333200
 486              	.LASF0:
 487 0015 756E7369 		.ascii	"unsigned int\000"
 487      676E6564 
 487      20696E74 
 487      00
 488              	.LASF20:
 489 0022 43795379 		.ascii	"CySysClkWriteImoFreq\000"
 489      73436C6B 
 489      57726974 
 489      65496D6F 
 489      46726571 
 490              	.LASF6:
 491 0037 6C6F6E67 		.ascii	"long unsigned int\000"
 491      20756E73 
 491      69676E65 
 491      6420696E 
 491      7400
 492              	.LASF19:
 493 0049 63796669 		.ascii	"cyfitter_cfg\000"
 493      74746572 
 493      5F636667 
 493      00
 494              	.LASF8:
 495 0056 6C6F6E67 		.ascii	"long long unsigned int\000"
 495      206C6F6E 
 495      6720756E 
 495      7369676E 
 495      65642069 
 496              	.LASF11:
 497 006d 666C6F61 		.ascii	"float\000"
 497      7400
 498              	.LASF17:
 499 0073 433A5C55 		.ascii	"C:\\Users\\Spitfire54444444\\Dropbox\\Projets\\Wave"
 499      73657273 
 499      5C537069 
 499      74666972 
 499      65353434 
 500 00a1 6C616220 		.ascii	"lab Technologies Inc\\RnD\\Projets\\Auto Shut-OFF\\"
 500      54656368 
 500      6E6F6C6F 
 500      67696573 
 500      20496E63 
 501 00d0 4175746F 		.ascii	"Auto-Shut-OFF\\Auto Shut-OFF_SOIC16.cydsn\000"
 501      2D536875 
 501      742D4F46 
 501      465C4175 
 501      746F2053 
 502              	.LASF2:
 503 00f9 756E7369 		.ascii	"unsigned char\000"
 503      676E6564 
 503      20636861 
 503      7200
 504              	.LASF16:
ARM GAS  C:\Users\SPITFI~1\AppData\Local\Temp\ccKqXJ9k.s 			page 15


 505 0107 2E5C4765 		.ascii	".\\Generated_Source\\PSoC4\\cyfitter_cfg.c\000"
 505      6E657261 
 505      7465645F 
 505      536F7572 
 505      63655C50 
 506              	.LASF10:
 507 012f 63686172 		.ascii	"char\000"
 507      00
 508              	.LASF5:
 509 0134 6C6F6E67 		.ascii	"long int\000"
 509      20696E74 
 509      00
 510              	.LASF18:
 511 013d 436C6F63 		.ascii	"ClockSetup\000"
 511      6B536574 
 511      757000
 512              	.LASF12:
 513 0148 646F7562 		.ascii	"double\000"
 513      6C6500
 514              	.LASF14:
 515 014f 72656733 		.ascii	"reg32\000"
 515      3200
 516              	.LASF4:
 517 0155 73686F72 		.ascii	"short unsigned int\000"
 517      7420756E 
 517      7369676E 
 517      65642069 
 517      6E7400
 518              	.LASF1:
 519 0168 7369676E 		.ascii	"signed char\000"
 519      65642063 
 519      68617200 
 520              	.LASF15:
 521 0174 474E5520 		.ascii	"GNU C 4.9.3 20150303 (release) [ARM/embedded-4_9-br"
 521      4320342E 
 521      392E3320 
 521      32303135 
 521      30333033 
 522 01a7 616E6368 		.ascii	"anch revision 221220] -mcpu=cortex-m0 -mthumb -g -O"
 522      20726576 
 522      6973696F 
 522      6E203232 
 522      31323230 
 523 01da 67202D66 		.ascii	"g -ffunction-sections -ffat-lto-objects\000"
 523      66756E63 
 523      74696F6E 
 523      2D736563 
 523      74696F6E 
 524              	.LASF3:
 525 0202 73686F72 		.ascii	"short int\000"
 525      7420696E 
 525      7400
 526              	.LASF9:
 527 020c 73697A65 		.ascii	"sizetype\000"
 527      74797065 
 527      00
 528              		.ident	"GCC: (GNU Tools for ARM Embedded Processors) 4.9.3 20150303 (release) [ARM/embedded-4_9-br
ARM GAS  C:\Users\SPITFI~1\AppData\Local\Temp\ccKqXJ9k.s 			page 16


