Archive member included because of file (symbol)

.\CortexM0\ARM_GCC_493\Debug\Auto Shut-OFF_SOIC8.a(cyfitter_cfg.o)
                              .\CortexM0\ARM_GCC_493\Debug\Cm0Start.o (cyfitter_cfg)
.\CortexM0\ARM_GCC_493\Debug\Auto Shut-OFF_SOIC8.a(PUSH_BUTTON_INPUT.o)
                              .\CortexM0\ARM_GCC_493\Debug\main.o (PUSH_BUTTON_INPUT_ClearInterrupt)
.\CortexM0\ARM_GCC_493\Debug\Auto Shut-OFF_SOIC8.a(SUPPLY_ENABLE.o)
                              .\CortexM0\ARM_GCC_493\Debug\main.o (SUPPLY_ENABLE_Write)
.\CortexM0\ARM_GCC_493\Debug\Auto Shut-OFF_SOIC8.a(PWM.o)
                              .\CortexM0\ARM_GCC_493\Debug\main.o (PWM_WriteCompare)
.\CortexM0\ARM_GCC_493\Debug\Auto Shut-OFF_SOIC8.a(PWM_CLOCK.o)
                              .\CortexM0\ARM_GCC_493\Debug\main.o (PWM_CLOCK_StartEx)
.\CortexM0\ARM_GCC_493\Debug\Auto Shut-OFF_SOIC8.a(PWM_isr.o)
                              .\CortexM0\ARM_GCC_493\Debug\main.o (PWM_isr_StartEx)
.\CortexM0\ARM_GCC_493\Debug\Auto Shut-OFF_SOIC8.a(Push_Button_isr.o)
                              .\CortexM0\ARM_GCC_493\Debug\main.o (Push_Button_isr_StartEx)
.\CortexM0\ARM_GCC_493\Debug\Auto Shut-OFF_SOIC8.a(CyBootAsmGnu.o)
                              .\CortexM0\ARM_GCC_493\Debug\Auto Shut-OFF_SOIC8.a(PWM.o) (CyEnterCriticalSection)
.\CortexM0\ARM_GCC_493\Debug\Auto Shut-OFF_SOIC8.a(CyLib.o)
                              .\CortexM0\ARM_GCC_493\Debug\Cm0Start.o (CyHalt)
.\CortexM0\ARM_GCC_493\Debug\Auto Shut-OFF_SOIC8.a(CyLFClk.o)
                              .\CortexM0\ARM_GCC_493\Debug\Cm0Start.o (CySysWdtDisable)
.\CortexM0\ARM_GCC_493\Debug\Auto Shut-OFF_SOIC8.a(SW_Tx_UART.o)
                              .\CortexM0\ARM_GCC_493\Debug\main.o (SW_Tx_UART_Start)
.\CortexM0\ARM_GCC_493\Debug\Auto Shut-OFF_SOIC8.a(SW_Tx_UART_AsmGnu.o)
                              .\CortexM0\ARM_GCC_493\Debug\Auto Shut-OFF_SOIC8.a(SW_Tx_UART.o) (SW_Tx_UART_PutChar)
c:/program files (x86)/cypress/psoc creator/3.3/psoc creator/import/gnu/arm/4.9.3/bin/../lib/gcc/arm-none-eabi/4.9.3/armv6-m\libgcc.a(_udivsi3.o)
                              .\CortexM0\ARM_GCC_493\Debug\Auto Shut-OFF_SOIC8.a(CyLib.o) (__aeabi_uidiv)
c:/program files (x86)/cypress/psoc creator/3.3/psoc creator/import/gnu/arm/4.9.3/bin/../lib/gcc/arm-none-eabi/4.9.3/armv6-m\libgcc.a(_dvmd_tls.o)
                              c:/program files (x86)/cypress/psoc creator/3.3/psoc creator/import/gnu/arm/4.9.3/bin/../lib/gcc/arm-none-eabi/4.9.3/armv6-m\libgcc.a(_udivsi3.o) (__aeabi_idiv0)
c:/program files (x86)/cypress/psoc creator/3.3/psoc creator/import/gnu/arm/4.9.3/bin/../lib/gcc/arm-none-eabi/4.9.3/../../../../arm-none-eabi/lib/armv6-m\libg_nano.a(lib_a-errno.o)
                              .\CortexM0\ARM_GCC_493\Debug\Cm0Start.o (__errno)
c:/program files (x86)/cypress/psoc creator/3.3/psoc creator/import/gnu/arm/4.9.3/bin/../lib/gcc/arm-none-eabi/4.9.3/../../../../arm-none-eabi/lib/armv6-m\libg_nano.a(lib_a-exit.o)
                              c:/program files (x86)/cypress/psoc creator/3.3/psoc creator/import/gnu/arm/4.9.3/bin/../lib/gcc/arm-none-eabi/4.9.3/../../../../arm-none-eabi/lib/armv6-m/crt0.o (exit)
c:/program files (x86)/cypress/psoc creator/3.3/psoc creator/import/gnu/arm/4.9.3/bin/../lib/gcc/arm-none-eabi/4.9.3/../../../../arm-none-eabi/lib/armv6-m\libg_nano.a(lib_a-impure.o)
                              c:/program files (x86)/cypress/psoc creator/3.3/psoc creator/import/gnu/arm/4.9.3/bin/../lib/gcc/arm-none-eabi/4.9.3/../../../../arm-none-eabi/lib/armv6-m\libg_nano.a(lib_a-exit.o) (_global_impure_ptr)
c:/program files (x86)/cypress/psoc creator/3.3/psoc creator/import/gnu/arm/4.9.3/bin/../lib/gcc/arm-none-eabi/4.9.3/../../../../arm-none-eabi/lib/armv6-m\libg_nano.a(lib_a-init.o)
                              c:/program files (x86)/cypress/psoc creator/3.3/psoc creator/import/gnu/arm/4.9.3/bin/../lib/gcc/arm-none-eabi/4.9.3/../../../../arm-none-eabi/lib/armv6-m/crt0.o (__libc_init_array)
c:/program files (x86)/cypress/psoc creator/3.3/psoc creator/import/gnu/arm/4.9.3/bin/../lib/gcc/arm-none-eabi/4.9.3/../../../../arm-none-eabi/lib/armv6-m\libg_nano.a(lib_a-memset.o)
                              c:/program files (x86)/cypress/psoc creator/3.3/psoc creator/import/gnu/arm/4.9.3/bin/../lib/gcc/arm-none-eabi/4.9.3/../../../../arm-none-eabi/lib/armv6-m/crt0.o (memset)

Allocating common symbols
Common symbol       size              file

DelayBeforeShutOff  0x4               .\CortexM0\ARM_GCC_493\Debug\main.o
Push_Button_State_Value
                    0x1               .\CortexM0\ARM_GCC_493\Debug\main.o
ON_Time             0x4               .\CortexM0\ARM_GCC_493\Debug\main.o
Mode                0x1               .\CortexM0\ARM_GCC_493\Debug\main.o
UART_Buffer         0x20              .\CortexM0\ARM_GCC_493\Debug\main.o
UART_TX_Flag        0x1               .\CortexM0\ARM_GCC_493\Debug\main.o
Push_Button_Interrupt_Flag
                    0x1               .\CortexM0\ARM_GCC_493\Debug\main.o
Second_Counter      0x1               .\CortexM0\ARM_GCC_493\Debug\main.o
Second_in_Base_60   0x1               .\CortexM0\ARM_GCC_493\Debug\main.o
UART_Tx_Size        0x1               .\CortexM0\ARM_GCC_493\Debug\main.o
OFF_Time            0x4               .\CortexM0\ARM_GCC_493\Debug\main.o

Discarded input sections

 .text          0x00000000        0x0 c:/program files (x86)/cypress/psoc creator/3.3/psoc creator/import/gnu/arm/4.9.3/bin/../lib/gcc/arm-none-eabi/4.9.3/armv6-m/crti.o
 .data          0x00000000        0x0 c:/program files (x86)/cypress/psoc creator/3.3/psoc creator/import/gnu/arm/4.9.3/bin/../lib/gcc/arm-none-eabi/4.9.3/armv6-m/crti.o
 .bss           0x00000000        0x0 c:/program files (x86)/cypress/psoc creator/3.3/psoc creator/import/gnu/arm/4.9.3/bin/../lib/gcc/arm-none-eabi/4.9.3/armv6-m/crti.o
 .data          0x00000000        0x4 c:/program files (x86)/cypress/psoc creator/3.3/psoc creator/import/gnu/arm/4.9.3/bin/../lib/gcc/arm-none-eabi/4.9.3/armv6-m/crtbegin.o
 .text          0x00000000       0x78 c:/program files (x86)/cypress/psoc creator/3.3/psoc creator/import/gnu/arm/4.9.3/bin/../lib/gcc/arm-none-eabi/4.9.3/../../../../arm-none-eabi/lib/armv6-m/crt0.o
 .data          0x00000000        0x0 c:/program files (x86)/cypress/psoc creator/3.3/psoc creator/import/gnu/arm/4.9.3/bin/../lib/gcc/arm-none-eabi/4.9.3/../../../../arm-none-eabi/lib/armv6-m/crt0.o
 .bss           0x00000000        0x0 c:/program files (x86)/cypress/psoc creator/3.3/psoc creator/import/gnu/arm/4.9.3/bin/../lib/gcc/arm-none-eabi/4.9.3/../../../../arm-none-eabi/lib/armv6-m/crt0.o
 .ARM.extab     0x00000000        0x0 c:/program files (x86)/cypress/psoc creator/3.3/psoc creator/import/gnu/arm/4.9.3/bin/../lib/gcc/arm-none-eabi/4.9.3/../../../../arm-none-eabi/lib/armv6-m/crt0.o
 .ARM.exidx     0x00000000        0x8 c:/program files (x86)/cypress/psoc creator/3.3/psoc creator/import/gnu/arm/4.9.3/bin/../lib/gcc/arm-none-eabi/4.9.3/../../../../arm-none-eabi/lib/armv6-m/crt0.o
 .text          0x00000000        0x0 .\CortexM0\ARM_GCC_493\Debug\main.o
 .data          0x00000000        0x0 .\CortexM0\ARM_GCC_493\Debug\main.o
 .bss           0x00000000        0x0 .\CortexM0\ARM_GCC_493\Debug\main.o
 .text          0x00000000        0x0 .\CortexM0\ARM_GCC_493\Debug\cymetadata.o
 .data          0x00000000        0x0 .\CortexM0\ARM_GCC_493\Debug\cymetadata.o
 .bss           0x00000000        0x0 .\CortexM0\ARM_GCC_493\Debug\cymetadata.o
 .text          0x00000000        0x0 .\CortexM0\ARM_GCC_493\Debug\Cm0Start.o
 .data          0x00000000        0x4 .\CortexM0\ARM_GCC_493\Debug\Cm0Start.o
 .bss           0x00000000        0x0 .\CortexM0\ARM_GCC_493\Debug\Cm0Start.o
 .text._exit    0x00000000        0xc .\CortexM0\ARM_GCC_493\Debug\Cm0Start.o
 .text._sbrk    0x00000000       0x30 .\CortexM0\ARM_GCC_493\Debug\Cm0Start.o
 .text          0x00000000        0x0 .\CortexM0\ARM_GCC_493\Debug\Auto Shut-OFF_SOIC8.a(cyfitter_cfg.o)
 .data          0x00000000        0x0 .\CortexM0\ARM_GCC_493\Debug\Auto Shut-OFF_SOIC8.a(cyfitter_cfg.o)
 .bss           0x00000000        0x0 .\CortexM0\ARM_GCC_493\Debug\Auto Shut-OFF_SOIC8.a(cyfitter_cfg.o)
 .text          0x00000000        0x0 .\CortexM0\ARM_GCC_493\Debug\Auto Shut-OFF_SOIC8.a(PUSH_BUTTON_INPUT.o)
 .data          0x00000000        0x0 .\CortexM0\ARM_GCC_493\Debug\Auto Shut-OFF_SOIC8.a(PUSH_BUTTON_INPUT.o)
 .bss           0x00000000        0x0 .\CortexM0\ARM_GCC_493\Debug\Auto Shut-OFF_SOIC8.a(PUSH_BUTTON_INPUT.o)
 .text.PUSH_BUTTON_INPUT_Write
                0x00000000       0x18 .\CortexM0\ARM_GCC_493\Debug\Auto Shut-OFF_SOIC8.a(PUSH_BUTTON_INPUT.o)
 .text.PUSH_BUTTON_INPUT_SetDriveMode
                0x00000000       0x18 .\CortexM0\ARM_GCC_493\Debug\Auto Shut-OFF_SOIC8.a(PUSH_BUTTON_INPUT.o)
 .text.PUSH_BUTTON_INPUT_Read
                0x00000000       0x10 .\CortexM0\ARM_GCC_493\Debug\Auto Shut-OFF_SOIC8.a(PUSH_BUTTON_INPUT.o)
 .text.PUSH_BUTTON_INPUT_ReadDataReg
                0x00000000       0x10 .\CortexM0\ARM_GCC_493\Debug\Auto Shut-OFF_SOIC8.a(PUSH_BUTTON_INPUT.o)
 .text          0x00000000        0x0 .\CortexM0\ARM_GCC_493\Debug\Auto Shut-OFF_SOIC8.a(SUPPLY_ENABLE.o)
 .data          0x00000000        0x0 .\CortexM0\ARM_GCC_493\Debug\Auto Shut-OFF_SOIC8.a(SUPPLY_ENABLE.o)
 .bss           0x00000000        0x0 .\CortexM0\ARM_GCC_493\Debug\Auto Shut-OFF_SOIC8.a(SUPPLY_ENABLE.o)
 .text.SUPPLY_ENABLE_SetDriveMode
                0x00000000       0x18 .\CortexM0\ARM_GCC_493\Debug\Auto Shut-OFF_SOIC8.a(SUPPLY_ENABLE.o)
 .text.SUPPLY_ENABLE_Read
                0x00000000       0x10 .\CortexM0\ARM_GCC_493\Debug\Auto Shut-OFF_SOIC8.a(SUPPLY_ENABLE.o)
 .text.SUPPLY_ENABLE_ReadDataReg
                0x00000000       0x10 .\CortexM0\ARM_GCC_493\Debug\Auto Shut-OFF_SOIC8.a(SUPPLY_ENABLE.o)
 .text.SUPPLY_ENABLE_ClearInterrupt
                0x00000000       0x14 .\CortexM0\ARM_GCC_493\Debug\Auto Shut-OFF_SOIC8.a(SUPPLY_ENABLE.o)
 .text          0x00000000        0x0 .\CortexM0\ARM_GCC_493\Debug\Auto Shut-OFF_SOIC8.a(PWM.o)
 .data          0x00000000        0x0 .\CortexM0\ARM_GCC_493\Debug\Auto Shut-OFF_SOIC8.a(PWM.o)
 .text.PWM_Stop
                0x00000000       0x1c .\CortexM0\ARM_GCC_493\Debug\Auto Shut-OFF_SOIC8.a(PWM.o)
 .text.PWM_SetMode
                0x00000000       0x28 .\CortexM0\ARM_GCC_493\Debug\Auto Shut-OFF_SOIC8.a(PWM.o)
 .text.PWM_SetQDMode
                0x00000000       0x28 .\CortexM0\ARM_GCC_493\Debug\Auto Shut-OFF_SOIC8.a(PWM.o)
 .text.PWM_SetPrescaler
                0x00000000       0x28 .\CortexM0\ARM_GCC_493\Debug\Auto Shut-OFF_SOIC8.a(PWM.o)
 .text.PWM_SetOneShot
                0x00000000       0x2c .\CortexM0\ARM_GCC_493\Debug\Auto Shut-OFF_SOIC8.a(PWM.o)
 .text.PWM_SetPWMMode
                0x00000000       0x10 .\CortexM0\ARM_GCC_493\Debug\Auto Shut-OFF_SOIC8.a(PWM.o)
 .text.PWM_SetPWMSyncKill
                0x00000000       0x28 .\CortexM0\ARM_GCC_493\Debug\Auto Shut-OFF_SOIC8.a(PWM.o)
 .text.PWM_SetPWMStopOnKill
                0x00000000       0x28 .\CortexM0\ARM_GCC_493\Debug\Auto Shut-OFF_SOIC8.a(PWM.o)
 .text.PWM_SetPWMDeadTime
                0x00000000       0x2c .\CortexM0\ARM_GCC_493\Debug\Auto Shut-OFF_SOIC8.a(PWM.o)
 .text.PWM_SetPWMInvert
                0x00000000       0x28 .\CortexM0\ARM_GCC_493\Debug\Auto Shut-OFF_SOIC8.a(PWM.o)
 .text.PWM_ReadCounter
                0x00000000       0x10 .\CortexM0\ARM_GCC_493\Debug\Auto Shut-OFF_SOIC8.a(PWM.o)
 .text.PWM_SetCounterMode
                0x00000000       0x28 .\CortexM0\ARM_GCC_493\Debug\Auto Shut-OFF_SOIC8.a(PWM.o)
 .text.PWM_ReadPeriod
                0x00000000       0x10 .\CortexM0\ARM_GCC_493\Debug\Auto Shut-OFF_SOIC8.a(PWM.o)
 .text.PWM_SetCompareSwap
                0x00000000       0x24 .\CortexM0\ARM_GCC_493\Debug\Auto Shut-OFF_SOIC8.a(PWM.o)
 .text.PWM_WritePeriodBuf
                0x00000000       0x10 .\CortexM0\ARM_GCC_493\Debug\Auto Shut-OFF_SOIC8.a(PWM.o)
 .text.PWM_ReadPeriodBuf
                0x00000000       0x10 .\CortexM0\ARM_GCC_493\Debug\Auto Shut-OFF_SOIC8.a(PWM.o)
 .text.PWM_SetPeriodSwap
                0x00000000       0x28 .\CortexM0\ARM_GCC_493\Debug\Auto Shut-OFF_SOIC8.a(PWM.o)
 .text.PWM_ReadCompare
                0x00000000       0x38 .\CortexM0\ARM_GCC_493\Debug\Auto Shut-OFF_SOIC8.a(PWM.o)
 .text.PWM_WriteCompareBuf
                0x00000000       0x38 .\CortexM0\ARM_GCC_493\Debug\Auto Shut-OFF_SOIC8.a(PWM.o)
 .text.PWM_ReadCompareBuf
                0x00000000       0x38 .\CortexM0\ARM_GCC_493\Debug\Auto Shut-OFF_SOIC8.a(PWM.o)
 .text.PWM_ReadCapture
                0x00000000       0x10 .\CortexM0\ARM_GCC_493\Debug\Auto Shut-OFF_SOIC8.a(PWM.o)
 .text.PWM_ReadCaptureBuf
                0x00000000       0x10 .\CortexM0\ARM_GCC_493\Debug\Auto Shut-OFF_SOIC8.a(PWM.o)
 .text.PWM_SetCaptureMode
                0x00000000       0x24 .\CortexM0\ARM_GCC_493\Debug\Auto Shut-OFF_SOIC8.a(PWM.o)
 .text.PWM_SetReloadMode
                0x00000000       0x24 .\CortexM0\ARM_GCC_493\Debug\Auto Shut-OFF_SOIC8.a(PWM.o)
 .text.PWM_SetStartMode
                0x00000000       0x28 .\CortexM0\ARM_GCC_493\Debug\Auto Shut-OFF_SOIC8.a(PWM.o)
 .text.PWM_SetStopMode
                0x00000000       0x24 .\CortexM0\ARM_GCC_493\Debug\Auto Shut-OFF_SOIC8.a(PWM.o)
 .text.PWM_SetCountMode
                0x00000000       0x24 .\CortexM0\ARM_GCC_493\Debug\Auto Shut-OFF_SOIC8.a(PWM.o)
 .text.PWM_ReadStatus
                0x00000000       0x14 .\CortexM0\ARM_GCC_493\Debug\Auto Shut-OFF_SOIC8.a(PWM.o)
 .text.PWM_GetInterruptSourceMasked
                0x00000000        0xc .\CortexM0\ARM_GCC_493\Debug\Auto Shut-OFF_SOIC8.a(PWM.o)
 .text.PWM_GetInterruptSource
                0x00000000        0xc .\CortexM0\ARM_GCC_493\Debug\Auto Shut-OFF_SOIC8.a(PWM.o)
 .text.PWM_SetInterrupt
                0x00000000        0xc .\CortexM0\ARM_GCC_493\Debug\Auto Shut-OFF_SOIC8.a(PWM.o)
 .text          0x00000000        0x0 .\CortexM0\ARM_GCC_493\Debug\Auto Shut-OFF_SOIC8.a(PWM_CLOCK.o)
 .data          0x00000000        0x0 .\CortexM0\ARM_GCC_493\Debug\Auto Shut-OFF_SOIC8.a(PWM_CLOCK.o)
 .bss           0x00000000        0x0 .\CortexM0\ARM_GCC_493\Debug\Auto Shut-OFF_SOIC8.a(PWM_CLOCK.o)
 .text.PWM_CLOCK_Stop
                0x00000000       0x18 .\CortexM0\ARM_GCC_493\Debug\Auto Shut-OFF_SOIC8.a(PWM_CLOCK.o)
 .text.PWM_CLOCK_SetFractionalDividerRegister
                0x00000000       0x20 .\CortexM0\ARM_GCC_493\Debug\Auto Shut-OFF_SOIC8.a(PWM_CLOCK.o)
 .text.PWM_CLOCK_GetDividerRegister
                0x00000000       0x10 .\CortexM0\ARM_GCC_493\Debug\Auto Shut-OFF_SOIC8.a(PWM_CLOCK.o)
 .text.PWM_CLOCK_GetFractionalDividerRegister
                0x00000000        0x4 .\CortexM0\ARM_GCC_493\Debug\Auto Shut-OFF_SOIC8.a(PWM_CLOCK.o)
 .text          0x00000000        0x0 .\CortexM0\ARM_GCC_493\Debug\Auto Shut-OFF_SOIC8.a(PWM_isr.o)
 .data          0x00000000        0x0 .\CortexM0\ARM_GCC_493\Debug\Auto Shut-OFF_SOIC8.a(PWM_isr.o)
 .bss           0x00000000        0x0 .\CortexM0\ARM_GCC_493\Debug\Auto Shut-OFF_SOIC8.a(PWM_isr.o)
 .text.PWM_isr_Interrupt
                0x00000000        0x4 .\CortexM0\ARM_GCC_493\Debug\Auto Shut-OFF_SOIC8.a(PWM_isr.o)
 .text.PWM_isr_GetVector
                0x00000000        0xc .\CortexM0\ARM_GCC_493\Debug\Auto Shut-OFF_SOIC8.a(PWM_isr.o)
 .text.PWM_isr_GetPriority
                0x00000000       0x10 .\CortexM0\ARM_GCC_493\Debug\Auto Shut-OFF_SOIC8.a(PWM_isr.o)
 .text.PWM_isr_GetState
                0x00000000       0x14 .\CortexM0\ARM_GCC_493\Debug\Auto Shut-OFF_SOIC8.a(PWM_isr.o)
 .text.PWM_isr_Start
                0x00000000       0x1c .\CortexM0\ARM_GCC_493\Debug\Auto Shut-OFF_SOIC8.a(PWM_isr.o)
 .text.PWM_isr_SetPending
                0x00000000       0x10 .\CortexM0\ARM_GCC_493\Debug\Auto Shut-OFF_SOIC8.a(PWM_isr.o)
 .text.PWM_isr_ClearPending
                0x00000000       0x10 .\CortexM0\ARM_GCC_493\Debug\Auto Shut-OFF_SOIC8.a(PWM_isr.o)
 .text          0x00000000        0x0 .\CortexM0\ARM_GCC_493\Debug\Auto Shut-OFF_SOIC8.a(Push_Button_isr.o)
 .data          0x00000000        0x0 .\CortexM0\ARM_GCC_493\Debug\Auto Shut-OFF_SOIC8.a(Push_Button_isr.o)
 .bss           0x00000000        0x0 .\CortexM0\ARM_GCC_493\Debug\Auto Shut-OFF_SOIC8.a(Push_Button_isr.o)
 .text.Push_Button_isr_Interrupt
                0x00000000        0x4 .\CortexM0\ARM_GCC_493\Debug\Auto Shut-OFF_SOIC8.a(Push_Button_isr.o)
 .text.Push_Button_isr_GetVector
                0x00000000        0xc .\CortexM0\ARM_GCC_493\Debug\Auto Shut-OFF_SOIC8.a(Push_Button_isr.o)
 .text.Push_Button_isr_GetPriority
                0x00000000       0x10 .\CortexM0\ARM_GCC_493\Debug\Auto Shut-OFF_SOIC8.a(Push_Button_isr.o)
 .text.Push_Button_isr_GetState
                0x00000000       0x10 .\CortexM0\ARM_GCC_493\Debug\Auto Shut-OFF_SOIC8.a(Push_Button_isr.o)
 .text.Push_Button_isr_Start
                0x00000000       0x1c .\CortexM0\ARM_GCC_493\Debug\Auto Shut-OFF_SOIC8.a(Push_Button_isr.o)
 .text.Push_Button_isr_Stop
                0x00000000       0x14 .\CortexM0\ARM_GCC_493\Debug\Auto Shut-OFF_SOIC8.a(Push_Button_isr.o)
 .text.Push_Button_isr_SetPending
                0x00000000        0xc .\CortexM0\ARM_GCC_493\Debug\Auto Shut-OFF_SOIC8.a(Push_Button_isr.o)
 .text.Push_Button_isr_ClearPending
                0x00000000        0xc .\CortexM0\ARM_GCC_493\Debug\Auto Shut-OFF_SOIC8.a(Push_Button_isr.o)
 .data          0x00000000        0x0 .\CortexM0\ARM_GCC_493\Debug\Auto Shut-OFF_SOIC8.a(CyBootAsmGnu.o)
 .bss           0x00000000        0x0 .\CortexM0\ARM_GCC_493\Debug\Auto Shut-OFF_SOIC8.a(CyBootAsmGnu.o)
 .text          0x00000000        0x0 .\CortexM0\ARM_GCC_493\Debug\Auto Shut-OFF_SOIC8.a(CyLib.o)
 .bss           0x00000000       0x18 .\CortexM0\ARM_GCC_493\Debug\Auto Shut-OFF_SOIC8.a(CyLib.o)
 .text.CySysClkImoStart
                0x00000000       0x14 .\CortexM0\ARM_GCC_493\Debug\Auto Shut-OFF_SOIC8.a(CyLib.o)
 .text.CySysClkImoStop
                0x00000000       0x10 .\CortexM0\ARM_GCC_493\Debug\Auto Shut-OFF_SOIC8.a(CyLib.o)
 .text.CySysClkWriteHfclkDirect
                0x00000000       0x20 .\CortexM0\ARM_GCC_493\Debug\Auto Shut-OFF_SOIC8.a(CyLib.o)
 .text.CySysClkGetSysclkSource
                0x00000000       0x1c .\CortexM0\ARM_GCC_493\Debug\Auto Shut-OFF_SOIC8.a(CyLib.o)
 .text.CySysClkWriteSysclkDiv
                0x00000000       0x24 .\CortexM0\ARM_GCC_493\Debug\Auto Shut-OFF_SOIC8.a(CyLib.o)
 .text.CySysClkWriteHfclkDiv
                0x00000000       0x24 .\CortexM0\ARM_GCC_493\Debug\Auto Shut-OFF_SOIC8.a(CyLib.o)
 .text.CySysGetResetReason
                0x00000000       0x14 .\CortexM0\ARM_GCC_493\Debug\Auto Shut-OFF_SOIC8.a(CyLib.o)
 .text.CyDisableInts
                0x00000000       0x10 .\CortexM0\ARM_GCC_493\Debug\Auto Shut-OFF_SOIC8.a(CyLib.o)
 .text.CyEnableInts
                0x00000000        0xc .\CortexM0\ARM_GCC_493\Debug\Auto Shut-OFF_SOIC8.a(CyLib.o)
 .text.CyIntEnable
                0x00000000       0x14 .\CortexM0\ARM_GCC_493\Debug\Auto Shut-OFF_SOIC8.a(CyLib.o)
 .text.CyIntGetState
                0x00000000       0x18 .\CortexM0\ARM_GCC_493\Debug\Auto Shut-OFF_SOIC8.a(CyLib.o)
 .text.CyIntDisable
                0x00000000       0x14 .\CortexM0\ARM_GCC_493\Debug\Auto Shut-OFF_SOIC8.a(CyLib.o)
 .text.CyIntSetPending
                0x00000000       0x14 .\CortexM0\ARM_GCC_493\Debug\Auto Shut-OFF_SOIC8.a(CyLib.o)
 .text.CyIntClearPending
                0x00000000       0x14 .\CortexM0\ARM_GCC_493\Debug\Auto Shut-OFF_SOIC8.a(CyLib.o)
 .text.CyIntSetSysVector
                0x00000000       0x20 .\CortexM0\ARM_GCC_493\Debug\Auto Shut-OFF_SOIC8.a(CyLib.o)
 .text.CyIntGetSysVector
                0x00000000       0x1c .\CortexM0\ARM_GCC_493\Debug\Auto Shut-OFF_SOIC8.a(CyLib.o)
 .text.CyIntSetVector
                0x00000000       0x24 .\CortexM0\ARM_GCC_493\Debug\Auto Shut-OFF_SOIC8.a(CyLib.o)
 .text.CyIntGetVector
                0x00000000       0x20 .\CortexM0\ARM_GCC_493\Debug\Auto Shut-OFF_SOIC8.a(CyLib.o)
 .text.CyIntSetPriority
                0x00000000       0x4c .\CortexM0\ARM_GCC_493\Debug\Auto Shut-OFF_SOIC8.a(CyLib.o)
 .text.CyIntGetPriority
                0x00000000       0x2c .\CortexM0\ARM_GCC_493\Debug\Auto Shut-OFF_SOIC8.a(CyLib.o)
 .text.CySoftwareReset
                0x00000000       0x18 .\CortexM0\ARM_GCC_493\Debug\Auto Shut-OFF_SOIC8.a(CyLib.o)
 .text.CyDelay  0x00000000       0x30 .\CortexM0\ARM_GCC_493\Debug\Auto Shut-OFF_SOIC8.a(CyLib.o)
 .text.CyDelayUs
                0x00000000       0x14 .\CortexM0\ARM_GCC_493\Debug\Auto Shut-OFF_SOIC8.a(CyLib.o)
 .text.CyDelayFreq
                0x00000000       0x4c .\CortexM0\ARM_GCC_493\Debug\Auto Shut-OFF_SOIC8.a(CyLib.o)
 .text.CySysTickStop
                0x00000000       0x10 .\CortexM0\ARM_GCC_493\Debug\Auto Shut-OFF_SOIC8.a(CyLib.o)
 .text.CySysTickEnableInterrupt
                0x00000000       0x10 .\CortexM0\ARM_GCC_493\Debug\Auto Shut-OFF_SOIC8.a(CyLib.o)
 .text.CySysTickEnable
                0x00000000       0x18 .\CortexM0\ARM_GCC_493\Debug\Auto Shut-OFF_SOIC8.a(CyLib.o)
 .text.CySysTickDisableInterrupt
                0x00000000       0x10 .\CortexM0\ARM_GCC_493\Debug\Auto Shut-OFF_SOIC8.a(CyLib.o)
 .text.CySysTickSetReload
                0x00000000       0x10 .\CortexM0\ARM_GCC_493\Debug\Auto Shut-OFF_SOIC8.a(CyLib.o)
 .text.CySysTickGetReload
                0x00000000       0x10 .\CortexM0\ARM_GCC_493\Debug\Auto Shut-OFF_SOIC8.a(CyLib.o)
 .text.CySysTickGetValue
                0x00000000       0x10 .\CortexM0\ARM_GCC_493\Debug\Auto Shut-OFF_SOIC8.a(CyLib.o)
 .text.CySysTickGetCountFlag
                0x00000000       0x10 .\CortexM0\ARM_GCC_493\Debug\Auto Shut-OFF_SOIC8.a(CyLib.o)
 .text.CySysTickServiceCallbacks
                0x00000000       0x28 .\CortexM0\ARM_GCC_493\Debug\Auto Shut-OFF_SOIC8.a(CyLib.o)
 .text.CySysTickClear
                0x00000000        0xc .\CortexM0\ARM_GCC_493\Debug\Auto Shut-OFF_SOIC8.a(CyLib.o)
 .text.CySysTickInit
                0x00000000       0x44 .\CortexM0\ARM_GCC_493\Debug\Auto Shut-OFF_SOIC8.a(CyLib.o)
 .text.CySysTickStart
                0x00000000       0x20 .\CortexM0\ARM_GCC_493\Debug\Auto Shut-OFF_SOIC8.a(CyLib.o)
 .text.CySysTickSetCallback
                0x00000000       0x10 .\CortexM0\ARM_GCC_493\Debug\Auto Shut-OFF_SOIC8.a(CyLib.o)
 .text.CySysTickGetCallback
                0x00000000        0xc .\CortexM0\ARM_GCC_493\Debug\Auto Shut-OFF_SOIC8.a(CyLib.o)
 .text.CyGetUniqueId
                0x00000000       0x70 .\CortexM0\ARM_GCC_493\Debug\Auto Shut-OFF_SOIC8.a(CyLib.o)
 .text          0x00000000        0x0 .\CortexM0\ARM_GCC_493\Debug\Auto Shut-OFF_SOIC8.a(CyLFClk.o)
 .data          0x00000000        0x0 .\CortexM0\ARM_GCC_493\Debug\Auto Shut-OFF_SOIC8.a(CyLFClk.o)
 .bss           0x00000000        0x8 .\CortexM0\ARM_GCC_493\Debug\Auto Shut-OFF_SOIC8.a(CyLFClk.o)
 .text.CySysClkIloStart
                0x00000000       0x14 .\CortexM0\ARM_GCC_493\Debug\Auto Shut-OFF_SOIC8.a(CyLFClk.o)
 .text.CySysClkIloStop
                0x00000000       0x10 .\CortexM0\ARM_GCC_493\Debug\Auto Shut-OFF_SOIC8.a(CyLFClk.o)
 .text.CySysClkIloStartMeasurement
                0x00000000       0x34 .\CortexM0\ARM_GCC_493\Debug\Auto Shut-OFF_SOIC8.a(CyLFClk.o)
 .text.CySysClkIloStopMeasurement
                0x00000000       0x28 .\CortexM0\ARM_GCC_493\Debug\Auto Shut-OFF_SOIC8.a(CyLFClk.o)
 .text.CySysClkIloCompensate
                0x00000000      0x108 .\CortexM0\ARM_GCC_493\Debug\Auto Shut-OFF_SOIC8.a(CyLFClk.o)
 .text.CySysWdtGetEnabledStatus
                0x00000000       0x1c .\CortexM0\ARM_GCC_493\Debug\Auto Shut-OFF_SOIC8.a(CyLFClk.o)
 .text.CySysWdtEnable
                0x00000000        0xc .\CortexM0\ARM_GCC_493\Debug\Auto Shut-OFF_SOIC8.a(CyLFClk.o)
 .text.CySysWdtSetMatch
                0x00000000       0x18 .\CortexM0\ARM_GCC_493\Debug\Auto Shut-OFF_SOIC8.a(CyLFClk.o)
 .text.CySysWdtGetMatch
                0x00000000       0x10 .\CortexM0\ARM_GCC_493\Debug\Auto Shut-OFF_SOIC8.a(CyLFClk.o)
 .text.CySysWdtGetCount
                0x00000000        0xc .\CortexM0\ARM_GCC_493\Debug\Auto Shut-OFF_SOIC8.a(CyLFClk.o)
 .text.CySysWdtSetIgnoreBits
                0x00000000       0x20 .\CortexM0\ARM_GCC_493\Debug\Auto Shut-OFF_SOIC8.a(CyLFClk.o)
 .text.CySysWdtGetIgnoreBits
                0x00000000       0x10 .\CortexM0\ARM_GCC_493\Debug\Auto Shut-OFF_SOIC8.a(CyLFClk.o)
 .text.CySysWdtClearInterrupt
                0x00000000       0x10 .\CortexM0\ARM_GCC_493\Debug\Auto Shut-OFF_SOIC8.a(CyLFClk.o)
 .text.CySysWdtMaskInterrupt
                0x00000000       0x10 .\CortexM0\ARM_GCC_493\Debug\Auto Shut-OFF_SOIC8.a(CyLFClk.o)
 .text.CySysWdtUnmaskInterrupt
                0x00000000       0x10 .\CortexM0\ARM_GCC_493\Debug\Auto Shut-OFF_SOIC8.a(CyLFClk.o)
 .text.CySysWdtSetInterruptCallback
                0x00000000       0x10 .\CortexM0\ARM_GCC_493\Debug\Auto Shut-OFF_SOIC8.a(CyLFClk.o)
 .text.CySysWdtGetInterruptCallback
                0x00000000        0xc .\CortexM0\ARM_GCC_493\Debug\Auto Shut-OFF_SOIC8.a(CyLFClk.o)
 .text.CySysWdtIsr
                0x00000000       0x18 .\CortexM0\ARM_GCC_493\Debug\Auto Shut-OFF_SOIC8.a(CyLFClk.o)
 .text          0x00000000        0x0 .\CortexM0\ARM_GCC_493\Debug\Auto Shut-OFF_SOIC8.a(SW_Tx_UART.o)
 .text.SW_Tx_UART_Stop
                0x00000000        0x4 .\CortexM0\ARM_GCC_493\Debug\Auto Shut-OFF_SOIC8.a(SW_Tx_UART.o)
 .text.SW_Tx_UART_PutArray
                0x00000000       0x18 .\CortexM0\ARM_GCC_493\Debug\Auto Shut-OFF_SOIC8.a(SW_Tx_UART.o)
 .data          0x00000000        0x0 .\CortexM0\ARM_GCC_493\Debug\Auto Shut-OFF_SOIC8.a(SW_Tx_UART_AsmGnu.o)
 .bss           0x00000000        0x0 .\CortexM0\ARM_GCC_493\Debug\Auto Shut-OFF_SOIC8.a(SW_Tx_UART_AsmGnu.o)
 .data          0x00000000        0x0 c:/program files (x86)/cypress/psoc creator/3.3/psoc creator/import/gnu/arm/4.9.3/bin/../lib/gcc/arm-none-eabi/4.9.3/armv6-m\libgcc.a(_udivsi3.o)
 .bss           0x00000000        0x0 c:/program files (x86)/cypress/psoc creator/3.3/psoc creator/import/gnu/arm/4.9.3/bin/../lib/gcc/arm-none-eabi/4.9.3/armv6-m\libgcc.a(_udivsi3.o)
 .data          0x00000000        0x0 c:/program files (x86)/cypress/psoc creator/3.3/psoc creator/import/gnu/arm/4.9.3/bin/../lib/gcc/arm-none-eabi/4.9.3/armv6-m\libgcc.a(_dvmd_tls.o)
 .bss           0x00000000        0x0 c:/program files (x86)/cypress/psoc creator/3.3/psoc creator/import/gnu/arm/4.9.3/bin/../lib/gcc/arm-none-eabi/4.9.3/armv6-m\libgcc.a(_dvmd_tls.o)
 .text          0x00000000        0x0 c:/program files (x86)/cypress/psoc creator/3.3/psoc creator/import/gnu/arm/4.9.3/bin/../lib/gcc/arm-none-eabi/4.9.3/../../../../arm-none-eabi/lib/armv6-m\libg_nano.a(lib_a-errno.o)
 .data          0x00000000        0x0 c:/program files (x86)/cypress/psoc creator/3.3/psoc creator/import/gnu/arm/4.9.3/bin/../lib/gcc/arm-none-eabi/4.9.3/../../../../arm-none-eabi/lib/armv6-m\libg_nano.a(lib_a-errno.o)
 .bss           0x00000000        0x0 c:/program files (x86)/cypress/psoc creator/3.3/psoc creator/import/gnu/arm/4.9.3/bin/../lib/gcc/arm-none-eabi/4.9.3/../../../../arm-none-eabi/lib/armv6-m\libg_nano.a(lib_a-errno.o)
 .text.__errno  0x00000000        0xc c:/program files (x86)/cypress/psoc creator/3.3/psoc creator/import/gnu/arm/4.9.3/bin/../lib/gcc/arm-none-eabi/4.9.3/../../../../arm-none-eabi/lib/armv6-m\libg_nano.a(lib_a-errno.o)
 .text          0x00000000        0x0 c:/program files (x86)/cypress/psoc creator/3.3/psoc creator/import/gnu/arm/4.9.3/bin/../lib/gcc/arm-none-eabi/4.9.3/../../../../arm-none-eabi/lib/armv6-m\libg_nano.a(lib_a-exit.o)
 .data          0x00000000        0x0 c:/program files (x86)/cypress/psoc creator/3.3/psoc creator/import/gnu/arm/4.9.3/bin/../lib/gcc/arm-none-eabi/4.9.3/../../../../arm-none-eabi/lib/armv6-m\libg_nano.a(lib_a-exit.o)
 .bss           0x00000000        0x0 c:/program files (x86)/cypress/psoc creator/3.3/psoc creator/import/gnu/arm/4.9.3/bin/../lib/gcc/arm-none-eabi/4.9.3/../../../../arm-none-eabi/lib/armv6-m\libg_nano.a(lib_a-exit.o)
 .text.exit     0x00000000       0x2c c:/program files (x86)/cypress/psoc creator/3.3/psoc creator/import/gnu/arm/4.9.3/bin/../lib/gcc/arm-none-eabi/4.9.3/../../../../arm-none-eabi/lib/armv6-m\libg_nano.a(lib_a-exit.o)
 .text          0x00000000        0x0 c:/program files (x86)/cypress/psoc creator/3.3/psoc creator/import/gnu/arm/4.9.3/bin/../lib/gcc/arm-none-eabi/4.9.3/../../../../arm-none-eabi/lib/armv6-m\libg_nano.a(lib_a-impure.o)
 .data          0x00000000        0x0 c:/program files (x86)/cypress/psoc creator/3.3/psoc creator/import/gnu/arm/4.9.3/bin/../lib/gcc/arm-none-eabi/4.9.3/../../../../arm-none-eabi/lib/armv6-m\libg_nano.a(lib_a-impure.o)
 .bss           0x00000000        0x0 c:/program files (x86)/cypress/psoc creator/3.3/psoc creator/import/gnu/arm/4.9.3/bin/../lib/gcc/arm-none-eabi/4.9.3/../../../../arm-none-eabi/lib/armv6-m\libg_nano.a(lib_a-impure.o)
 .data.impure_data
                0x00000000       0x60 c:/program files (x86)/cypress/psoc creator/3.3/psoc creator/import/gnu/arm/4.9.3/bin/../lib/gcc/arm-none-eabi/4.9.3/../../../../arm-none-eabi/lib/armv6-m\libg_nano.a(lib_a-impure.o)
 .data._impure_ptr
                0x00000000        0x4 c:/program files (x86)/cypress/psoc creator/3.3/psoc creator/import/gnu/arm/4.9.3/bin/../lib/gcc/arm-none-eabi/4.9.3/../../../../arm-none-eabi/lib/armv6-m\libg_nano.a(lib_a-impure.o)
 .rodata.str1.1
                0x00000000        0x2 c:/program files (x86)/cypress/psoc creator/3.3/psoc creator/import/gnu/arm/4.9.3/bin/../lib/gcc/arm-none-eabi/4.9.3/../../../../arm-none-eabi/lib/armv6-m\libg_nano.a(lib_a-impure.o)
 .rodata._global_impure_ptr
                0x00000000        0x4 c:/program files (x86)/cypress/psoc creator/3.3/psoc creator/import/gnu/arm/4.9.3/bin/../lib/gcc/arm-none-eabi/4.9.3/../../../../arm-none-eabi/lib/armv6-m\libg_nano.a(lib_a-impure.o)
 .text          0x00000000        0x0 c:/program files (x86)/cypress/psoc creator/3.3/psoc creator/import/gnu/arm/4.9.3/bin/../lib/gcc/arm-none-eabi/4.9.3/../../../../arm-none-eabi/lib/armv6-m\libg_nano.a(lib_a-init.o)
 .data          0x00000000        0x0 c:/program files (x86)/cypress/psoc creator/3.3/psoc creator/import/gnu/arm/4.9.3/bin/../lib/gcc/arm-none-eabi/4.9.3/../../../../arm-none-eabi/lib/armv6-m\libg_nano.a(lib_a-init.o)
 .bss           0x00000000        0x0 c:/program files (x86)/cypress/psoc creator/3.3/psoc creator/import/gnu/arm/4.9.3/bin/../lib/gcc/arm-none-eabi/4.9.3/../../../../arm-none-eabi/lib/armv6-m\libg_nano.a(lib_a-init.o)
 .text          0x00000000        0x0 c:/program files (x86)/cypress/psoc creator/3.3/psoc creator/import/gnu/arm/4.9.3/bin/../lib/gcc/arm-none-eabi/4.9.3/../../../../arm-none-eabi/lib/armv6-m\libg_nano.a(lib_a-memset.o)
 .data          0x00000000        0x0 c:/program files (x86)/cypress/psoc creator/3.3/psoc creator/import/gnu/arm/4.9.3/bin/../lib/gcc/arm-none-eabi/4.9.3/../../../../arm-none-eabi/lib/armv6-m\libg_nano.a(lib_a-memset.o)
 .bss           0x00000000        0x0 c:/program files (x86)/cypress/psoc creator/3.3/psoc creator/import/gnu/arm/4.9.3/bin/../lib/gcc/arm-none-eabi/4.9.3/../../../../arm-none-eabi/lib/armv6-m\libg_nano.a(lib_a-memset.o)
 .text.memset   0x00000000       0x10 c:/program files (x86)/cypress/psoc creator/3.3/psoc creator/import/gnu/arm/4.9.3/bin/../lib/gcc/arm-none-eabi/4.9.3/../../../../arm-none-eabi/lib/armv6-m\libg_nano.a(lib_a-memset.o)
 .text          0x00000000        0x0 c:/program files (x86)/cypress/psoc creator/3.3/psoc creator/import/gnu/arm/4.9.3/bin/../lib/gcc/arm-none-eabi/4.9.3/armv6-m/crtend.o
 .data          0x00000000        0x0 c:/program files (x86)/cypress/psoc creator/3.3/psoc creator/import/gnu/arm/4.9.3/bin/../lib/gcc/arm-none-eabi/4.9.3/armv6-m/crtend.o
 .bss           0x00000000        0x0 c:/program files (x86)/cypress/psoc creator/3.3/psoc creator/import/gnu/arm/4.9.3/bin/../lib/gcc/arm-none-eabi/4.9.3/armv6-m/crtend.o
 .text          0x00000000        0x0 c:/program files (x86)/cypress/psoc creator/3.3/psoc creator/import/gnu/arm/4.9.3/bin/../lib/gcc/arm-none-eabi/4.9.3/armv6-m/crtn.o
 .data          0x00000000        0x0 c:/program files (x86)/cypress/psoc creator/3.3/psoc creator/import/gnu/arm/4.9.3/bin/../lib/gcc/arm-none-eabi/4.9.3/armv6-m/crtn.o
 .bss           0x00000000        0x0 c:/program files (x86)/cypress/psoc creator/3.3/psoc creator/import/gnu/arm/4.9.3/bin/../lib/gcc/arm-none-eabi/4.9.3/armv6-m/crtn.o

Memory Configuration

Name             Origin             Length             Attributes
rom              0x00000000         0x00002000         xr
ram              0x20000000         0x00000800         xrw
*default*        0x00000000         0xffffffff

Linker script and memory map

LOAD c:/program files (x86)/cypress/psoc creator/3.3/psoc creator/import/gnu/arm/4.9.3/bin/../lib/gcc/arm-none-eabi/4.9.3/armv6-m/crti.o
LOAD c:/program files (x86)/cypress/psoc creator/3.3/psoc creator/import/gnu/arm/4.9.3/bin/../lib/gcc/arm-none-eabi/4.9.3/armv6-m/crtbegin.o
LOAD c:/program files (x86)/cypress/psoc creator/3.3/psoc creator/import/gnu/arm/4.9.3/bin/../lib/gcc/arm-none-eabi/4.9.3/../../../../arm-none-eabi/lib/armv6-m/crt0.o
START GROUP
LOAD .\CortexM0\ARM_GCC_493\Debug\main.o
LOAD .\CortexM0\ARM_GCC_493\Debug\cymetadata.o
LOAD .\CortexM0\ARM_GCC_493\Debug\Cm0Start.o
LOAD .\CortexM0\ARM_GCC_493\Debug\Auto Shut-OFF_SOIC8.a
LOAD C:\Program Files (x86)\Cypress\PSoC Creator\3.3\PSoC Creator\psoc\content\cycomponentlibrary\CyComponentLibrary.cylib\CortexM0\ARM_GCC_493\Debug\CyComponentLibrary.a
END GROUP
START GROUP
LOAD c:/program files (x86)/cypress/psoc creator/3.3/psoc creator/import/gnu/arm/4.9.3/bin/../lib/gcc/arm-none-eabi/4.9.3/armv6-m\libgcc.a
LOAD c:/program files (x86)/cypress/psoc creator/3.3/psoc creator/import/gnu/arm/4.9.3/bin/../lib/gcc/arm-none-eabi/4.9.3/../../../../arm-none-eabi/lib/armv6-m\libg_nano.a
LOAD c:/program files (x86)/cypress/psoc creator/3.3/psoc creator/import/gnu/arm/4.9.3/bin/../lib/gcc/arm-none-eabi/4.9.3/../../../../arm-none-eabi/lib/armv6-m\libc_nano.a
END GROUP
START GROUP
LOAD c:/program files (x86)/cypress/psoc creator/3.3/psoc creator/import/gnu/arm/4.9.3/bin/../lib/gcc/arm-none-eabi/4.9.3/armv6-m\libgcc.a
LOAD c:/program files (x86)/cypress/psoc creator/3.3/psoc creator/import/gnu/arm/4.9.3/bin/../lib/gcc/arm-none-eabi/4.9.3/../../../../arm-none-eabi/lib/armv6-m\libc_nano.a
END GROUP
LOAD c:/program files (x86)/cypress/psoc creator/3.3/psoc creator/import/gnu/arm/4.9.3/bin/../lib/gcc/arm-none-eabi/4.9.3/armv6-m/crtend.o
LOAD c:/program files (x86)/cypress/psoc creator/3.3/psoc creator/import/gnu/arm/4.9.3/bin/../lib/gcc/arm-none-eabi/4.9.3/armv6-m/crtn.o
START GROUP
LOAD c:/program files (x86)/cypress/psoc creator/3.3/psoc creator/import/gnu/arm/4.9.3/bin/../lib/gcc/arm-none-eabi/4.9.3/armv6-m\libgcc.a
LOAD c:/program files (x86)/cypress/psoc creator/3.3/psoc creator/import/gnu/arm/4.9.3/bin/../lib/gcc/arm-none-eabi/4.9.3/../../../../arm-none-eabi/lib/armv6-m\libc.a
LOAD c:/program files (x86)/cypress/psoc creator/3.3/psoc creator/import/gnu/arm/4.9.3/bin/../lib/gcc/arm-none-eabi/4.9.3/../../../../arm-none-eabi/lib/armv6-m\libnosys.a
END GROUP
                0x00000000                CY_APPL_ORIGIN = 0x0
                0x00000040                CY_FLASH_ROW_SIZE = 0x40
                0x00000001                CY_APPL_NUM = 0x1
                0x00000001                CY_APPL_MAX = 0x1
                0x00000040                CY_METADATA_SIZE = 0x40
                0x00000000                CY_APPL_LOADABLE = 0x0
                0x00000000                CY_CHECKSUM_EXCLUDE_SIZE = ALIGN (0x0, CY_FLASH_ROW_SIZE)
                0x00000000                CY_APP_FOR_STACK_AND_COPIER = 0x0
                0x200000f0                PROVIDE (__cy_heap_start, _end)
                0x00000001                PROVIDE (__cy_region_num, ((__cy_regions_end - __cy_regions) / 0x10))
                0x20000800                PROVIDE (__cy_stack, (ORIGIN (ram) + 0x800))
                0x20000600                PROVIDE (__cy_heap_end, (__cy_stack - 0x200))

.cybootloader   0x00000000        0x0
 *(.cybootloader)
                0x00000000                appl1_start = CY_APPL_ORIGIN?CY_APPL_ORIGIN:ALIGN (CY_FLASH_ROW_SIZE)
                0x00000fc0                appl2_start = (appl1_start + ALIGN ((((0x2000 - appl1_start) - (0x2 * CY_FLASH_ROW_SIZE)) / 0x2), CY_FLASH_ROW_SIZE))
                0x00000000                appl_start = (CY_APPL_NUM == 0x1)?appl1_start:appl2_start
                0x00000001                cy_project_type_bootloader = (appl_start == 0x0)?0x1:0x0
                0x00000000                cy_project_type_app_for_stack_and_copier = (CY_APP_FOR_STACK_AND_COPIER == 0x1)?0x1:0x0

.text           0x00000000      0x990
 CREATE_OBJECT_SYMBOLS
                0x00000000                PROVIDE (__cy_interrupt_vector, RomVectors)
 *(.romvectors)
 .romvectors    0x00000000       0x10 .\CortexM0\ARM_GCC_493\Debug\Cm0Start.o
                0x00000000                RomVectors
                0x00000001                ASSERT ((. != __cy_interrupt_vector), No interrupt vector)
                0x00000001                ASSERT (CY_APPL_ORIGIN?(SIZEOF (.cybootloader) <= CY_APPL_ORIGIN):0x1, Wrong image location)
                0x00000010                PROVIDE (__cy_reset, Reset)
 *(.text.Reset)
 .text.Reset    0x00000010        0xc .\CortexM0\ARM_GCC_493\Debug\Cm0Start.o
                0x00000010                Reset
                0x00000001                ASSERT ((. != __cy_reset), No reset code)
 *(.psocinit)
 .psocinit      0x0000001c       0xa8 .\CortexM0\ARM_GCC_493\Debug\Auto Shut-OFF_SOIC8.a(cyfitter_cfg.o)
                0x00000060                cyfitter_cfg
                0x00000100                . = MAX (., 0x100)
 *fill*         0x000000c4       0x3c 
 *(.text .text.* .gnu.linkonce.t.*)
 .text          0x00000100       0x60 c:/program files (x86)/cypress/psoc creator/3.3/psoc creator/import/gnu/arm/4.9.3/bin/../lib/gcc/arm-none-eabi/4.9.3/armv6-m/crtbegin.o
 .text.PWM_isr  0x00000160       0x5c .\CortexM0\ARM_GCC_493\Debug\main.o
                0x00000160                PWM_isr
 .text.Push_Button_isr
                0x000001bc       0x14 .\CortexM0\ARM_GCC_493\Debug\main.o
                0x000001bc                Push_Button_isr
 .text.main     0x000001d0      0x128 .\CortexM0\ARM_GCC_493\Debug\main.o
                0x000001d0                main
 .text.IntDefaultHandler
                0x000002f8        0x4 .\CortexM0\ARM_GCC_493\Debug\Cm0Start.o
                0x000002f8                IntDefaultHandler
 .text.Start_c  0x000002fc       0x48 .\CortexM0\ARM_GCC_493\Debug\Cm0Start.o
                0x000002fc                Start_c
 .text.initialize_psoc
                0x00000344       0x54 .\CortexM0\ARM_GCC_493\Debug\Cm0Start.o
                0x00000344                initialize_psoc
 .text.PUSH_BUTTON_INPUT_ClearInterrupt
                0x00000398       0x14 .\CortexM0\ARM_GCC_493\Debug\Auto Shut-OFF_SOIC8.a(PUSH_BUTTON_INPUT.o)
                0x00000398                PUSH_BUTTON_INPUT_ClearInterrupt
 .text.SUPPLY_ENABLE_Write
                0x000003ac       0x18 .\CortexM0\ARM_GCC_493\Debug\Auto Shut-OFF_SOIC8.a(SUPPLY_ENABLE.o)
                0x000003ac                SUPPLY_ENABLE_Write
 .text.PWM_WriteCounter
                0x000003c4       0x10 .\CortexM0\ARM_GCC_493\Debug\Auto Shut-OFF_SOIC8.a(PWM.o)
                0x000003c4                PWM_WriteCounter
 .text.PWM_WritePeriod
                0x000003d4       0x10 .\CortexM0\ARM_GCC_493\Debug\Auto Shut-OFF_SOIC8.a(PWM.o)
                0x000003d4                PWM_WritePeriod
 .text.PWM_WriteCompare
                0x000003e4       0x38 .\CortexM0\ARM_GCC_493\Debug\Auto Shut-OFF_SOIC8.a(PWM.o)
                0x000003e4                PWM_WriteCompare
 .text.PWM_TriggerCommand
                0x0000041c       0x1c .\CortexM0\ARM_GCC_493\Debug\Auto Shut-OFF_SOIC8.a(PWM.o)
                0x0000041c                PWM_TriggerCommand
 .text.PWM_Enable
                0x00000438       0x24 .\CortexM0\ARM_GCC_493\Debug\Auto Shut-OFF_SOIC8.a(PWM.o)
                0x00000438                PWM_Enable
 .text.PWM_SetInterruptMode
                0x0000045c        0xc .\CortexM0\ARM_GCC_493\Debug\Auto Shut-OFF_SOIC8.a(PWM.o)
                0x0000045c                PWM_SetInterruptMode
 .text.PWM_Init
                0x00000468       0x48 .\CortexM0\ARM_GCC_493\Debug\Auto Shut-OFF_SOIC8.a(PWM.o)
                0x00000468                PWM_Init
 .text.PWM_Start
                0x000004b0       0x20 .\CortexM0\ARM_GCC_493\Debug\Auto Shut-OFF_SOIC8.a(PWM.o)
                0x000004b0                PWM_Start
 .text.PWM_ClearInterrupt
                0x000004d0        0xc .\CortexM0\ARM_GCC_493\Debug\Auto Shut-OFF_SOIC8.a(PWM.o)
                0x000004d0                PWM_ClearInterrupt
 .text.PWM_CLOCK_StartEx
                0x000004dc       0x1c .\CortexM0\ARM_GCC_493\Debug\Auto Shut-OFF_SOIC8.a(PWM_CLOCK.o)
                0x000004dc                PWM_CLOCK_StartEx
 .text.PWM_isr_SetVector
                0x000004f8        0xc .\CortexM0\ARM_GCC_493\Debug\Auto Shut-OFF_SOIC8.a(PWM_isr.o)
                0x000004f8                PWM_isr_SetVector
 .text.PWM_isr_SetPriority
                0x00000504       0x20 .\CortexM0\ARM_GCC_493\Debug\Auto Shut-OFF_SOIC8.a(PWM_isr.o)
                0x00000504                PWM_isr_SetPriority
 .text.PWM_isr_Enable
                0x00000524       0x10 .\CortexM0\ARM_GCC_493\Debug\Auto Shut-OFF_SOIC8.a(PWM_isr.o)
                0x00000524                PWM_isr_Enable
 .text.PWM_isr_Disable
                0x00000534       0x10 .\CortexM0\ARM_GCC_493\Debug\Auto Shut-OFF_SOIC8.a(PWM_isr.o)
                0x00000534                PWM_isr_Disable
 .text.PWM_isr_StartEx
                0x00000544       0x1c .\CortexM0\ARM_GCC_493\Debug\Auto Shut-OFF_SOIC8.a(PWM_isr.o)
                0x00000544                PWM_isr_StartEx
 .text.PWM_isr_Stop
                0x00000560       0x14 .\CortexM0\ARM_GCC_493\Debug\Auto Shut-OFF_SOIC8.a(PWM_isr.o)
                0x00000560                PWM_isr_Stop
 .text.Push_Button_isr_SetVector
                0x00000574        0xc .\CortexM0\ARM_GCC_493\Debug\Auto Shut-OFF_SOIC8.a(Push_Button_isr.o)
                0x00000574                Push_Button_isr_SetVector
 .text.Push_Button_isr_SetPriority
                0x00000580       0x20 .\CortexM0\ARM_GCC_493\Debug\Auto Shut-OFF_SOIC8.a(Push_Button_isr.o)
                0x00000580                Push_Button_isr_SetPriority
 .text.Push_Button_isr_Enable
                0x000005a0        0xc .\CortexM0\ARM_GCC_493\Debug\Auto Shut-OFF_SOIC8.a(Push_Button_isr.o)
                0x000005a0                Push_Button_isr_Enable
 .text.Push_Button_isr_Disable
                0x000005ac        0xc .\CortexM0\ARM_GCC_493\Debug\Auto Shut-OFF_SOIC8.a(Push_Button_isr.o)
                0x000005ac                Push_Button_isr_Disable
 .text.Push_Button_isr_StartEx
                0x000005b8       0x1c .\CortexM0\ARM_GCC_493\Debug\Auto Shut-OFF_SOIC8.a(Push_Button_isr.o)
                0x000005b8                Push_Button_isr_StartEx
 *fill*         0x000005d4        0x4 
 .text          0x000005d8       0x28 .\CortexM0\ARM_GCC_493\Debug\Auto Shut-OFF_SOIC8.a(CyBootAsmGnu.o)
                0x000005d8                CyDelayCycles
                0x000005ec                CyEnterCriticalSection
                0x000005f4                CyExitCriticalSection
 .text.CyHalt   0x00000600        0x4 .\CortexM0\ARM_GCC_493\Debug\Auto Shut-OFF_SOIC8.a(CyLib.o)
                0x00000600                CyHalt
 .text.CySysClkWriteImoFreq
                0x00000604       0xac .\CortexM0\ARM_GCC_493\Debug\Auto Shut-OFF_SOIC8.a(CyLib.o)
                0x00000604                CySysClkWriteImoFreq
 .text.CySysWdtDisable
                0x000006b0       0x10 .\CortexM0\ARM_GCC_493\Debug\Auto Shut-OFF_SOIC8.a(CyLFClk.o)
                0x000006b0                CySysWdtDisable
 .text.SW_Tx_UART_Start
                0x000006c0        0x4 .\CortexM0\ARM_GCC_493\Debug\Auto Shut-OFF_SOIC8.a(SW_Tx_UART.o)
                0x000006c0                SW_Tx_UART_Start
 .text.SW_Tx_UART_PutString
                0x000006c4       0x1c .\CortexM0\ARM_GCC_493\Debug\Auto Shut-OFF_SOIC8.a(SW_Tx_UART.o)
                0x000006c4                SW_Tx_UART_PutString
 .text.SW_Tx_UART_PutHexByte
                0x000006e0       0x20 .\CortexM0\ARM_GCC_493\Debug\Auto Shut-OFF_SOIC8.a(SW_Tx_UART.o)
                0x000006e0                SW_Tx_UART_PutHexByte
 .text.SW_Tx_UART_PutHexInt
                0x00000700       0x14 .\CortexM0\ARM_GCC_493\Debug\Auto Shut-OFF_SOIC8.a(SW_Tx_UART.o)
                0x00000700                SW_Tx_UART_PutHexInt
 .text.SW_Tx_UART_PutCRLF
                0x00000714       0x10 .\CortexM0\ARM_GCC_493\Debug\Auto Shut-OFF_SOIC8.a(SW_Tx_UART.o)
                0x00000714                SW_Tx_UART_PutCRLF
 *fill*         0x00000724       0x1c 
 .text          0x00000740       0xe0 .\CortexM0\ARM_GCC_493\Debug\Auto Shut-OFF_SOIC8.a(SW_Tx_UART_AsmGnu.o)
                0x00000740                SW_Tx_UART_PutChar
 .text          0x00000820      0x120 c:/program files (x86)/cypress/psoc creator/3.3/psoc creator/import/gnu/arm/4.9.3/bin/../lib/gcc/arm-none-eabi/4.9.3/armv6-m\libgcc.a(_udivsi3.o)
                0x00000820                __aeabi_uidiv
                0x00000820                __udivsi3
                0x0000092c                __aeabi_uidivmod
 .text          0x00000940        0x4 c:/program files (x86)/cypress/psoc creator/3.3/psoc creator/import/gnu/arm/4.9.3/bin/../lib/gcc/arm-none-eabi/4.9.3/armv6-m\libgcc.a(_dvmd_tls.o)
                0x00000940                __aeabi_idiv0
                0x00000940                __aeabi_ldiv0
 .text.__libc_init_array
                0x00000944       0x4c c:/program files (x86)/cypress/psoc creator/3.3/psoc creator/import/gnu/arm/4.9.3/bin/../lib/gcc/arm-none-eabi/4.9.3/../../../../arm-none-eabi/lib/armv6-m\libg_nano.a(lib_a-init.o)
                0x00000944                __libc_init_array
 *(.plt)
 *(.gnu.warning)
 *(.glue_7t)
 .glue_7t       0x00000000        0x0 linker stubs
 *(.glue_7)
 .glue_7        0x00000000        0x0 linker stubs
 *(.vfp11_veneer)
 .vfp11_veneer  0x00000000        0x0 linker stubs
 *(.bootloader)
 *(.ARM.extab* .gnu.linkonce.armextab.*)
 *(.gcc_except_table)

.v4_bx          0x00000990        0x0
 .v4_bx         0x00000000        0x0 linker stubs

.iplt           0x00000990        0x0
 .iplt          0x00000000        0x0 c:/program files (x86)/cypress/psoc creator/3.3/psoc creator/import/gnu/arm/4.9.3/bin/../lib/gcc/arm-none-eabi/4.9.3/armv6-m/crtbegin.o

.eh_frame_hdr
 *(.eh_frame_hdr)

.eh_frame       0x00000990        0x4
 *(.eh_frame)
 .eh_frame      0x00000990        0x0 c:/program files (x86)/cypress/psoc creator/3.3/psoc creator/import/gnu/arm/4.9.3/bin/../lib/gcc/arm-none-eabi/4.9.3/armv6-m/crtbegin.o
 .eh_frame      0x00000990        0x4 c:/program files (x86)/cypress/psoc creator/3.3/psoc creator/import/gnu/arm/4.9.3/bin/../lib/gcc/arm-none-eabi/4.9.3/armv6-m/crtend.o
                0x00000994                PROVIDE (__exidx_start, .)

.ARM.exidx
 *(.ARM.exidx* .gnu.linkonce.armexidx.*)
                0x00000994                __exidx_end = .

.rodata         0x00000994       0xa4
 *(.rodata .rodata.* .gnu.linkonce.r.*)
 .rodata.str1.4
                0x00000994       0x58 .\CortexM0\ARM_GCC_493\Debug\main.o
 .rodata        0x000009ec       0x14 .\CortexM0\ARM_GCC_493\Debug\Auto Shut-OFF_SOIC8.a(SW_Tx_UART.o)
                0x00000a00                . = ALIGN (0x4)
 *(.init)
 .init          0x00000a00        0x4 c:/program files (x86)/cypress/psoc creator/3.3/psoc creator/import/gnu/arm/4.9.3/bin/../lib/gcc/arm-none-eabi/4.9.3/armv6-m/crti.o
                0x00000a00                _init
 .init          0x00000a04        0x8 c:/program files (x86)/cypress/psoc creator/3.3/psoc creator/import/gnu/arm/4.9.3/bin/../lib/gcc/arm-none-eabi/4.9.3/armv6-m/crtn.o
                0x00000a0c                . = ALIGN (0x4)
                0x00000a0c                __preinit_array_start = .
 *(.preinit_array)
                0x00000a0c                __preinit_array_end = .
                0x00000a0c                . = ALIGN (0x4)
                0x00000a0c                __init_array_start = .
 *(SORT(.init_array.*))
 *(.init_array)
 .init_array    0x00000a0c        0x4 c:/program files (x86)/cypress/psoc creator/3.3/psoc creator/import/gnu/arm/4.9.3/bin/../lib/gcc/arm-none-eabi/4.9.3/armv6-m/crtbegin.o
 .init_array    0x00000a10        0x4 .\CortexM0\ARM_GCC_493\Debug\Cm0Start.o
                0x00000a14                __init_array_end = .
                0x00000a14                . = ALIGN (0x4)
 *(.fini)
 .fini          0x00000a14        0x4 c:/program files (x86)/cypress/psoc creator/3.3/psoc creator/import/gnu/arm/4.9.3/bin/../lib/gcc/arm-none-eabi/4.9.3/armv6-m/crti.o
                0x00000a14                _fini
 .fini          0x00000a18        0x8 c:/program files (x86)/cypress/psoc creator/3.3/psoc creator/import/gnu/arm/4.9.3/bin/../lib/gcc/arm-none-eabi/4.9.3/armv6-m/crtn.o
                0x00000a20                . = ALIGN (0x4)
                0x00000a20                __fini_array_start = .
 *(.fini_array)
 .fini_array    0x00000a20        0x4 c:/program files (x86)/cypress/psoc creator/3.3/psoc creator/import/gnu/arm/4.9.3/bin/../lib/gcc/arm-none-eabi/4.9.3/armv6-m/crtbegin.o
 *(SORT(.fini_array.*))
                0x00000a24                __fini_array_end = .
                0x00000a24                . = ALIGN (0x4)
 *crtbegin.o(.ctors)
 *(EXCLUDE_FILE(*crtend.o) .ctors)
 *(SORT(.ctors.*))
 *crtend.o(.ctors)
                0x00000a24                . = ALIGN (0x4)
 *crtbegin.o(.dtors)
 *(EXCLUDE_FILE(*crtend.o) .dtors)
 *(SORT(.dtors.*))
 *crtend.o(.dtors)
                0x00000a24                . = ALIGN (0x4)
                0x00000a24                __cy_regions = .
                0x00000a24        0x4 LONG 0xa38 __cy_region_init_ram
                0x00000a28        0x4 LONG 0x20000070 __cy_region_start_data
                0x00000a2c        0x4 LONG 0x20 __cy_region_init_size_ram
                0x00000a30        0x4 LONG 0x60 __cy_region_zero_size_ram
                0x00000a34                __cy_regions_end = .
                0x00000a38                . = ALIGN (0x8)
 *fill*         0x00000a34        0x4 
                0x00000a38                _etext = .

.cy_checksum_exclude
                0x00000a38        0x0
 *(.cy_checksum_exclude)

.ramvectors     0x20000000       0x64
                0x20000000                __cy_region_start_ram = .
 *(.ramvectors)
 .ramvectors    0x20000000       0x64 .\CortexM0\ARM_GCC_493\Debug\Cm0Start.o
                0x20000000                CyRamVectors

.noinit         0x20000068        0x4
 *(.noinit)
 .noinit        0x20000068        0x4 .\CortexM0\ARM_GCC_493\Debug\Cm0Start.o

.data           0x20000070       0x20 load address 0x00000a38
                0x20000070                __cy_region_start_data = .
 *(.jcr)
 .jcr           0x20000070        0x0 c:/program files (x86)/cypress/psoc creator/3.3/psoc creator/import/gnu/arm/4.9.3/bin/../lib/gcc/arm-none-eabi/4.9.3/armv6-m/crtbegin.o
 .jcr           0x20000070        0x4 c:/program files (x86)/cypress/psoc creator/3.3/psoc creator/import/gnu/arm/4.9.3/bin/../lib/gcc/arm-none-eabi/4.9.3/armv6-m/crtend.o
 *(.got.plt)
 *(.got)
 *(.shdata)
 *(.data .data.* .gnu.linkonce.d.*)
 .data          0x20000074       0x10 .\CortexM0\ARM_GCC_493\Debug\Auto Shut-OFF_SOIC8.a(CyLib.o)
                0x20000074                cydelay32kMs
                0x20000078                cydelayFreqKhz
                0x2000007c                cydelayFreqMhz
                0x20000080                cydelayFreqHz
 .data          0x20000084        0x8 .\CortexM0\ARM_GCC_493\Debug\Auto Shut-OFF_SOIC8.a(SW_Tx_UART.o)
                0x20000084                SW_Tx_UART_pinDrAdress
                0x20000088                SW_Tx_UART_pinPortNumber
                0x20000090                . = ALIGN (0x8)
 *fill*         0x2000008c        0x4 
 *(.ram)
                0x20000090                _edata = .

.igot.plt       0x20000090        0x0 load address 0x00000a58
 .igot.plt      0x00000000        0x0 c:/program files (x86)/cypress/psoc creator/3.3/psoc creator/import/gnu/arm/4.9.3/bin/../lib/gcc/arm-none-eabi/4.9.3/armv6-m/crtbegin.o

.bss            0x20000090       0x60 load address 0x00000a58
                0x20000090                PROVIDE (__bss_start__, .)
 *(.shbss)
 *(.bss .bss.* .gnu.linkonce.b.*)
 .bss           0x20000090       0x1c c:/program files (x86)/cypress/psoc creator/3.3/psoc creator/import/gnu/arm/4.9.3/bin/../lib/gcc/arm-none-eabi/4.9.3/armv6-m/crtbegin.o
 .bss           0x200000ac        0x1 .\CortexM0\ARM_GCC_493\Debug\Auto Shut-OFF_SOIC8.a(PWM.o)
                0x200000ac                PWM_initVar
 *fill*         0x200000ad        0x3 
 .bss           0x200000b0        0x4 .\CortexM0\ARM_GCC_493\Debug\Auto Shut-OFF_SOIC8.a(SW_Tx_UART.o)
                0x200000b0                SW_Tx_UART_pinNumber
 *(COMMON)
 COMMON         0x200000b4       0x3c .\CortexM0\ARM_GCC_493\Debug\main.o
                0x200000b4                DelayBeforeShutOff
                0x200000b8                Push_Button_State_Value
                0x200000bc                ON_Time
                0x200000c0                Mode
                0x200000c4                UART_Buffer
                0x200000e4                UART_TX_Flag
                0x200000e5                Push_Button_Interrupt_Flag
                0x200000e6                Second_Counter
                0x200000e7                Second_in_Base_60
                0x200000e8                UART_Tx_Size
                0x200000ec                OFF_Time
                0x200000f0                . = ALIGN (0x8)
 *(.ram.b)
                0x200000f0                _end = .
                0x200000f0                __end = .
                0x200000f0                PROVIDE (end, .)
                0x200000f0                PROVIDE (__bss_end__, .)
                0x00000a38                __cy_region_init_ram = LOADADDR (.data)
                0x00000020                __cy_region_init_size_ram = (_edata - ADDR (.data))
                0x00000060                __cy_region_zero_size_ram = (_end - _edata)

.heap           0x200000f0       0x80 load address 0x00000a58
                0x200000f0                . = _end
                0x20000170                . = (. + 0x80)
 *fill*         0x200000f0       0x80 
                0x20000170                __cy_heap_limit = .

.stack          0x20000600      0x200
                0x20000600                __cy_stack_limit = .
                0x20000800                . = (. + 0x200)
 *fill*         0x20000600      0x200 
                0x00000001                ASSERT ((__cy_stack_limit >= __cy_heap_limit), region RAM overflowed with stack)
                0x00000000                cy_checksum_exclude_size = (CY_APPL_LOADABLE == 0x1)?SIZEOF (.cy_checksum_exclude):0x0
                0x00000001                ASSERT ((cy_checksum_exclude_size <= CY_CHECKSUM_EXCLUDE_SIZE), CY_BOOT: Section .cy_checksum_exclude size exceedes specified limit.)
                0x00001fc0                cyloadermeta_start = (cy_project_type_bootloader || cy_project_type_app_for_stack_and_copier)?(0x2000 - CY_METADATA_SIZE):0xf0000000

.cyloadermeta
 *(.cyloadermeta)
                0x00001fc0                cyloadablemeta_start = cy_project_type_app_for_stack_and_copier?((0x2000 - CY_FLASH_ROW_SIZE) - CY_METADATA_SIZE):((0x2000 - (CY_FLASH_ROW_SIZE * (CY_APPL_NUM - 0x1))) - CY_METADATA_SIZE)

.cyloadablemeta
 *(.cyloadablemeta)

.cyflashprotect
                0x90400000       0x10
 *(.cyflashprotect)
 .cyflashprotect
                0x90400000       0x10 .\CortexM0\ARM_GCC_493\Debug\cymetadata.o
                0x90400000                cy_meta_flashprotect

.cymeta         0x90500000        0xc
 *(.cymeta)
 .cymeta        0x90500000        0xc .\CortexM0\ARM_GCC_493\Debug\cymetadata.o
                0x90500000                cy_metadata

.cychipprotect  0x90600000        0x4
 *(.cychipprotect)
 .cychipprotect
                0x90600000        0x4 .\CortexM0\ARM_GCC_493\Debug\cymetadata.o
                0x90600000                cy_meta_chipprotect

.rel.dyn        0x00000a58        0x0 load address 0x90600004
 .rel.iplt      0x00000000        0x0 c:/program files (x86)/cypress/psoc creator/3.3/psoc creator/import/gnu/arm/4.9.3/bin/../lib/gcc/arm-none-eabi/4.9.3/armv6-m/crtbegin.o

.stab
 *(.stab)

.stabstr
 *(.stabstr)

.debug
 *(.debug)

.line
 *(.line)

.debug_srcinfo
 *(.debug_srcinfo)

.debug_sfnames
 *(.debug_sfnames)

.debug_aranges  0x00000000      0x670
 *(.debug_aranges)
 .debug_aranges
                0x00000000       0x30 .\CortexM0\ARM_GCC_493\Debug\main.o
 .debug_aranges
                0x00000030       0x18 .\CortexM0\ARM_GCC_493\Debug\cymetadata.o
 .debug_aranges
                0x00000048       0x48 .\CortexM0\ARM_GCC_493\Debug\Cm0Start.o
 .debug_aranges
                0x00000090       0x28 .\CortexM0\ARM_GCC_493\Debug\Auto Shut-OFF_SOIC8.a(cyfitter_cfg.o)
 .debug_aranges
                0x000000b8       0x40 .\CortexM0\ARM_GCC_493\Debug\Auto Shut-OFF_SOIC8.a(PUSH_BUTTON_INPUT.o)
 .debug_aranges
                0x000000f8       0x40 .\CortexM0\ARM_GCC_493\Debug\Auto Shut-OFF_SOIC8.a(SUPPLY_ENABLE.o)
 .debug_aranges
                0x00000138      0x158 .\CortexM0\ARM_GCC_493\Debug\Auto Shut-OFF_SOIC8.a(PWM.o)
 .debug_aranges
                0x00000290       0x40 .\CortexM0\ARM_GCC_493\Debug\Auto Shut-OFF_SOIC8.a(PWM_CLOCK.o)
 .debug_aranges
                0x000002d0       0x80 .\CortexM0\ARM_GCC_493\Debug\Auto Shut-OFF_SOIC8.a(PWM_isr.o)
 .debug_aranges
                0x00000350       0x80 .\CortexM0\ARM_GCC_493\Debug\Auto Shut-OFF_SOIC8.a(Push_Button_isr.o)
 .debug_aranges
                0x000003d0       0x20 .\CortexM0\ARM_GCC_493\Debug\Auto Shut-OFF_SOIC8.a(CyBootAsmGnu.o)
 .debug_aranges
                0x000003f0      0x160 .\CortexM0\ARM_GCC_493\Debug\Auto Shut-OFF_SOIC8.a(CyLib.o)
 .debug_aranges
                0x00000550       0xb0 .\CortexM0\ARM_GCC_493\Debug\Auto Shut-OFF_SOIC8.a(CyLFClk.o)
 .debug_aranges
                0x00000600       0x50 .\CortexM0\ARM_GCC_493\Debug\Auto Shut-OFF_SOIC8.a(SW_Tx_UART.o)
 .debug_aranges
                0x00000650       0x20 .\CortexM0\ARM_GCC_493\Debug\Auto Shut-OFF_SOIC8.a(SW_Tx_UART_AsmGnu.o)

.debug_pubnames
 *(.debug_pubnames)

.debug_info     0x00000000     0x2ee9
 *(.debug_info .gnu.linkonce.wi.*)
 .debug_info    0x00000000      0x438 .\CortexM0\ARM_GCC_493\Debug\main.o
 .debug_info    0x00000438       0xfe .\CortexM0\ARM_GCC_493\Debug\cymetadata.o
 .debug_info    0x00000536      0x39c .\CortexM0\ARM_GCC_493\Debug\Cm0Start.o
 .debug_info    0x000008d2       0xf6 .\CortexM0\ARM_GCC_493\Debug\Auto Shut-OFF_SOIC8.a(cyfitter_cfg.o)
 .debug_info    0x000009c8      0x152 .\CortexM0\ARM_GCC_493\Debug\Auto Shut-OFF_SOIC8.a(PUSH_BUTTON_INPUT.o)
 .debug_info    0x00000b1a      0x152 .\CortexM0\ARM_GCC_493\Debug\Auto Shut-OFF_SOIC8.a(SUPPLY_ENABLE.o)
 .debug_info    0x00000c6c      0x96c .\CortexM0\ARM_GCC_493\Debug\Auto Shut-OFF_SOIC8.a(PWM.o)
 .debug_info    0x000015d8      0x166 .\CortexM0\ARM_GCC_493\Debug\Auto Shut-OFF_SOIC8.a(PWM_CLOCK.o)
 .debug_info    0x0000173e      0x300 .\CortexM0\ARM_GCC_493\Debug\Auto Shut-OFF_SOIC8.a(PWM_isr.o)
 .debug_info    0x00001a3e      0x300 .\CortexM0\ARM_GCC_493\Debug\Auto Shut-OFF_SOIC8.a(Push_Button_isr.o)
 .debug_info    0x00001d3e       0xd5 .\CortexM0\ARM_GCC_493\Debug\Auto Shut-OFF_SOIC8.a(CyBootAsmGnu.o)
 .debug_info    0x00001e13      0xa0f .\CortexM0\ARM_GCC_493\Debug\Auto Shut-OFF_SOIC8.a(CyLib.o)
 .debug_info    0x00002822      0x327 .\CortexM0\ARM_GCC_493\Debug\Auto Shut-OFF_SOIC8.a(CyLFClk.o)
 .debug_info    0x00002b49      0x2c6 .\CortexM0\ARM_GCC_493\Debug\Auto Shut-OFF_SOIC8.a(SW_Tx_UART.o)
 .debug_info    0x00002e0f       0xda .\CortexM0\ARM_GCC_493\Debug\Auto Shut-OFF_SOIC8.a(SW_Tx_UART_AsmGnu.o)

.debug_abbrev   0x00000000      0xfb5
 *(.debug_abbrev)
 .debug_abbrev  0x00000000      0x147 .\CortexM0\ARM_GCC_493\Debug\main.o
 .debug_abbrev  0x00000147       0x5d .\CortexM0\ARM_GCC_493\Debug\cymetadata.o
 .debug_abbrev  0x000001a4      0x1fe .\CortexM0\ARM_GCC_493\Debug\Cm0Start.o
 .debug_abbrev  0x000003a2       0xaa .\CortexM0\ARM_GCC_493\Debug\Auto Shut-OFF_SOIC8.a(cyfitter_cfg.o)
 .debug_abbrev  0x0000044c       0xaa .\CortexM0\ARM_GCC_493\Debug\Auto Shut-OFF_SOIC8.a(PUSH_BUTTON_INPUT.o)
 .debug_abbrev  0x000004f6       0xaa .\CortexM0\ARM_GCC_493\Debug\Auto Shut-OFF_SOIC8.a(SUPPLY_ENABLE.o)
 .debug_abbrev  0x000005a0      0x14f .\CortexM0\ARM_GCC_493\Debug\Auto Shut-OFF_SOIC8.a(PWM.o)
 .debug_abbrev  0x000006ef       0xb7 .\CortexM0\ARM_GCC_493\Debug\Auto Shut-OFF_SOIC8.a(PWM_CLOCK.o)
 .debug_abbrev  0x000007a6      0x1b4 .\CortexM0\ARM_GCC_493\Debug\Auto Shut-OFF_SOIC8.a(PWM_isr.o)
 .debug_abbrev  0x0000095a      0x1b4 .\CortexM0\ARM_GCC_493\Debug\Auto Shut-OFF_SOIC8.a(Push_Button_isr.o)
 .debug_abbrev  0x00000b0e       0x14 .\CortexM0\ARM_GCC_493\Debug\Auto Shut-OFF_SOIC8.a(CyBootAsmGnu.o)
 .debug_abbrev  0x00000b22      0x206 .\CortexM0\ARM_GCC_493\Debug\Auto Shut-OFF_SOIC8.a(CyLib.o)
 .debug_abbrev  0x00000d28      0x169 .\CortexM0\ARM_GCC_493\Debug\Auto Shut-OFF_SOIC8.a(CyLFClk.o)
 .debug_abbrev  0x00000e91      0x110 .\CortexM0\ARM_GCC_493\Debug\Auto Shut-OFF_SOIC8.a(SW_Tx_UART.o)
 .debug_abbrev  0x00000fa1       0x14 .\CortexM0\ARM_GCC_493\Debug\Auto Shut-OFF_SOIC8.a(SW_Tx_UART_AsmGnu.o)

.debug_line     0x00000000     0x154e
 *(.debug_line)
 .debug_line    0x00000000      0x13a .\CortexM0\ARM_GCC_493\Debug\main.o
 .debug_line    0x0000013a       0x53 .\CortexM0\ARM_GCC_493\Debug\cymetadata.o
 .debug_line    0x0000018d      0x257 .\CortexM0\ARM_GCC_493\Debug\Cm0Start.o
 .debug_line    0x000003e4       0x86 .\CortexM0\ARM_GCC_493\Debug\Auto Shut-OFF_SOIC8.a(cyfitter_cfg.o)
 .debug_line    0x0000046a       0xb7 .\CortexM0\ARM_GCC_493\Debug\Auto Shut-OFF_SOIC8.a(PUSH_BUTTON_INPUT.o)
 .debug_line    0x00000521       0xb3 .\CortexM0\ARM_GCC_493\Debug\Auto Shut-OFF_SOIC8.a(SUPPLY_ENABLE.o)
 .debug_line    0x000005d4      0x3c6 .\CortexM0\ARM_GCC_493\Debug\Auto Shut-OFF_SOIC8.a(PWM.o)
 .debug_line    0x0000099a       0xd7 .\CortexM0\ARM_GCC_493\Debug\Auto Shut-OFF_SOIC8.a(PWM_CLOCK.o)
 .debug_line    0x00000a71      0x16c .\CortexM0\ARM_GCC_493\Debug\Auto Shut-OFF_SOIC8.a(PWM_isr.o)
 .debug_line    0x00000bdd      0x170 .\CortexM0\ARM_GCC_493\Debug\Auto Shut-OFF_SOIC8.a(Push_Button_isr.o)
 .debug_line    0x00000d4d       0x6b .\CortexM0\ARM_GCC_493\Debug\Auto Shut-OFF_SOIC8.a(CyBootAsmGnu.o)
 .debug_line    0x00000db8      0x404 .\CortexM0\ARM_GCC_493\Debug\Auto Shut-OFF_SOIC8.a(CyLib.o)
 .debug_line    0x000011bc      0x1f5 .\CortexM0\ARM_GCC_493\Debug\Auto Shut-OFF_SOIC8.a(CyLFClk.o)
 .debug_line    0x000013b1       0xf8 .\CortexM0\ARM_GCC_493\Debug\Auto Shut-OFF_SOIC8.a(SW_Tx_UART.o)
 .debug_line    0x000014a9       0xa5 .\CortexM0\ARM_GCC_493\Debug\Auto Shut-OFF_SOIC8.a(SW_Tx_UART_AsmGnu.o)

.debug_frame    0x00000000      0xea4
 *(.debug_frame)
 .debug_frame   0x00000000       0x64 .\CortexM0\ARM_GCC_493\Debug\main.o
 .debug_frame   0x00000064       0xb0 .\CortexM0\ARM_GCC_493\Debug\Cm0Start.o
 .debug_frame   0x00000114       0x48 .\CortexM0\ARM_GCC_493\Debug\Auto Shut-OFF_SOIC8.a(cyfitter_cfg.o)
 .debug_frame   0x0000015c       0x60 .\CortexM0\ARM_GCC_493\Debug\Auto Shut-OFF_SOIC8.a(PUSH_BUTTON_INPUT.o)
 .debug_frame   0x000001bc       0x60 .\CortexM0\ARM_GCC_493\Debug\Auto Shut-OFF_SOIC8.a(SUPPLY_ENABLE.o)
 .debug_frame   0x0000021c      0x390 .\CortexM0\ARM_GCC_493\Debug\Auto Shut-OFF_SOIC8.a(PWM.o)
 .debug_frame   0x000005ac       0x6c .\CortexM0\ARM_GCC_493\Debug\Auto Shut-OFF_SOIC8.a(PWM_CLOCK.o)
 .debug_frame   0x00000618      0x110 .\CortexM0\ARM_GCC_493\Debug\Auto Shut-OFF_SOIC8.a(PWM_isr.o)
 .debug_frame   0x00000728      0x110 .\CortexM0\ARM_GCC_493\Debug\Auto Shut-OFF_SOIC8.a(Push_Button_isr.o)
 .debug_frame   0x00000838      0x394 .\CortexM0\ARM_GCC_493\Debug\Auto Shut-OFF_SOIC8.a(CyLib.o)
 .debug_frame   0x00000bcc      0x15c .\CortexM0\ARM_GCC_493\Debug\Auto Shut-OFF_SOIC8.a(CyLFClk.o)
 .debug_frame   0x00000d28       0xc8 .\CortexM0\ARM_GCC_493\Debug\Auto Shut-OFF_SOIC8.a(SW_Tx_UART.o)
 .debug_frame   0x00000df0       0x20 c:/program files (x86)/cypress/psoc creator/3.3/psoc creator/import/gnu/arm/4.9.3/bin/../lib/gcc/arm-none-eabi/4.9.3/armv6-m\libgcc.a(_udivsi3.o)
 .debug_frame   0x00000e10       0x20 c:/program files (x86)/cypress/psoc creator/3.3/psoc creator/import/gnu/arm/4.9.3/bin/../lib/gcc/arm-none-eabi/4.9.3/../../../../arm-none-eabi/lib/armv6-m\libg_nano.a(lib_a-errno.o)
 .debug_frame   0x00000e30       0x28 c:/program files (x86)/cypress/psoc creator/3.3/psoc creator/import/gnu/arm/4.9.3/bin/../lib/gcc/arm-none-eabi/4.9.3/../../../../arm-none-eabi/lib/armv6-m\libg_nano.a(lib_a-exit.o)
 .debug_frame   0x00000e58       0x2c c:/program files (x86)/cypress/psoc creator/3.3/psoc creator/import/gnu/arm/4.9.3/bin/../lib/gcc/arm-none-eabi/4.9.3/../../../../arm-none-eabi/lib/armv6-m\libg_nano.a(lib_a-init.o)
 .debug_frame   0x00000e84       0x20 c:/program files (x86)/cypress/psoc creator/3.3/psoc creator/import/gnu/arm/4.9.3/bin/../lib/gcc/arm-none-eabi/4.9.3/../../../../arm-none-eabi/lib/armv6-m\libg_nano.a(lib_a-memset.o)

.debug_str      0x00000000     0x14e3
 *(.debug_str)
 .debug_str     0x00000000      0x369 .\CortexM0\ARM_GCC_493\Debug\main.o
                                0x3ae (size before relaxing)
 .debug_str     0x00000369       0x5b .\CortexM0\ARM_GCC_493\Debug\cymetadata.o
                                0x213 (size before relaxing)
 .debug_str     0x000003c4      0x15f .\CortexM0\ARM_GCC_493\Debug\Cm0Start.o
                                0x34a (size before relaxing)
 .debug_str     0x00000523       0x48 .\CortexM0\ARM_GCC_493\Debug\Auto Shut-OFF_SOIC8.a(cyfitter_cfg.o)
                                0x214 (size before relaxing)
 .debug_str     0x0000056b       0xb7 .\CortexM0\ARM_GCC_493\Debug\Auto Shut-OFF_SOIC8.a(PUSH_BUTTON_INPUT.o)
                                0x294 (size before relaxing)
 .debug_str     0x00000622       0x8e .\CortexM0\ARM_GCC_493\Debug\Auto Shut-OFF_SOIC8.a(SUPPLY_ENABLE.o)
                                0x27c (size before relaxing)
 .debug_str     0x000006b0      0x3ab .\CortexM0\ARM_GCC_493\Debug\Auto Shut-OFF_SOIC8.a(PWM.o)
                                0x5a9 (size before relaxing)
 .debug_str     0x00000a5b       0xcc .\CortexM0\ARM_GCC_493\Debug\Auto Shut-OFF_SOIC8.a(PWM_CLOCK.o)
                                0x2a8 (size before relaxing)
 .debug_str     0x00000b27      0x10e .\CortexM0\ARM_GCC_493\Debug\Auto Shut-OFF_SOIC8.a(PWM_isr.o)
                                0x33f (size before relaxing)
 .debug_str     0x00000c35      0x15c .\CortexM0\ARM_GCC_493\Debug\Auto Shut-OFF_SOIC8.a(Push_Button_isr.o)
                                0x3af (size before relaxing)
 .debug_str     0x00000d91      0x3f5 .\CortexM0\ARM_GCC_493\Debug\Auto Shut-OFF_SOIC8.a(CyLib.o)
                                0x642 (size before relaxing)
 .debug_str     0x00001186      0x253 .\CortexM0\ARM_GCC_493\Debug\Auto Shut-OFF_SOIC8.a(CyLFClk.o)
                                0x446 (size before relaxing)
 .debug_str     0x000013d9      0x10a .\CortexM0\ARM_GCC_493\Debug\Auto Shut-OFF_SOIC8.a(SW_Tx_UART.o)
                                0x32a (size before relaxing)

.debug_loc      0x00000000     0x11f7
 *(.debug_loc)
 .debug_loc     0x00000000      0x14f .\CortexM0\ARM_GCC_493\Debug\Cm0Start.o
 .debug_loc     0x0000014f       0x81 .\CortexM0\ARM_GCC_493\Debug\Auto Shut-OFF_SOIC8.a(PUSH_BUTTON_INPUT.o)
 .debug_loc     0x000001d0       0x81 .\CortexM0\ARM_GCC_493\Debug\Auto Shut-OFF_SOIC8.a(SUPPLY_ENABLE.o)
 .debug_loc     0x00000251      0x5b3 .\CortexM0\ARM_GCC_493\Debug\Auto Shut-OFF_SOIC8.a(PWM.o)
 .debug_loc     0x00000804       0x76 .\CortexM0\ARM_GCC_493\Debug\Auto Shut-OFF_SOIC8.a(PWM_CLOCK.o)
 .debug_loc     0x0000087a       0x82 .\CortexM0\ARM_GCC_493\Debug\Auto Shut-OFF_SOIC8.a(PWM_isr.o)
 .debug_loc     0x000008fc       0x82 .\CortexM0\ARM_GCC_493\Debug\Auto Shut-OFF_SOIC8.a(Push_Button_isr.o)
 .debug_loc     0x0000097e      0x4ec .\CortexM0\ARM_GCC_493\Debug\Auto Shut-OFF_SOIC8.a(CyLib.o)
 .debug_loc     0x00000e6a      0x260 .\CortexM0\ARM_GCC_493\Debug\Auto Shut-OFF_SOIC8.a(CyLFClk.o)
 .debug_loc     0x000010ca      0x12d .\CortexM0\ARM_GCC_493\Debug\Auto Shut-OFF_SOIC8.a(SW_Tx_UART.o)

.debug_macinfo
 *(.debug_macinfo)

.debug_ranges   0x00000000      0x558
 *(.debug_ranges)
 .debug_ranges  0x00000000       0x20 .\CortexM0\ARM_GCC_493\Debug\main.o
 .debug_ranges  0x00000020       0x38 .\CortexM0\ARM_GCC_493\Debug\Cm0Start.o
 .debug_ranges  0x00000058       0x18 .\CortexM0\ARM_GCC_493\Debug\Auto Shut-OFF_SOIC8.a(cyfitter_cfg.o)
 .debug_ranges  0x00000070       0x30 .\CortexM0\ARM_GCC_493\Debug\Auto Shut-OFF_SOIC8.a(PUSH_BUTTON_INPUT.o)
 .debug_ranges  0x000000a0       0x30 .\CortexM0\ARM_GCC_493\Debug\Auto Shut-OFF_SOIC8.a(SUPPLY_ENABLE.o)
 .debug_ranges  0x000000d0      0x148 .\CortexM0\ARM_GCC_493\Debug\Auto Shut-OFF_SOIC8.a(PWM.o)
 .debug_ranges  0x00000218       0x30 .\CortexM0\ARM_GCC_493\Debug\Auto Shut-OFF_SOIC8.a(PWM_CLOCK.o)
 .debug_ranges  0x00000248       0x70 .\CortexM0\ARM_GCC_493\Debug\Auto Shut-OFF_SOIC8.a(PWM_isr.o)
 .debug_ranges  0x000002b8       0x70 .\CortexM0\ARM_GCC_493\Debug\Auto Shut-OFF_SOIC8.a(Push_Button_isr.o)
 .debug_ranges  0x00000328      0x150 .\CortexM0\ARM_GCC_493\Debug\Auto Shut-OFF_SOIC8.a(CyLib.o)
 .debug_ranges  0x00000478       0xa0 .\CortexM0\ARM_GCC_493\Debug\Auto Shut-OFF_SOIC8.a(CyLFClk.o)
 .debug_ranges  0x00000518       0x40 .\CortexM0\ARM_GCC_493\Debug\Auto Shut-OFF_SOIC8.a(SW_Tx_UART.o)

.comment        0x00000000       0x70
 .comment       0x00000000       0x70 .\CortexM0\ARM_GCC_493\Debug\main.o
                                 0x71 (size before relaxing)
 .comment       0x00000000       0x71 .\CortexM0\ARM_GCC_493\Debug\cymetadata.o
 .comment       0x00000000       0x71 .\CortexM0\ARM_GCC_493\Debug\Cm0Start.o
 .comment       0x00000000       0x71 .\CortexM0\ARM_GCC_493\Debug\Auto Shut-OFF_SOIC8.a(cyfitter_cfg.o)
 .comment       0x00000000       0x71 .\CortexM0\ARM_GCC_493\Debug\Auto Shut-OFF_SOIC8.a(PUSH_BUTTON_INPUT.o)
 .comment       0x00000000       0x71 .\CortexM0\ARM_GCC_493\Debug\Auto Shut-OFF_SOIC8.a(SUPPLY_ENABLE.o)
 .comment       0x00000000       0x71 .\CortexM0\ARM_GCC_493\Debug\Auto Shut-OFF_SOIC8.a(PWM.o)
 .comment       0x00000000       0x71 .\CortexM0\ARM_GCC_493\Debug\Auto Shut-OFF_SOIC8.a(PWM_CLOCK.o)
 .comment       0x00000000       0x71 .\CortexM0\ARM_GCC_493\Debug\Auto Shut-OFF_SOIC8.a(PWM_isr.o)
 .comment       0x00000000       0x71 .\CortexM0\ARM_GCC_493\Debug\Auto Shut-OFF_SOIC8.a(Push_Button_isr.o)
 .comment       0x00000000       0x71 .\CortexM0\ARM_GCC_493\Debug\Auto Shut-OFF_SOIC8.a(CyLib.o)
 .comment       0x00000000       0x71 .\CortexM0\ARM_GCC_493\Debug\Auto Shut-OFF_SOIC8.a(CyLFClk.o)
 .comment       0x00000000       0x71 .\CortexM0\ARM_GCC_493\Debug\Auto Shut-OFF_SOIC8.a(SW_Tx_UART.o)

.debug_weaknames
 *(.debug_weaknames)

.debug_funcnames
 *(.debug_funcnames)

.debug_typenames
 *(.debug_typenames)

.debug_varnames
 *(.debug_varnames)

.note.gnu.arm.ident
 *(.note.gnu.arm.ident)

.ARM.attributes
                0x00000000       0x28
 *(.ARM.attributes)
 .ARM.attributes
                0x00000000       0x1e c:/program files (x86)/cypress/psoc creator/3.3/psoc creator/import/gnu/arm/4.9.3/bin/../lib/gcc/arm-none-eabi/4.9.3/armv6-m/crti.o
 .ARM.attributes
                0x0000001e       0x2c c:/program files (x86)/cypress/psoc creator/3.3/psoc creator/import/gnu/arm/4.9.3/bin/../lib/gcc/arm-none-eabi/4.9.3/armv6-m/crtbegin.o
 .ARM.attributes
                0x0000004a       0x1b c:/program files (x86)/cypress/psoc creator/3.3/psoc creator/import/gnu/arm/4.9.3/bin/../lib/gcc/arm-none-eabi/4.9.3/../../../../arm-none-eabi/lib/armv6-m/crt0.o
 .ARM.attributes
                0x00000065       0x31 .\CortexM0\ARM_GCC_493\Debug\main.o
 .ARM.attributes
                0x00000096       0x31 .\CortexM0\ARM_GCC_493\Debug\cymetadata.o
 .ARM.attributes
                0x000000c7       0x31 .\CortexM0\ARM_GCC_493\Debug\Cm0Start.o
 .ARM.attributes
                0x000000f8       0x31 .\CortexM0\ARM_GCC_493\Debug\Auto Shut-OFF_SOIC8.a(cyfitter_cfg.o)
 .ARM.attributes
                0x00000129       0x31 .\CortexM0\ARM_GCC_493\Debug\Auto Shut-OFF_SOIC8.a(PUSH_BUTTON_INPUT.o)
 .ARM.attributes
                0x0000015a       0x31 .\CortexM0\ARM_GCC_493\Debug\Auto Shut-OFF_SOIC8.a(SUPPLY_ENABLE.o)
 .ARM.attributes
                0x0000018b       0x31 .\CortexM0\ARM_GCC_493\Debug\Auto Shut-OFF_SOIC8.a(PWM.o)
 .ARM.attributes
                0x000001bc       0x31 .\CortexM0\ARM_GCC_493\Debug\Auto Shut-OFF_SOIC8.a(PWM_CLOCK.o)
 .ARM.attributes
                0x000001ed       0x31 .\CortexM0\ARM_GCC_493\Debug\Auto Shut-OFF_SOIC8.a(PWM_isr.o)
 .ARM.attributes
                0x0000021e       0x31 .\CortexM0\ARM_GCC_493\Debug\Auto Shut-OFF_SOIC8.a(Push_Button_isr.o)
 .ARM.attributes
                0x0000024f       0x21 .\CortexM0\ARM_GCC_493\Debug\Auto Shut-OFF_SOIC8.a(CyBootAsmGnu.o)
 .ARM.attributes
                0x00000270       0x31 .\CortexM0\ARM_GCC_493\Debug\Auto Shut-OFF_SOIC8.a(CyLib.o)
 .ARM.attributes
                0x000002a1       0x31 .\CortexM0\ARM_GCC_493\Debug\Auto Shut-OFF_SOIC8.a(CyLFClk.o)
 .ARM.attributes
                0x000002d2       0x31 .\CortexM0\ARM_GCC_493\Debug\Auto Shut-OFF_SOIC8.a(SW_Tx_UART.o)
 .ARM.attributes
                0x00000303       0x21 .\CortexM0\ARM_GCC_493\Debug\Auto Shut-OFF_SOIC8.a(SW_Tx_UART_AsmGnu.o)
 .ARM.attributes
                0x00000324       0x1e c:/program files (x86)/cypress/psoc creator/3.3/psoc creator/import/gnu/arm/4.9.3/bin/../lib/gcc/arm-none-eabi/4.9.3/armv6-m\libgcc.a(_udivsi3.o)
 .ARM.attributes
                0x00000342       0x1e c:/program files (x86)/cypress/psoc creator/3.3/psoc creator/import/gnu/arm/4.9.3/bin/../lib/gcc/arm-none-eabi/4.9.3/armv6-m\libgcc.a(_dvmd_tls.o)
 .ARM.attributes
                0x00000360       0x2c c:/program files (x86)/cypress/psoc creator/3.3/psoc creator/import/gnu/arm/4.9.3/bin/../lib/gcc/arm-none-eabi/4.9.3/../../../../arm-none-eabi/lib/armv6-m\libg_nano.a(lib_a-errno.o)
 .ARM.attributes
                0x0000038c       0x2c c:/program files (x86)/cypress/psoc creator/3.3/psoc creator/import/gnu/arm/4.9.3/bin/../lib/gcc/arm-none-eabi/4.9.3/../../../../arm-none-eabi/lib/armv6-m\libg_nano.a(lib_a-exit.o)
 .ARM.attributes
                0x000003b8       0x2c c:/program files (x86)/cypress/psoc creator/3.3/psoc creator/import/gnu/arm/4.9.3/bin/../lib/gcc/arm-none-eabi/4.9.3/../../../../arm-none-eabi/lib/armv6-m\libg_nano.a(lib_a-impure.o)
 .ARM.attributes
                0x000003e4       0x2c c:/program files (x86)/cypress/psoc creator/3.3/psoc creator/import/gnu/arm/4.9.3/bin/../lib/gcc/arm-none-eabi/4.9.3/../../../../arm-none-eabi/lib/armv6-m\libg_nano.a(lib_a-init.o)
 .ARM.attributes
                0x00000410       0x2c c:/program files (x86)/cypress/psoc creator/3.3/psoc creator/import/gnu/arm/4.9.3/bin/../lib/gcc/arm-none-eabi/4.9.3/../../../../arm-none-eabi/lib/armv6-m\libg_nano.a(lib_a-memset.o)
 .ARM.attributes
                0x0000043c       0x2c c:/program files (x86)/cypress/psoc creator/3.3/psoc creator/import/gnu/arm/4.9.3/bin/../lib/gcc/arm-none-eabi/4.9.3/armv6-m/crtend.o
 .ARM.attributes
                0x00000468       0x1e c:/program files (x86)/cypress/psoc creator/3.3/psoc creator/import/gnu/arm/4.9.3/bin/../lib/gcc/arm-none-eabi/4.9.3/armv6-m/crtn.o

/DISCARD/
 *(.note.GNU-stack)
OUTPUT(.\CortexM0\ARM_GCC_493\Debug\Auto Shut-OFF_SOIC8.elf elf32-littlearm)
